******************************************************************************
                  TI ARM Linker PC v20.2.7                     
******************************************************************************
>> Linked Fri Mar 31 22:21:11 2023

OUTPUT FILE NAME:   <gpiointerrupt_CC3220S_LAUNCHXL_nortos_ccs.out>
ENTRY POINT SYMBOL: "resetISR"  address: 2000e92d


MEMORY CONFIGURATION

         name            origin    length      used     unused   attr    fill
----------------------  --------  ---------  --------  --------  ----  --------
  SRAM2                 20000000   00004000  0000130c  00002cf4  RW X
  SRAM                  20004000   0003c000  0000b8b2  0003074e  RW X
  LOG_DATA              90000000   00040000  00000000  00040000  R   


SEGMENT ALLOCATION MAP

run origin  load origin   length   init length attrs members
----------  ----------- ---------- ----------- ----- -------
20003000    20003000    00001000   00000000    rw-
  20003000    20003000    00001000   00000000    rw- .stack
20004000    20004000    00000040   00000040    r--
  20004000    20004000    00000040   00000040    r-- .resetVecs
20004040    20004040    00008000   00000000    rw-
  20004040    20004040    00008000   00000000    rw- .sysmem
2000c040    2000c040    00002bb2   00002bb2    r-x
  2000c040    2000c040    00002bb2   00002bb2    r-x .text
2000ebf4    2000ebf4    00000620   00000000    rw-
  2000ebf4    2000ebf4    00000620   00000000    rw- .data
2000f218    2000f218    000002f8   00000000    rw-
  2000f218    2000f218    000002f8   00000000    rw- .bss
2000f510    2000f510    000003a8   000003a8    r--
  2000f510    2000f510    000002b0   000002b0    r-- .const
  2000f7c0    2000f7c0    000000f8   000000f8    r-- .cinit


SECTION ALLOCATION MAP

 output                                  attributes/
section   page    origin      length       input sections
--------  ----  ----------  ----------   ----------------
.text      0    2000c040    00002bb2     
                  2000c040    0000042c     driverlib.a : prcm.obj (.text:PRCMCC3200MCUInit)
                  2000c46c    000001b8     gpiointerrupt.obj (.text:TickFct_Morse)
                  2000c624    000001a0     nortos_cc32xx.a : PowerCC32XX_nortos.oem4 (.text:PowerCC32XX_sleepPolicy)
                  2000c7c4    00000154     drivers_cc32xx.a : GPIOCC32XX.oem4 (.text:GPIO_setConfig)
                  2000c918    00000148                      : PowerCC32XX.oem4 (.text:parkPins)
                  2000ca60    00000138                      : PowerCC32XX.oem4 (.text:Power_sleep)
                  2000cb98    00000138                      : TimerCC32XX.oem4 (.text:Timer_open)
                  2000ccd0    00000100     rtsv7M4_T_le_eabi.lib : memory.c.obj (.text:aligned_alloc)
                  2000cdd0    000000e4                           : memory.c.obj (.text:free)
                  2000ceb4    000000c0     drivers_cc32xx.a : PowerCC32XX.oem4 (.text:restoreParkedPins)
                  2000cf74    000000a8     driverlib.a : interrupt.obj (.text:IntEnable)
                  2000d01c    000000a8     drivers_cc32xx.a : PowerCC32XX.oem4 (.text:PowerCC32XX_configureWakeup)
                  2000d0c4    000000a0     nortos_cc32xx.a : SemaphoreP_nortos.oem4 (.text:SemaphoreP_pend)
                  2000d164    0000009c     rtsv7M4_T_le_eabi.lib : memcpy_t2.asm.obj (.text)
                  2000d200    00000096                           : ull_div_t2.asm.obj (.text)
                  2000d296    00000002     ti_drivers_config.obj (.text:Board_initHook)
                  2000d298    00000090     drivers_cc32xx.a : GPIOCC32XX.oem4 (.text:GPIO_init)
                  2000d328    00000090                      : PowerCC32XX.oem4 (.text:restoreNVICRegs)
                  2000d3b8    0000008c     nortos_cc32xx.a : HwiPCC32XX_nortos.oem4 (.text:HwiP_construct)
                  2000d444    00000088     driverlib.a : interrupt.obj (.text:IntPendSet)
                  2000d4cc    00000088                 : pin.obj (.text:PinConfigSet)
                  2000d554    00000084     drivers_cc32xx.a : PowerCC32XX.oem4 (.text:Power_init)
                  2000d5d8    00000084                      : PowerCC32XX.oem4 (.text:saveNVICRegs)
                  2000d65c    00000080                      : PowerCC32XX.oem4 (.text:Power_setDependency)
                  2000d6dc    00000074                      : GPIOCC32XX.oem4 (.text:powerNotifyFxn)
                  2000d750    00000070     rtsv7M4_T_le_eabi.lib : memory.c.obj (.text:split)
                  2000d7c0    00000068                           : copy_decompress_lzss.c.obj (.text:decompress:lzss:__TI_decompress_lzss)
                  2000d828    00000068     gpiointerrupt.obj (.text:mainThread)
                  2000d890    00000064     drivers_cc32xx.a : GPIOCC32XX.oem4 (.text:GPIO_setInterruptConfig)
                  2000d8f4    00000064                      : PowerCC32XX.oem4 (.text:PowerCC32XX_setParkState)
                  2000d958    00000060                      : GPIOCC32XX.oem4 (.text:GPIO_hwiIntFxn)
                  2000d9b8    00000060                      : GPIOCC32XX.oem4 (.text:GPIO_toggle)
                  2000da18    00000060     driverlib.a : prcm.obj (.text:PRCMSysResetCauseGet)
                  2000da78    0000005c     nortos_cc32xx.a : ClockPSysTick_nortos.oem4 (.text:sysTickInit)
                  2000dad4    00000058     driverlib.a : prcm.obj (.text:PRCMPeripheralReset)
                  2000db2c    00000058     drivers_cc32xx.a : PowerCC32XX.oem4 (.text:Power_releaseDependency)
                  2000db84    00000052                      : PowerCC32XX_asm.oem4 (.text:PowerCC32XX_resumeLPDS)
                  2000dbd6    00000052                      : TimerCC32XX.oem4 (.text:initHw)
                  2000dc28    00000050     nortos_cc32xx.a : ClockPSysTick_nortos.oem4 (.text:ClockP_sysTickHandler)
                  2000dc78    00000050                     : SemaphoreP_nortos.oem4 (.text:SemaphoreP_construct)
                  2000dcc8    00000050     drivers_cc32xx.a : TimerCC32XX.oem4 (.text:TimerCC32XX_allocateTimerResource)
                  2000dd18    0000004c                      : PowerCC32XX.oem4 (.text:PowerCC32XX_parkPin)
                  2000dd64    0000004c                      : PowerCC32XX.oem4 (.text:restorePeriphClocks)
                  2000ddb0    00000048     driverlib.a : flash.obj (.text:FlashDisable)
                  2000ddf8    00000048     drivers_cc32xx.a : GPIOCC32XX.oem4 (.text:GPIO_disableInt)
                  2000de40    00000048                      : GPIOCC32XX.oem4 (.text:GPIO_enableInt)
                  2000de88    00000048     driverlib.a : prcm.obj (.text:PRCMLPDSEnter)
                  2000ded0    00000048                 : prcm.obj (.text:PRCMPeripheralClkEnable)
                  2000df18    00000048     drivers_cc32xx.a : PowerCC32XX.oem4 (.text:Power_releaseConstraint)
                  2000df60    00000046                      : TimerCC32XX.oem4 (.text:getPrescaler)
                  2000dfa6    00000002     nortos_cc32xx.a : PowerCC32XX_nortos.oem4 (.text:PowerCC32XX_initPolicy)
                  2000dfa8    00000044                     : ClockPSysTick_nortos.oem4 (.text:ClockP_stop)
                  2000dfec    00000044     driverlib.a : prcm.obj (.text:PRCMLPDSRestoreInfoSet)
                  2000e030    00000044     drivers_cc32xx.a : PowerCC32XX_asm.oem4 (.text:PowerCC32XX_enterLPDS)
                  2000e074    00000044     nortos_cc32xx.a : SemaphoreP_nortos.oem4 (.text:SemaphoreP_post)
                  2000e0b8    00000044                     : SwiP_nortos.oem4 (.text:SwiP_restore)
                  2000e0fc    00000044     drivers_cc32xx.a : Timer.oem4 (.text:Timer_start)
                  2000e140    00000044     rtsv7M4_T_le_eabi.lib : autoinit.c.obj (.text:__TI_auto_init_nobinit_nopinit:__TI_auto_init_nobinit_nopinit)
                  2000e184    00000040     driverlib.a : pin.obj (.text:PinModeSet)
                  2000e1c4    00000040     drivers_cc32xx.a : TimerCC32XX.oem4 (.text:TimerSupport_timerEnable)
                  2000e204    00000040                      : TimerCC32XX.oem4 (.text:Timer_close)
                  2000e244    00000040     gpiointerrupt.obj (.text:initTimer)
                  2000e284    0000003c     nortos_cc32xx.a : ClockPSysTick_nortos.oem4 (.text:ClockP_destruct)
                  2000e2c0    0000003c     drivers_cc32xx.a : PowerCC32XX.oem4 (.text:Power_setConstraint)
                  2000e2fc    0000003a     nortos_cc32xx.a : PowerCC32XX_nortos.oem4 (.text:getCountsRTC)
                  2000e336    00000002                     : SemaphoreP_nortos.oem4 (.text:SemaphoreP_destruct)
                  2000e338    00000038     driverlib.a : prcm.obj (.text:PRCMLPDSEnterKeepDebugIf)
                  2000e370    00000038     nortos_cc32xx.a : ClockPSysTick_nortos.oem4 (.text:addToList)
                  2000e3a8    00000038                     : startup_cc32xx_ccs.oem4 (.text:initVectors)
                  2000e3e0    00000038     drivers_cc32xx.a : PowerCC32XX.oem4 (.text:notify)
                  2000e418    00000036     driverlib.a : timer.obj (.text:TimerControlStall)
                  2000e44e    00000036     drivers_cc32xx.a : Timer.oem4 (.text:Timer_stop)
                  2000e484    00000034     nortos_cc32xx.a : ClockPSysTick_nortos.oem4 (.text:ClockP_getTicksUntilInterrupt)
                  2000e4b8    00000034                     : ClockPSysTick_nortos.oem4 (.text:ClockP_startup)
                  2000e4ec    00000034     driverlib.a : pin.obj (.text:PinModeGet)
                  2000e520    00000034     drivers_cc32xx.a : TimerCC32XX.oem4 (.text:TimerCC32XX_freeTimerResource)
                  2000e554    00000034                      : TimerCC32XX.oem4 (.text:TimerCC32XX_hwiIntFunction)
                  2000e588    00000034                      : TimerCC32XX.oem4 (.text:getPowerMgrId)
                  2000e5bc    00000030     nortos_cc32xx.a : ClockPSysTick_nortos.oem4 (.text:ClockP_start)
                  2000e5ec    00000030     drivers_cc32xx.a : PowerCC32XX.oem4 (.text:PowerCC32XX_restoreParkedPin)
                  2000e61c    0000002a     nortos_cc32xx.a : HwiPCC32XX_nortos.oem4 (.text:HwiP_create)
                  2000e646    0000002a     driverlib.a : timer.obj (.text:TimerLoadSet)
                  2000e670    0000002a                 : timer.obj (.text:TimerPrescaleSet)
                  2000e69a    00000002     drivers_cc32xx.a : Timer.oem4 (.text:Timer_init)
                  2000e69c    00000028     driverlib.a : prcm.obj (.text:PRCMPeripheralClkDisable)
                  2000e6c4    00000028     drivers_cc32xx.a : PowerCC32XX.oem4 (.text:Power_registerNotify)
                  2000e6ec    00000028     rtsv7M4_T_le_eabi.lib : memory.c.obj (.text:free_list_insert)
                  2000e714    00000026     drivers_cc32xx.a : List.oem4 (.text:List_put)
                  2000e73a    00000026                      : List.oem4 (.text:List_remove)
                  2000e760    00000024     nortos_cc32xx.a : HwiPCC32XX_nortos.oem4 (.text:HwiP_dispatch)
                  2000e784    00000024     drivers_cc32xx.a : TimerCC32XX.oem4 (.text:TimerSupport_timerDisable)
                  2000e7a8    00000024     rtsv7M4_T_le_eabi.lib : boot_cortex_m.c.obj (.text:_c_int00_noargs:_c_int00_noargs)
                  2000e7cc    00000020     nortos_cc32xx.a : HwiPCC32XX_nortos.oem4 (.text:HwiP_destruct)
                  2000e7ec    00000020     drivers_cc32xx.a : PowerCC32XX.oem4 (.text:Power_unregisterNotify)
                  2000e80c    0000001e     nortos_cc32xx.a : SemaphoreP_nortos.oem4 (.text:SemaphoreP_constructBinary)
                  2000e82a    0000001e     driverlib.a : timer.obj (.text:TimerDisable)
                  2000e848    0000001e                 : timer.obj (.text:TimerEnable)
                  2000e866    00000002     rtsv7M4_T_le_eabi.lib : _lock.c.obj (.text:_nop)
                  2000e868    0000001c     drivers_cc32xx.a : GPIO.oem4 (.text:GPIO_setCallback)
                  2000e884    0000001c     driverlib.a : pin.obj (.text:PinToPadGet)
                  2000e8a0    0000001c     nortos_cc32xx.a : SwiP_nortos.oem4 (.text:SwiP_disable)
                  2000e8bc    0000001c     rtsv7M4_T_le_eabi.lib : copy_zero_init.c.obj (.text:decompress:ZI:__TI_zero_init_nomemset:__TI_zero_init_nomemset)
                  2000e8d8    0000001c                           : memory.c.obj (.text:free_list_remove)
                  2000e8f4    0000001c     gpiointerrupt.obj (.text:waitTicks)
                  2000e910    0000001a     nortos_cc32xx.a : SemaphoreP_nortos.oem4 (.text:SemaphoreP_createBinary)
                  2000e92a    00000002                     : startup_cc32xx_ccs.oem4 (.text:busFaultHandler)
                  2000e92c    0000001a                     : startup_cc32xx_ccs.oem4 (.text:resetISR)
                  2000e946    00000002                     : SemaphoreP_nortos.oem4 (.text:clkFxn)
                  2000e948    00000018     drivers_cc32xx.a : PowerCC32XX.oem4 (.text:Power_getTransitionLatency)
                  2000e960    00000018                      : PowerCC32XX.oem4 (.text:Power_idleFunc)
                  2000e978    00000018     driverlib.a : timer.obj (.text:TimerIntDisable)
                  2000e990    00000018                 : timer.obj (.text:TimerIntEnable)
                  2000e9a8    00000018     rtsv7M4_T_le_eabi.lib : ll_mul_t2.asm.obj (.text)
                  2000e9c0    00000016     driverlib.a : prcm.obj (.text:PRCMHIBRegRead)
                  2000e9d6    00000016                 : prcm.obj (.text:PRCMHIBRegWrite)
                  2000e9ec    00000016     nortos_cc32xx.a : SemaphoreP_nortos.oem4 (.text:SemaphoreP_create)
                  2000ea02    00000014     ti_drivers_config.obj (.text:Board_init)
                  2000ea16    00000014     driverlib.a : cpu.obj (.text:CPUcpsid)
                  2000ea2a    00000002     nortos_cc32xx.a : startup_cc32xx_ccs.oem4 (.text:defaultHandler)
                  2000ea2c    00000014                     : HwiPCC32XX_nortos.oem4 (.text:HwiP_inISR)
                  2000ea40    00000014     driverlib.a : interrupt.obj (.text:IntVTableBaseSet)
                  2000ea54    00000014     drivers_cc32xx.a : PowerCC32XX.oem4 (.text:Power_disablePolicy)
                  2000ea68    00000014                      : PowerCC32XX.oem4 (.text:Power_getDependencyCount)
                  2000ea7c    00000012     nortos_cc32xx.a : HwiPCC32XX_nortos.oem4 (.text:HwiP_Params_init)
                  2000ea8e    00000012     driverlib.a : timer.obj (.text:TimerIntClear)
                  2000eaa0    00000012     main_nortos.obj (.text:main)
                  2000eab2    00000010     nortos_cc32xx.a : ClockPSysTick_nortos.oem4 (.text:ClockP_add)
                  2000eac2    00000002                     : startup_cc32xx_ccs.oem4 (.text:faultISR)
                  2000eac4    00000010                     : ClockPSysTick_nortos.oem4 (.text:ClockP_getCpuFreq)
                  2000ead4    00000010                     : ClockPSysTick_nortos.oem4 (.text:ClockP_getSystemTicks)
                  2000eae4    00000010                     : ClockPSysTick_nortos.oem4 (.text:ClockP_setTicks)
                  2000eaf4    00000010                     : HwiPCC32XX_nortos.oem4 (.text:HwiP_delete)
                  2000eb04    00000010                     : HwiPCC32XX_nortos.oem4 (.text:HwiP_restore)
                  2000eb14    00000010     drivers_cc32xx.a : PowerCC32XX.oem4 (.text:Power_enablePolicy)
                  2000eb24    00000010     nortos_cc32xx.a : SemaphoreP_nortos.oem4 (.text:SemaphoreP_Params_init)
                  2000eb34    00000010     drivers_cc32xx.a : Timer.oem4 (.text:Timer_Params_init)
                  2000eb44    0000000e     nortos_cc32xx.a : HwiPCC32XX_nortos.oem4 (.text:HwiP_clearInterrupt)
                  2000eb52    0000000e                     : HwiPCC32XX_nortos.oem4 (.text:HwiP_disable)
                  2000eb60    0000000e                     : HwiPCC32XX_nortos.oem4 (.text:HwiP_enable)
                  2000eb6e    0000000e     rtsv7M4_T_le_eabi.lib : copy_decompress_none.c.obj (.text:decompress:none:__TI_decompress_none)
                  2000eb7c    0000000c     drivers_cc32xx.a : PowerCC32XX.oem4 (.text:Power_getConstraintMask)
                  2000eb88    0000000c     gpiointerrupt.obj (.text:gpioButtonFxn0)
                  2000eb94    0000000c     gpiointerrupt.obj (.text:gpioButtonFxn1)
                  2000eba0    0000000c     drivers_cc32xx.a : TimerCC32XX.oem4 (.text:postNotifyFxn)
                  2000ebac    0000000c     gpiointerrupt.obj (.text:timerCallback)
                  2000ebb8    0000000a     nortos_cc32xx.a : ClockPSysTick_nortos.oem4 (.text:ClockP_isActive)
                  2000ebc2    0000000a     driverlib.a : interrupt.obj (.text:IntMasterDisable)
                  2000ebcc    00000008     rtsv7M4_T_le_eabi.lib : memory.c.obj (.text:malloc)
                  2000ebd4    00000006     driverlib.a : utils.obj (.text:UtilsDelay)
                  2000ebda    00000004     nortos_cc32xx.a : ClockPSysTick_nortos.oem4 (.text:ClockP_doTick)
                  2000ebde    00000004                     : HwiPCC32XX_nortos.oem4 (.text:HwiP_post)
                  2000ebe2    00000004                     : SemaphoreP_nortos.oem4 (.text:SemaphoreP_delete)
                  2000ebe6    00000004     rtsv7M4_T_le_eabi.lib : pre_init.c.obj (.text:_system_pre_init)
                  2000ebea    00000004                           : exit.c.obj (.text:abort:abort)
                  2000ebee    00000002     nortos_cc32xx.a : startup_cc32xx_ccs.oem4 (.text:nmiISR)
                  2000ebf0    00000002     rtsv7M4_T_le_eabi.lib : div0.asm.obj (.text)

.const     0    2000f510    000002b0     
                  2000f510    00000100     driverlib.a : pin.obj (.const:g_ulPinToPadMap)
                  2000f610    000000a8                 : prcm.obj (.const:PRCM_PeriphRegsList)
                  2000f6b8    00000044     ti_drivers_config.obj (.const:PowerCC32XX_config)
                  2000f6fc    00000028     drivers_cc32xx.a : GPIOCC32XX.oem4 (.const:portConfigs)
                  2000f724    00000021                      : GPIOCC32XX.oem4 (.const:.string:pinTable)
                  2000f745    00000003     --HOLE-- [fill = 0]
                  2000f748    00000018     driverlib.a : interrupt.obj (.const:g_pulEnRegs)
                  2000f760    00000018                 : interrupt.obj (.const:g_pulPendRegs)
                  2000f778    00000010     ti_drivers_config.obj (.const:GPIO_config)
                  2000f788    00000010     ti_drivers_config.obj (.const:timerCC32XXHWAttrs)
                  2000f798    0000000c     drivers_cc32xx.a : Timer.oem4 (.const:defaultParams)
                  2000f7a4    0000000c                      : TimerCC32XX.oem4 (.const:defaultParams)
                  2000f7b0    00000008     ti_drivers_config.obj (.const:Timer_config)
                  2000f7b8    00000008     ti_drivers_config.obj (.const)

.cinit     0    2000f7c0    000000f8     
                  2000f7c0    000000cf     (.cinit..data.load) [load image, compression = lzss]
                  2000f88f    00000001     --HOLE-- [fill = 0]
                  2000f890    0000000c     (__TI_handler_table)
                  2000f89c    00000004     --HOLE-- [fill = 0]
                  2000f8a0    00000008     (.cinit..bss.load) [load image, compression = zero_init]
                  2000f8a8    00000010     (__TI_cinit_table)

.init_array 
*          0    20004000    00000000     UNINITIALIZED

.ramVecs   0    20000000    0000030c     NOLOAD SECTION
                  20000000    0000030c     nortos_cc32xx.a : startup_cc32xx_ccs.oem4 (.ramVecs)

.stack     0    20003000    00001000     UNINITIALIZED
                  20003000    00000004     rtsv7M4_T_le_eabi.lib : boot_cortex_m.c.obj (.stack)
                  20003004    00000ffc     --HOLE--

.resetVecs 
*          0    20004000    00000040     
                  20004000    00000040     nortos_cc32xx.a : startup_cc32xx_ccs.oem4 (.resetVecs:retain)

.sysmem    0    20004040    00008000     UNINITIALIZED
                  20004040    00000010     rtsv7M4_T_le_eabi.lib : memory.c.obj (.sysmem)
                  20004050    00007ff0     --HOLE--

.data      0    2000ebf4    00000620     UNINITIALIZED
                  2000ebf4    0000030c     nortos_cc32xx.a : HwiPCC32XX_nortos.oem4 (.data:HwiP_dispatchTable)
                  2000ef00    0000016c     drivers_cc32xx.a : PowerCC32XX.oem4 (.data:PowerCC32XX_module)
                  2000f06c    000000f8     ti_drivers_config.obj (.data:parkInfo)
                  2000f164    00000084     ti_drivers_config.obj (.data:gpioPinConfigs)
                  2000f1e8    00000008     rtsv7M4_T_le_eabi.lib : _lock.c.obj (.data:$O1$$)
                  2000f1f0    00000008                           : memory.c.obj (.data:$O1$$)
                  2000f1f8    00000008     nortos_cc32xx.a : SemaphoreP_nortos.oem4 (.data:SemaphoreP_defaultParams)
                  2000f200    00000008                     : HwiPCC32XX_nortos.oem4 (.data)
                  2000f208    00000005                     : ClockPSysTick_nortos.oem4 (.data)
                  2000f20d    00000003                     : SemaphoreP_nortos.oem4 (.data)
                  2000f210    00000002     drivers_cc32xx.a : GPIOCC32XX.oem4 (.data)
                  2000f212    00000002     gpiointerrupt.obj (.data)

.bss       0    2000f218    000002f8     UNINITIALIZED
                  2000f218    0000012c     (.common:PowerCC32XX_contextSave)
                  2000f344    00000084     (.common:gpioCallbackFunctions)
                  2000f3c8    00000084     (.common:gpioUserArgs)
                  2000f44c    00000084     (.common:timerCC32XXObjects)
                  2000f4d0    00000014     drivers_cc32xx.a : GPIOCC32XX.oem4 (.bss:powerNotifyObj)
                  2000f4e4    00000004                      : GPIOCC32XX.oem4 (.bss)
                  2000f4e8    00000010     (.common:ClockP_ctrl)
                  2000f4f8    0000000d     nortos_cc32xx.a : SwiP_nortos.oem4 (.bss)
                  2000f505    00000001     (.common:MorseSM_State)
                  2000f506    00000002     --HOLE--
                  2000f508    00000004                     : ClockPSysTick_nortos.oem4 (.bss)
                  2000f50c    00000004     drivers_cc32xx.a : TimerCC32XX.oem4 (.bss:timerState)

.log_data 
*          0    90000000    00000000     COPY SECTION

__llvm_prf_cnts 
*          0    20004000    00000000     UNINITIALIZED

MODULE SUMMARY

       Module                       code    ro data   rw data
       ------                       ----    -------   -------
    .\
       gpiointerrupt.obj            672     0         3      
       main_nortos.obj              18      0         0      
    +--+----------------------------+-------+---------+---------+
       Total:                       690     0         3      
                                                             
    .\syscfg\
       ti_drivers_config.obj        22      116       776    
    +--+----------------------------+-------+---------+---------+
       Total:                       22      116       776    
                                                             
    C:/ti/simplelink_cc32xx_sdk_6_10_00_05/kernel/nortos/lib/ccs/m4/nortos_cc32xx.a
       HwiPCC32XX_nortos.oem4       366     0         788    
       startup_cc32xx_ccs.oem4      90      64        780    
       ClockPSysTick_nortos.oem4    586     0         25     
       PowerCC32XX_nortos.oem4      476     0         0      
       SemaphoreP_nortos.oem4       410     0         11     
       SwiP_nortos.oem4             96      0         13     
    +--+----------------------------+-------+---------+---------+
       Total:                       2024    64        1617   
                                                             
    C:/ti/simplelink_cc32xx_sdk_6_10_00_05/source/ti/devices/cc32xx/driverlib/ccs/Release/driverlib.a
       prcm.obj                     1604    168       0      
       pin.obj                      280     256       0      
       interrupt.obj                334     48        0      
       timer.obj                    264     0         0      
       flash.obj                    72      0         0      
       cpu.obj                      20      0         0      
       utils.obj                    6       0         0      
    +--+----------------------------+-------+---------+---------+
       Total:                       2580    472       0      
                                                             
    C:/ti/simplelink_cc32xx_sdk_6_10_00_05/source/ti/drivers/lib/ccs/m4/drivers_cc32xx.a
       PowerCC32XX.oem4             2300    0         664    
       GPIOCC32XX.oem4              1036    73        26     
       TimerCC32XX.oem4             876     12        4      
       Timer.oem4                   140     12        0      
       PowerCC32XX_asm.oem4         150     0         0      
       List.oem4                    76      0         0      
       GPIO.oem4                    28      0         0      
    +--+----------------------------+-------+---------+---------+
       Total:                       4606    97        694    
                                                             
    C:\ti\ccs1220\ccs\tools\compiler\ti-cgt-arm_20.2.7.LTS\lib\rtsv7M4_T_le_eabi.lib
       memory.c.obj                 672     0         8      
       memcpy_t2.asm.obj            156     0         0      
       ull_div_t2.asm.obj           150     0         0      
       copy_decompress_lzss.c.obj   104     0         0      
       autoinit.c.obj               68      0         0      
       boot_cortex_m.c.obj          36      0         0      
       copy_zero_init.c.obj         28      0         0      
       ll_mul_t2.asm.obj            24      0         0      
       copy_decompress_none.c.obj   14      0         0      
       _lock.c.obj                  2       0         8      
       exit.c.obj                   4       0         0      
       pre_init.c.obj               4       0         0      
       div0.asm.obj                 2       0         0      
    +--+----------------------------+-------+---------+---------+
       Total:                       1264    0         16     
                                                             
       Heap:                        0       0         32768  
       Stack:                       0       0         4096   
       Linker Generated:            0       243       0      
    +--+----------------------------+-------+---------+---------+
       Grand Total:                 11186   992       39970  


LINKER GENERATED COPY TABLES

__TI_cinit_table @ 2000f8a8 records: 2, size/record: 8, table size: 16
	.data: load addr=2000f7c0, load size=000000cf bytes, run addr=2000ebf4, run size=00000620 bytes, compression=lzss
	.bss: load addr=2000f8a0, load size=00000008 bytes, run addr=2000f218, run size=000002f8 bytes, compression=zero_init


LINKER GENERATED HANDLER TABLE

__TI_handler_table @ 2000f890 records: 3, size/record: 4, table size: 12
	index: 0, handler: __TI_decompress_lzss
	index: 1, handler: __TI_decompress_none
	index: 2, handler: __TI_zero_init


GLOBAL SYMBOLS: SORTED ALPHABETICALLY BY Name 

address   name                             
-------   ----                             
2000ea03  Board_init                       
2000d297  Board_initHook                   
2000ebeb  C$$EXIT                          
2000f7ba  CONFIG_GPIO_BUTTON_0_CONST       
2000f7bb  CONFIG_GPIO_BUTTON_1_CONST       
2000f7bc  CONFIG_GPIO_LED_0_CONST          
2000f7bd  CONFIG_GPIO_LED_1_CONST          
2000f7be  CONFIG_TIMER_0_CONST             
2000ea17  CPUcpsid                         
2000eab3  ClockP_add                       
2000f4e8  ClockP_ctrl                      
2000e285  ClockP_destruct                  
2000ebdb  ClockP_doTick                    
2000eac5  ClockP_getCpuFreq                
2000ead5  ClockP_getSystemTicks            
2000e485  ClockP_getTicksUntilInterrupt    
2000ebb9  ClockP_isActive                  
2000eae5  ClockP_setTicks                  
2000e5bd  ClockP_start                     
2000e4b9  ClockP_startup                   
2000dfa9  ClockP_stop                      
2000dc29  ClockP_sysTickHandler            
2000f208  ClockP_tickPeriod                
2000ddb1  FlashDisable                     
2000f778  GPIO_config                      
2000ddf9  GPIO_disableInt                  
2000de41  GPIO_enableInt                   
2000d959  GPIO_hwiIntFxn                   
2000d299  GPIO_init                        
2000f7b8  GPIO_pinLowerBound               
2000f7b9  GPIO_pinUpperBound               
2000e869  GPIO_setCallback                 
2000c7c5  GPIO_setConfig                   
2000d891  GPIO_setInterruptConfig          
2000d9b9  GPIO_toggle                      
2000ea7d  HwiP_Params_init                 
2000eb45  HwiP_clearInterrupt              
2000d3b9  HwiP_construct                   
2000e61d  HwiP_create                      
2000eaf5  HwiP_delete                      
2000e7cd  HwiP_destruct                    
2000eb53  HwiP_disable                     
2000e761  HwiP_dispatch                    
2000eb61  HwiP_enable                      
2000ea2d  HwiP_inISR                       
2000f200  HwiP_key                         
2000ebdf  HwiP_post                        
2000eb05  HwiP_restore                     
2000f204  HwiP_swiPIntNum                  
UNDEFED   ITM_flush                        
UNDEFED   ITM_restore                      
2000cf75  IntEnable                        
2000ebc3  IntMasterDisable                 
2000d445  IntPendSet                       
2000ea41  IntVTableBaseSet                 
2000e715  List_put                         
2000e73b  List_remove                      
2000f505  MorseSM_State                    
2000eb61  NoRTOS_start                     
2000c041  PRCMCC3200MCUInit                
2000e9c1  PRCMHIBRegRead                   
2000e9d7  PRCMHIBRegWrite                  
2000de89  PRCMLPDSEnter                    
2000e339  PRCMLPDSEnterKeepDebugIf         
2000dfed  PRCMLPDSRestoreInfoSet           
2000e69d  PRCMPeripheralClkDisable         
2000ded1  PRCMPeripheralClkEnable          
2000dad5  PRCMPeripheralReset              
2000da19  PRCMSysResetCauseGet             
2000d4cd  PinConfigSet                     
2000e4ed  PinModeGet                       
2000e185  PinModeSet                       
2000e885  PinToPadGet                      
2000f6b8  PowerCC32XX_config               
2000d01d  PowerCC32XX_configureWakeup      
2000f218  PowerCC32XX_contextSave          
2000e031  PowerCC32XX_enterLPDS            
2000dfa7  PowerCC32XX_initPolicy           
2000ef00  PowerCC32XX_module               
2000dd19  PowerCC32XX_parkPin              
2000e5ed  PowerCC32XX_restoreParkedPin     
2000db85  PowerCC32XX_resumeLPDS           
2000d8f5  PowerCC32XX_setParkState         
2000c625  PowerCC32XX_sleepPolicy          
2000ea55  Power_disablePolicy              
2000eb15  Power_enablePolicy               
2000eb7d  Power_getConstraintMask          
2000ea69  Power_getDependencyCount         
2000e949  Power_getTransitionLatency       
2000e961  Power_idleFunc                   
2000d555  Power_init                       
2000e6c5  Power_registerNotify             
2000df19  Power_releaseConstraint          
2000db2d  Power_releaseDependency          
2000e2c1  Power_setConstraint              
2000d65d  Power_setDependency              
2000ca61  Power_sleep                      
2000e7ed  Power_unregisterNotify           
2000eb25  SemaphoreP_Params_init           
2000dc79  SemaphoreP_construct             
2000e80d  SemaphoreP_constructBinary       
2000e9ed  SemaphoreP_create                
2000e911  SemaphoreP_createBinary          
2000f1f8  SemaphoreP_defaultParams         
2000ebe3  SemaphoreP_delete                
2000e337  SemaphoreP_destruct              
2000d0c5  SemaphoreP_pend                  
2000e075  SemaphoreP_post                  
2000e8a1  SwiP_disable                     
2000e0b9  SwiP_restore                     
2000c46d  TickFct_Morse                    
2000dcc9  TimerCC32XX_allocateTimerResource
2000e521  TimerCC32XX_freeTimerResource    
2000e419  TimerControlStall                
2000e82b  TimerDisable                     
2000e849  TimerEnable                      
2000ea8f  TimerIntClear                    
2000e979  TimerIntDisable                  
2000e991  TimerIntEnable                   
2000e647  TimerLoadSet                     
2000e671  TimerPrescaleSet                 
2000e785  TimerSupport_timerDisable        
2000e1c5  TimerSupport_timerEnable         
2000eb35  Timer_Params_init                
2000e205  Timer_close                      
2000f7b0  Timer_config                     
2000f7bf  Timer_count                      
2000e69b  Timer_init                       
2000cb99  Timer_open                       
2000e0fd  Timer_start                      
2000e44f  Timer_stop                       
2000ebd5  UtilsDelay                       
20004000  __STACK_END                      
00001000  __STACK_SIZE                     
00008000  __SYSMEM_SIZE                    
2000f8a8  __TI_CINIT_Base                  
2000f8b8  __TI_CINIT_Limit                 
2000f890  __TI_Handler_Table_Base          
2000f89c  __TI_Handler_Table_Limit         
2000e141  __TI_auto_init_nobinit_nopinit   
2000d7c1  __TI_decompress_lzss             
2000eb6f  __TI_decompress_none             
ffffffff  __TI_pprof_out_hndl              
ffffffff  __TI_prof_data_size              
ffffffff  __TI_prof_data_start             
2000f7c0  __TI_static_base__               
2000e8bd  __TI_zero_init_nomemset          
2000ebf1  __aeabi_idiv0                    
2000ebf1  __aeabi_ldiv0                    
2000e9a9  __aeabi_lmul                     
2000d165  __aeabi_memcpy                   
2000d165  __aeabi_memcpy4                  
2000d165  __aeabi_memcpy8                  
2000d201  __aeabi_uldivmod                 
ffffffff  __binit__                        
ffffffff  __c_args__                       
UNDEFED   __mpu_init                       
20003000  __stack                          
20004000  __start___llvm_prf_cnts          
20004000  __stop___llvm_prf_cnts           
2000e7a9  _c_int00_noargs                  
2000f1e8  _lock                            
2000e867  _nop                             
20004040  _sys_memory                      
UNDEFED   _system_post_cinit               
2000ebe7  _system_pre_init                 
2000f1ec  _unlock                          
2000ebeb  abort                            
2000ccd1  aligned_alloc                    
ffffffff  binit                            
2000e947  clkFxn                           
2000cdd1  free                             
2000eb89  gpioButtonFxn0                   
2000eb95  gpioButtonFxn1                   
2000f344  gpioCallbackFunctions            
2000f164  gpioPinConfigs                   
2000f3c8  gpioUserArgs                     
2000e245  initTimer                        
2000e3a9  initVectors                      
2000eaa1  main                             
2000d829  mainThread                       
2000ebcd  malloc                           
2000ccd1  memalign                         
2000d165  memcpy                           
2000f06c  parkInfo                         
2000e92d  resetISR                         
2000e940  resetVectorAddr                  
20004000  resetVectors                     
2000f213  signalSwitch                     
2000f788  timerCC32XXHWAttrs               
2000f44c  timerCC32XXObjects               
2000ebad  timerCallback                    
2000f212  timerFlag                        
2000e8f5  waitTicks                        


GLOBAL SYMBOLS: SORTED BY Symbol Address 

address   name                             
-------   ----                             
00001000  __STACK_SIZE                     
00008000  __SYSMEM_SIZE                    
20003000  __stack                          
20004000  __STACK_END                      
20004000  __start___llvm_prf_cnts          
20004000  __stop___llvm_prf_cnts           
20004000  resetVectors                     
20004040  _sys_memory                      
2000c041  PRCMCC3200MCUInit                
2000c46d  TickFct_Morse                    
2000c625  PowerCC32XX_sleepPolicy          
2000c7c5  GPIO_setConfig                   
2000ca61  Power_sleep                      
2000cb99  Timer_open                       
2000ccd1  aligned_alloc                    
2000ccd1  memalign                         
2000cdd1  free                             
2000cf75  IntEnable                        
2000d01d  PowerCC32XX_configureWakeup      
2000d0c5  SemaphoreP_pend                  
2000d165  __aeabi_memcpy                   
2000d165  __aeabi_memcpy4                  
2000d165  __aeabi_memcpy8                  
2000d165  memcpy                           
2000d201  __aeabi_uldivmod                 
2000d297  Board_initHook                   
2000d299  GPIO_init                        
2000d3b9  HwiP_construct                   
2000d445  IntPendSet                       
2000d4cd  PinConfigSet                     
2000d555  Power_init                       
2000d65d  Power_setDependency              
2000d7c1  __TI_decompress_lzss             
2000d829  mainThread                       
2000d891  GPIO_setInterruptConfig          
2000d8f5  PowerCC32XX_setParkState         
2000d959  GPIO_hwiIntFxn                   
2000d9b9  GPIO_toggle                      
2000da19  PRCMSysResetCauseGet             
2000dad5  PRCMPeripheralReset              
2000db2d  Power_releaseDependency          
2000db85  PowerCC32XX_resumeLPDS           
2000dc29  ClockP_sysTickHandler            
2000dc79  SemaphoreP_construct             
2000dcc9  TimerCC32XX_allocateTimerResource
2000dd19  PowerCC32XX_parkPin              
2000ddb1  FlashDisable                     
2000ddf9  GPIO_disableInt                  
2000de41  GPIO_enableInt                   
2000de89  PRCMLPDSEnter                    
2000ded1  PRCMPeripheralClkEnable          
2000df19  Power_releaseConstraint          
2000dfa7  PowerCC32XX_initPolicy           
2000dfa9  ClockP_stop                      
2000dfed  PRCMLPDSRestoreInfoSet           
2000e031  PowerCC32XX_enterLPDS            
2000e075  SemaphoreP_post                  
2000e0b9  SwiP_restore                     
2000e0fd  Timer_start                      
2000e141  __TI_auto_init_nobinit_nopinit   
2000e185  PinModeSet                       
2000e1c5  TimerSupport_timerEnable         
2000e205  Timer_close                      
2000e245  initTimer                        
2000e285  ClockP_destruct                  
2000e2c1  Power_setConstraint              
2000e337  SemaphoreP_destruct              
2000e339  PRCMLPDSEnterKeepDebugIf         
2000e3a9  initVectors                      
2000e419  TimerControlStall                
2000e44f  Timer_stop                       
2000e485  ClockP_getTicksUntilInterrupt    
2000e4b9  ClockP_startup                   
2000e4ed  PinModeGet                       
2000e521  TimerCC32XX_freeTimerResource    
2000e5bd  ClockP_start                     
2000e5ed  PowerCC32XX_restoreParkedPin     
2000e61d  HwiP_create                      
2000e647  TimerLoadSet                     
2000e671  TimerPrescaleSet                 
2000e69b  Timer_init                       
2000e69d  PRCMPeripheralClkDisable         
2000e6c5  Power_registerNotify             
2000e715  List_put                         
2000e73b  List_remove                      
2000e761  HwiP_dispatch                    
2000e785  TimerSupport_timerDisable        
2000e7a9  _c_int00_noargs                  
2000e7cd  HwiP_destruct                    
2000e7ed  Power_unregisterNotify           
2000e80d  SemaphoreP_constructBinary       
2000e82b  TimerDisable                     
2000e849  TimerEnable                      
2000e867  _nop                             
2000e869  GPIO_setCallback                 
2000e885  PinToPadGet                      
2000e8a1  SwiP_disable                     
2000e8bd  __TI_zero_init_nomemset          
2000e8f5  waitTicks                        
2000e911  SemaphoreP_createBinary          
2000e92d  resetISR                         
2000e940  resetVectorAddr                  
2000e947  clkFxn                           
2000e949  Power_getTransitionLatency       
2000e961  Power_idleFunc                   
2000e979  TimerIntDisable                  
2000e991  TimerIntEnable                   
2000e9a9  __aeabi_lmul                     
2000e9c1  PRCMHIBRegRead                   
2000e9d7  PRCMHIBRegWrite                  
2000e9ed  SemaphoreP_create                
2000ea03  Board_init                       
2000ea17  CPUcpsid                         
2000ea2d  HwiP_inISR                       
2000ea41  IntVTableBaseSet                 
2000ea55  Power_disablePolicy              
2000ea69  Power_getDependencyCount         
2000ea7d  HwiP_Params_init                 
2000ea8f  TimerIntClear                    
2000eaa1  main                             
2000eab3  ClockP_add                       
2000eac5  ClockP_getCpuFreq                
2000ead5  ClockP_getSystemTicks            
2000eae5  ClockP_setTicks                  
2000eaf5  HwiP_delete                      
2000eb05  HwiP_restore                     
2000eb15  Power_enablePolicy               
2000eb25  SemaphoreP_Params_init           
2000eb35  Timer_Params_init                
2000eb45  HwiP_clearInterrupt              
2000eb53  HwiP_disable                     
2000eb61  HwiP_enable                      
2000eb61  NoRTOS_start                     
2000eb6f  __TI_decompress_none             
2000eb7d  Power_getConstraintMask          
2000eb89  gpioButtonFxn0                   
2000eb95  gpioButtonFxn1                   
2000ebad  timerCallback                    
2000ebb9  ClockP_isActive                  
2000ebc3  IntMasterDisable                 
2000ebcd  malloc                           
2000ebd5  UtilsDelay                       
2000ebdb  ClockP_doTick                    
2000ebdf  HwiP_post                        
2000ebe3  SemaphoreP_delete                
2000ebe7  _system_pre_init                 
2000ebeb  C$$EXIT                          
2000ebeb  abort                            
2000ebf1  __aeabi_idiv0                    
2000ebf1  __aeabi_ldiv0                    
2000ef00  PowerCC32XX_module               
2000f06c  parkInfo                         
2000f164  gpioPinConfigs                   
2000f1e8  _lock                            
2000f1ec  _unlock                          
2000f1f8  SemaphoreP_defaultParams         
2000f200  HwiP_key                         
2000f204  HwiP_swiPIntNum                  
2000f208  ClockP_tickPeriod                
2000f212  timerFlag                        
2000f213  signalSwitch                     
2000f218  PowerCC32XX_contextSave          
2000f344  gpioCallbackFunctions            
2000f3c8  gpioUserArgs                     
2000f44c  timerCC32XXObjects               
2000f4e8  ClockP_ctrl                      
2000f505  MorseSM_State                    
2000f6b8  PowerCC32XX_config               
2000f778  GPIO_config                      
2000f788  timerCC32XXHWAttrs               
2000f7b0  Timer_config                     
2000f7b8  GPIO_pinLowerBound               
2000f7b9  GPIO_pinUpperBound               
2000f7ba  CONFIG_GPIO_BUTTON_0_CONST       
2000f7bb  CONFIG_GPIO_BUTTON_1_CONST       
2000f7bc  CONFIG_GPIO_LED_0_CONST          
2000f7bd  CONFIG_GPIO_LED_1_CONST          
2000f7be  CONFIG_TIMER_0_CONST             
2000f7bf  Timer_count                      
2000f7c0  __TI_static_base__               
2000f890  __TI_Handler_Table_Base          
2000f89c  __TI_Handler_Table_Limit         
2000f8a8  __TI_CINIT_Base                  
2000f8b8  __TI_CINIT_Limit                 
ffffffff  __TI_pprof_out_hndl              
ffffffff  __TI_prof_data_size              
ffffffff  __TI_prof_data_start             
ffffffff  __binit__                        
ffffffff  __c_args__                       
ffffffff  binit                            
UNDEFED   ITM_flush                        
UNDEFED   ITM_restore                      
UNDEFED   __mpu_init                       
UNDEFED   _system_post_cinit               

[194 symbols]
