<?xml version="1.0" encoding="ISO-8859-1" ?>
<link_info>
   <banner>TI ARM Linker PC v20.2.7.LTS</banner>
   <copyright>Copyright (c) 1996-2018 Texas Instruments Incorporated</copyright>
   <link_time>0x6427bf47</link_time>
   <link_errors>0x0</link_errors>
   <output_file>gpiointerrupt_CC3220S_LAUNCHXL_nortos_ccs.out</output_file>
   <entry_point>
      <name>resetISR</name>
      <address>0x2000e92d</address>
   </entry_point>
   <input_file_list>
      <input_file id="fl-2">
         <path>.\</path>
         <kind>object</kind>
         <file>gpiointerrupt.obj</file>
         <name>gpiointerrupt.obj</name>
      </input_file>
      <input_file id="fl-3">
         <path>.\syscfg\</path>
         <kind>object</kind>
         <file>ti_drivers_config.obj</file>
         <name>ti_drivers_config.obj</name>
      </input_file>
      <input_file id="fl-4">
         <path>.\</path>
         <kind>object</kind>
         <file>main_nortos.obj</file>
         <name>main_nortos.obj</name>
      </input_file>
      <input_file id="fl-d">
         <kind>object</kind>
         <file>&lt;internal&gt;</file>
         <name>&lt;internal&gt;</name>
      </input_file>
      <input_file id="fl-e">
         <path>C:\ti\simplelink_cc32xx_sdk_6_10_00_05\source\ti\drivers\lib\ccs\m4\</path>
         <kind>archive</kind>
         <file>drivers_cc32xx.a</file>
         <name>GPIO.oem4</name>
      </input_file>
      <input_file id="fl-f">
         <path>C:\ti\simplelink_cc32xx_sdk_6_10_00_05\source\ti\drivers\lib\ccs\m4\</path>
         <kind>archive</kind>
         <file>drivers_cc32xx.a</file>
         <name>Timer.oem4</name>
      </input_file>
      <input_file id="fl-10">
         <path>C:\ti\simplelink_cc32xx_sdk_6_10_00_05\source\ti\drivers\lib\ccs\m4\</path>
         <kind>archive</kind>
         <file>drivers_cc32xx.a</file>
         <name>GPIOCC32XX.oem4</name>
      </input_file>
      <input_file id="fl-11">
         <path>C:\ti\simplelink_cc32xx_sdk_6_10_00_05\source\ti\drivers\lib\ccs\m4\</path>
         <kind>archive</kind>
         <file>drivers_cc32xx.a</file>
         <name>PowerCC32XX.oem4</name>
      </input_file>
      <input_file id="fl-12">
         <path>C:\ti\simplelink_cc32xx_sdk_6_10_00_05\source\ti\drivers\lib\ccs\m4\</path>
         <kind>archive</kind>
         <file>drivers_cc32xx.a</file>
         <name>PowerCC32XX_asm.oem4</name>
      </input_file>
      <input_file id="fl-13">
         <path>C:\ti\simplelink_cc32xx_sdk_6_10_00_05\source\ti\drivers\lib\ccs\m4\</path>
         <kind>archive</kind>
         <file>drivers_cc32xx.a</file>
         <name>TimerCC32XX.oem4</name>
      </input_file>
      <input_file id="fl-14">
         <path>C:\ti\simplelink_cc32xx_sdk_6_10_00_05\source\ti\drivers\lib\ccs\m4\</path>
         <kind>archive</kind>
         <file>drivers_cc32xx.a</file>
         <name>List.oem4</name>
      </input_file>
      <input_file id="fl-15">
         <path>C:\ti\simplelink_cc32xx_sdk_6_10_00_05\kernel\nortos\lib\ccs\m4\</path>
         <kind>archive</kind>
         <file>nortos_cc32xx.a</file>
         <name>NoRTOS.oem4</name>
      </input_file>
      <input_file id="fl-16">
         <path>C:\ti\simplelink_cc32xx_sdk_6_10_00_05\kernel\nortos\lib\ccs\m4\</path>
         <kind>archive</kind>
         <file>nortos_cc32xx.a</file>
         <name>SemaphoreP_nortos.oem4</name>
      </input_file>
      <input_file id="fl-17">
         <path>C:\ti\simplelink_cc32xx_sdk_6_10_00_05\kernel\nortos\lib\ccs\m4\</path>
         <kind>archive</kind>
         <file>nortos_cc32xx.a</file>
         <name>ClockPSysTick_nortos.oem4</name>
      </input_file>
      <input_file id="fl-18">
         <path>C:\ti\simplelink_cc32xx_sdk_6_10_00_05\kernel\nortos\lib\ccs\m4\</path>
         <kind>archive</kind>
         <file>nortos_cc32xx.a</file>
         <name>HwiPCC32XX_nortos.oem4</name>
      </input_file>
      <input_file id="fl-19">
         <path>C:\ti\simplelink_cc32xx_sdk_6_10_00_05\kernel\nortos\lib\ccs\m4\</path>
         <kind>archive</kind>
         <file>nortos_cc32xx.a</file>
         <name>PowerCC32XX_nortos.oem4</name>
      </input_file>
      <input_file id="fl-1a">
         <path>C:\ti\simplelink_cc32xx_sdk_6_10_00_05\kernel\nortos\lib\ccs\m4\</path>
         <kind>archive</kind>
         <file>nortos_cc32xx.a</file>
         <name>startup_cc32xx_ccs.oem4</name>
      </input_file>
      <input_file id="fl-1b">
         <path>C:\ti\simplelink_cc32xx_sdk_6_10_00_05\kernel\nortos\lib\ccs\m4\</path>
         <kind>archive</kind>
         <file>nortos_cc32xx.a</file>
         <name>SwiP_nortos.oem4</name>
      </input_file>
      <input_file id="fl-1c">
         <path>C:\ti\simplelink_cc32xx_sdk_6_10_00_05\kernel\nortos\lib\ccs\m4\</path>
         <kind>archive</kind>
         <file>nortos_cc32xx.a</file>
         <name>QueueP_nortos.oem4</name>
      </input_file>
      <input_file id="fl-1d">
         <path>C:\ti\simplelink_cc32xx_sdk_6_10_00_05\source\ti\devices\cc32xx\driverlib\ccs\Release\</path>
         <kind>archive</kind>
         <file>driverlib.a</file>
         <name>cpu.obj</name>
      </input_file>
      <input_file id="fl-1e">
         <path>C:\ti\simplelink_cc32xx_sdk_6_10_00_05\source\ti\devices\cc32xx\driverlib\ccs\Release\</path>
         <kind>archive</kind>
         <file>driverlib.a</file>
         <name>interrupt.obj</name>
      </input_file>
      <input_file id="fl-1f">
         <path>C:\ti\simplelink_cc32xx_sdk_6_10_00_05\source\ti\devices\cc32xx\driverlib\ccs\Release\</path>
         <kind>archive</kind>
         <file>driverlib.a</file>
         <name>pin.obj</name>
      </input_file>
      <input_file id="fl-20">
         <path>C:\ti\simplelink_cc32xx_sdk_6_10_00_05\source\ti\devices\cc32xx\driverlib\ccs\Release\</path>
         <kind>archive</kind>
         <file>driverlib.a</file>
         <name>prcm.obj</name>
      </input_file>
      <input_file id="fl-21">
         <path>C:\ti\simplelink_cc32xx_sdk_6_10_00_05\source\ti\devices\cc32xx\driverlib\ccs\Release\</path>
         <kind>archive</kind>
         <file>driverlib.a</file>
         <name>timer.obj</name>
      </input_file>
      <input_file id="fl-22">
         <path>C:\ti\simplelink_cc32xx_sdk_6_10_00_05\source\ti\devices\cc32xx\driverlib\ccs\Release\</path>
         <kind>archive</kind>
         <file>driverlib.a</file>
         <name>utils.obj</name>
      </input_file>
      <input_file id="fl-23">
         <path>C:\ti\simplelink_cc32xx_sdk_6_10_00_05\source\ti\devices\cc32xx\driverlib\ccs\Release\</path>
         <kind>archive</kind>
         <file>driverlib.a</file>
         <name>flash.obj</name>
      </input_file>
      <input_file id="fl-d9">
         <path>C:\ti\ccs1220\ccs\tools\compiler\ti-cgt-arm_20.2.7.LTS\lib\</path>
         <kind>archive</kind>
         <file>rtsv7M4_T_le_eabi.lib</file>
         <name>ll_mul_t2.asm.obj</name>
      </input_file>
      <input_file id="fl-da">
         <path>C:\ti\ccs1220\ccs\tools\compiler\ti-cgt-arm_20.2.7.LTS\lib\</path>
         <kind>archive</kind>
         <file>rtsv7M4_T_le_eabi.lib</file>
         <name>memcpy_t2.asm.obj</name>
      </input_file>
      <input_file id="fl-db">
         <path>C:\ti\ccs1220\ccs\tools\compiler\ti-cgt-arm_20.2.7.LTS\lib\</path>
         <kind>archive</kind>
         <file>rtsv7M4_T_le_eabi.lib</file>
         <name>ull_div_t2.asm.obj</name>
      </input_file>
      <input_file id="fl-dc">
         <path>C:\ti\ccs1220\ccs\tools\compiler\ti-cgt-arm_20.2.7.LTS\lib\</path>
         <kind>archive</kind>
         <file>rtsv7M4_T_le_eabi.lib</file>
         <name>copy_zero_init.c.obj</name>
      </input_file>
      <input_file id="fl-dd">
         <path>C:\ti\ccs1220\ccs\tools\compiler\ti-cgt-arm_20.2.7.LTS\lib\</path>
         <kind>archive</kind>
         <file>rtsv7M4_T_le_eabi.lib</file>
         <name>copy_decompress_none.c.obj</name>
      </input_file>
      <input_file id="fl-de">
         <path>C:\ti\ccs1220\ccs\tools\compiler\ti-cgt-arm_20.2.7.LTS\lib\</path>
         <kind>archive</kind>
         <file>rtsv7M4_T_le_eabi.lib</file>
         <name>copy_decompress_lzss.c.obj</name>
      </input_file>
      <input_file id="fl-df">
         <path>C:\ti\ccs1220\ccs\tools\compiler\ti-cgt-arm_20.2.7.LTS\lib\</path>
         <kind>archive</kind>
         <file>rtsv7M4_T_le_eabi.lib</file>
         <name>memory.c.obj</name>
      </input_file>
      <input_file id="fl-e0">
         <path>C:\ti\ccs1220\ccs\tools\compiler\ti-cgt-arm_20.2.7.LTS\lib\</path>
         <kind>archive</kind>
         <file>rtsv7M4_T_le_eabi.lib</file>
         <name>boot_cortex_m.c.obj</name>
      </input_file>
      <input_file id="fl-e1">
         <path>C:\ti\ccs1220\ccs\tools\compiler\ti-cgt-arm_20.2.7.LTS\lib\</path>
         <kind>archive</kind>
         <file>rtsv7M4_T_le_eabi.lib</file>
         <name>div0.asm.obj</name>
      </input_file>
      <input_file id="fl-e2">
         <path>C:\ti\ccs1220\ccs\tools\compiler\ti-cgt-arm_20.2.7.LTS\lib\</path>
         <kind>archive</kind>
         <file>rtsv7M4_T_le_eabi.lib</file>
         <name>memset_t2.asm.obj</name>
      </input_file>
      <input_file id="fl-e3">
         <path>C:\ti\ccs1220\ccs\tools\compiler\ti-cgt-arm_20.2.7.LTS\lib\</path>
         <kind>archive</kind>
         <file>rtsv7M4_T_le_eabi.lib</file>
         <name>autoinit.c.obj</name>
      </input_file>
      <input_file id="fl-e4">
         <path>C:\ti\ccs1220\ccs\tools\compiler\ti-cgt-arm_20.2.7.LTS\lib\</path>
         <kind>archive</kind>
         <file>rtsv7M4_T_le_eabi.lib</file>
         <name>pre_init.c.obj</name>
      </input_file>
      <input_file id="fl-e5">
         <path>C:\ti\ccs1220\ccs\tools\compiler\ti-cgt-arm_20.2.7.LTS\lib\</path>
         <kind>archive</kind>
         <file>rtsv7M4_T_le_eabi.lib</file>
         <name>cpy_tbl.c.obj</name>
      </input_file>
      <input_file id="fl-e6">
         <path>C:\ti\ccs1220\ccs\tools\compiler\ti-cgt-arm_20.2.7.LTS\lib\</path>
         <kind>archive</kind>
         <file>rtsv7M4_T_le_eabi.lib</file>
         <name>exit.c.obj</name>
      </input_file>
      <input_file id="fl-e7">
         <path>C:\ti\ccs1220\ccs\tools\compiler\ti-cgt-arm_20.2.7.LTS\lib\</path>
         <kind>archive</kind>
         <file>rtsv7M4_T_le_eabi.lib</file>
         <name>_lock.c.obj</name>
      </input_file>
      <input_file id="fl-e8">
         <path>C:\ti\ccs1220\ccs\tools\compiler\ti-cgt-arm_20.2.7.LTS\lib\</path>
         <kind>archive</kind>
         <file>rtsv7M4_T_le_eabi.lib</file>
         <name>args_main.c.obj</name>
      </input_file>
   </input_file_list>
   <object_component_list>
      <object_component id="oc-1ca">
         <name>.text:PRCMCC3200MCUInit</name>
         <load_address>0x2000c040</load_address>
         <run_address>0x2000c040</run_address>
         <size>0x42c</size>
         <input_file_ref idref="fl-20"/>
      </object_component>
      <object_component id="oc-1fc">
         <name>.text:TickFct_Morse</name>
         <load_address>0x2000c46c</load_address>
         <run_address>0x2000c46c</run_address>
         <size>0x1b8</size>
         <input_file_ref idref="fl-2"/>
      </object_component>
      <object_component id="oc-359">
         <name>.text:PowerCC32XX_sleepPolicy</name>
         <load_address>0x2000c624</load_address>
         <run_address>0x2000c624</run_address>
         <size>0x1a0</size>
         <input_file_ref idref="fl-19"/>
      </object_component>
      <object_component id="oc-1ea">
         <name>.text:GPIO_setConfig</name>
         <load_address>0x2000c7c4</load_address>
         <run_address>0x2000c7c4</run_address>
         <size>0x154</size>
         <input_file_ref idref="fl-10"/>
      </object_component>
      <object_component id="oc-59a">
         <name>.text:parkPins</name>
         <load_address>0x2000c918</load_address>
         <run_address>0x2000c918</run_address>
         <size>0x148</size>
         <input_file_ref idref="fl-11"/>
      </object_component>
      <object_component id="oc-486">
         <name>.text:Power_sleep</name>
         <load_address>0x2000ca60</load_address>
         <run_address>0x2000ca60</run_address>
         <size>0x138</size>
         <input_file_ref idref="fl-11"/>
      </object_component>
      <object_component id="oc-2c6">
         <name>.text:Timer_open</name>
         <load_address>0x2000cb98</load_address>
         <run_address>0x2000cb98</run_address>
         <size>0x138</size>
         <input_file_ref idref="fl-13"/>
      </object_component>
      <object_component id="oc-562">
         <name>.text:aligned_alloc</name>
         <load_address>0x2000ccd0</load_address>
         <run_address>0x2000ccd0</run_address>
         <size>0x100</size>
         <input_file_ref idref="fl-df"/>
      </object_component>
      <object_component id="oc-377">
         <name>.text:free</name>
         <load_address>0x2000cdd0</load_address>
         <run_address>0x2000cdd0</run_address>
         <size>0xe4</size>
         <input_file_ref idref="fl-df"/>
      </object_component>
      <object_component id="oc-5b7">
         <name>.text:restoreParkedPins</name>
         <load_address>0x2000ceb4</load_address>
         <run_address>0x2000ceb4</run_address>
         <size>0xc0</size>
         <input_file_ref idref="fl-11"/>
      </object_component>
      <object_component id="oc-b5">
         <name>.text:IntEnable</name>
         <load_address>0x2000cf74</load_address>
         <run_address>0x2000cf74</run_address>
         <size>0xa8</size>
         <input_file_ref idref="fl-1e"/>
      </object_component>
      <object_component id="oc-26e">
         <name>.text:PowerCC32XX_configureWakeup</name>
         <load_address>0x2000d01c</load_address>
         <run_address>0x2000d01c</run_address>
         <size>0xa8</size>
         <input_file_ref idref="fl-11"/>
      </object_component>
      <object_component id="oc-293">
         <name>.text:SemaphoreP_pend</name>
         <load_address>0x2000d0c4</load_address>
         <run_address>0x2000d0c4</run_address>
         <size>0xa0</size>
         <input_file_ref idref="fl-16"/>
      </object_component>
      <object_component id="oc-3b">
         <name>.text</name>
         <load_address>0x2000d164</load_address>
         <run_address>0x2000d164</run_address>
         <size>0x9c</size>
         <input_file_ref idref="fl-da"/>
      </object_component>
      <object_component id="oc-481">
         <name>.text</name>
         <load_address>0x2000d200</load_address>
         <run_address>0x2000d200</run_address>
         <size>0x96</size>
         <input_file_ref idref="fl-db"/>
      </object_component>
      <object_component id="oc-1dc">
         <name>.text:Board_initHook</name>
         <load_address>0x2000d296</load_address>
         <run_address>0x2000d296</run_address>
         <size>0x2</size>
         <input_file_ref idref="fl-3"/>
      </object_component>
      <object_component id="oc-1d6">
         <name>.text:GPIO_init</name>
         <load_address>0x2000d298</load_address>
         <run_address>0x2000d298</run_address>
         <size>0x90</size>
         <input_file_ref idref="fl-10"/>
      </object_component>
      <object_component id="oc-5ab">
         <name>.text:restoreNVICRegs</name>
         <load_address>0x2000d328</load_address>
         <run_address>0x2000d328</run_address>
         <size>0x90</size>
         <input_file_ref idref="fl-11"/>
      </object_component>
      <object_component id="oc-41c">
         <name>.text:HwiP_construct</name>
         <load_address>0x2000d3b8</load_address>
         <run_address>0x2000d3b8</run_address>
         <size>0x8c</size>
         <input_file_ref idref="fl-18"/>
      </object_component>
      <object_component id="oc-66f">
         <name>.text:IntPendSet</name>
         <load_address>0x2000d444</load_address>
         <run_address>0x2000d444</run_address>
         <size>0x88</size>
         <input_file_ref idref="fl-1e"/>
      </object_component>
      <object_component id="oc-2d9">
         <name>.text:PinConfigSet</name>
         <load_address>0x2000d4cc</load_address>
         <run_address>0x2000d4cc</run_address>
         <size>0x88</size>
         <input_file_ref idref="fl-1f"/>
      </object_component>
      <object_component id="oc-1d0">
         <name>.text:Power_init</name>
         <load_address>0x2000d554</load_address>
         <run_address>0x2000d554</run_address>
         <size>0x84</size>
         <input_file_ref idref="fl-11"/>
      </object_component>
      <object_component id="oc-5a0">
         <name>.text:saveNVICRegs</name>
         <load_address>0x2000d5d8</load_address>
         <run_address>0x2000d5d8</run_address>
         <size>0x84</size>
         <input_file_ref idref="fl-11"/>
      </object_component>
      <object_component id="oc-2df">
         <name>.text:Power_setDependency</name>
         <load_address>0x2000d65c</load_address>
         <run_address>0x2000d65c</run_address>
         <size>0x80</size>
         <input_file_ref idref="fl-11"/>
      </object_component>
      <object_component id="oc-2b2">
         <name>.text:powerNotifyFxn</name>
         <load_address>0x2000d6dc</load_address>
         <run_address>0x2000d6dc</run_address>
         <size>0x74</size>
         <input_file_ref idref="fl-10"/>
      </object_component>
      <object_component id="oc-617">
         <name>.text:split</name>
         <load_address>0x2000d750</load_address>
         <run_address>0x2000d750</run_address>
         <size>0x70</size>
         <input_file_ref idref="fl-df"/>
      </object_component>
      <object_component id="oc-14">
         <name>.text:decompress:lzss:__TI_decompress_lzss</name>
         <load_address>0x2000d7c0</load_address>
         <run_address>0x2000d7c0</run_address>
         <size>0x68</size>
         <input_file_ref idref="fl-de"/>
      </object_component>
      <object_component id="oc-165">
         <name>.text:mainThread</name>
         <load_address>0x2000d828</load_address>
         <run_address>0x2000d828</run_address>
         <size>0x68</size>
         <input_file_ref idref="fl-2"/>
      </object_component>
      <object_component id="oc-2f1">
         <name>.text:GPIO_setInterruptConfig</name>
         <load_address>0x2000d890</load_address>
         <run_address>0x2000d890</run_address>
         <size>0x64</size>
         <input_file_ref idref="fl-10"/>
      </object_component>
      <object_component id="oc-3c7">
         <name>.text:PowerCC32XX_setParkState</name>
         <load_address>0x2000d8f4</load_address>
         <run_address>0x2000d8f4</run_address>
         <size>0x64</size>
         <input_file_ref idref="fl-11"/>
      </object_component>
      <object_component id="oc-2fa">
         <name>.text:GPIO_hwiIntFxn</name>
         <load_address>0x2000d958</load_address>
         <run_address>0x2000d958</run_address>
         <size>0x60</size>
         <input_file_ref idref="fl-10"/>
      </object_component>
      <object_component id="oc-307">
         <name>.text:GPIO_toggle</name>
         <load_address>0x2000d9b8</load_address>
         <run_address>0x2000d9b8</run_address>
         <size>0x60</size>
         <input_file_ref idref="fl-10"/>
      </object_component>
      <object_component id="oc-23c">
         <name>.text:PRCMSysResetCauseGet</name>
         <load_address>0x2000da18</load_address>
         <run_address>0x2000da18</run_address>
         <size>0x60</size>
         <input_file_ref idref="fl-20"/>
      </object_component>
      <object_component id="oc-62f">
         <name>.text:sysTickInit</name>
         <load_address>0x2000da78</load_address>
         <run_address>0x2000da78</run_address>
         <size>0x5c</size>
         <input_file_ref idref="fl-17"/>
      </object_component>
      <object_component id="oc-255">
         <name>.text:PRCMPeripheralReset</name>
         <load_address>0x2000dad4</load_address>
         <run_address>0x2000dad4</run_address>
         <size>0x58</size>
         <input_file_ref idref="fl-20"/>
      </object_component>
      <object_component id="oc-606">
         <name>.text:Power_releaseDependency</name>
         <load_address>0x2000db2c</load_address>
         <run_address>0x2000db2c</run_address>
         <size>0x58</size>
         <input_file_ref idref="fl-11"/>
      </object_component>
      <object_component id="oc-64c">
         <name>.text:PowerCC32XX_resumeLPDS</name>
         <load_address>0x2000db84</load_address>
         <run_address>0x2000db84</run_address>
         <size>0x52</size>
         <input_file_ref idref="fl-12"/>
      </object_component>
      <object_component id="oc-3f1">
         <name>.text:initHw</name>
         <load_address>0x2000dbd6</load_address>
         <run_address>0x2000dbd6</run_address>
         <size>0x52</size>
         <input_file_ref idref="fl-13"/>
      </object_component>
      <object_component id="oc-79">
         <name>.text:ClockP_sysTickHandler</name>
         <load_address>0x2000dc28</load_address>
         <run_address>0x2000dc28</run_address>
         <size>0x50</size>
         <input_file_ref idref="fl-17"/>
      </object_component>
      <object_component id="oc-4b4">
         <name>.text:SemaphoreP_construct</name>
         <load_address>0x2000dc78</load_address>
         <run_address>0x2000dc78</run_address>
         <size>0x50</size>
         <input_file_ref idref="fl-16"/>
      </object_component>
      <object_component id="oc-3d3">
         <name>.text:TimerCC32XX_allocateTimerResource</name>
         <load_address>0x2000dcc8</load_address>
         <run_address>0x2000dcc8</run_address>
         <size>0x50</size>
         <input_file_ref idref="fl-13"/>
      </object_component>
      <object_component id="oc-643">
         <name>.text:PowerCC32XX_parkPin</name>
         <load_address>0x2000dd18</load_address>
         <run_address>0x2000dd18</run_address>
         <size>0x4c</size>
         <input_file_ref idref="fl-11"/>
      </object_component>
      <object_component id="oc-5b1">
         <name>.text:restorePeriphClocks</name>
         <load_address>0x2000dd64</load_address>
         <run_address>0x2000dd64</run_address>
         <size>0x4c</size>
         <input_file_ref idref="fl-11"/>
      </object_component>
      <object_component id="oc-667">
         <name>.text:FlashDisable</name>
         <load_address>0x2000ddb0</load_address>
         <run_address>0x2000ddb0</run_address>
         <size>0x48</size>
         <input_file_ref idref="fl-23"/>
      </object_component>
      <object_component id="oc-423">
         <name>.text:GPIO_disableInt</name>
         <load_address>0x2000ddf8</load_address>
         <run_address>0x2000ddf8</run_address>
         <size>0x48</size>
         <input_file_ref idref="fl-10"/>
      </object_component>
      <object_component id="oc-1f6">
         <name>.text:GPIO_enableInt</name>
         <load_address>0x2000de40</load_address>
         <run_address>0x2000de40</run_address>
         <size>0x48</size>
         <input_file_ref idref="fl-10"/>
      </object_component>
      <object_component id="oc-5bd">
         <name>.text:PRCMLPDSEnter</name>
         <load_address>0x2000de88</load_address>
         <run_address>0x2000de88</run_address>
         <size>0x48</size>
         <input_file_ref idref="fl-20"/>
      </object_component>
      <object_component id="oc-24f">
         <name>.text:PRCMPeripheralClkEnable</name>
         <load_address>0x2000ded0</load_address>
         <run_address>0x2000ded0</run_address>
         <size>0x48</size>
         <input_file_ref idref="fl-20"/>
      </object_component>
      <object_component id="oc-686">
         <name>.text:Power_releaseConstraint</name>
         <load_address>0x2000df18</load_address>
         <run_address>0x2000df18</run_address>
         <size>0x48</size>
         <input_file_ref idref="fl-11"/>
      </object_component>
      <object_component id="oc-3eb">
         <name>.text:getPrescaler</name>
         <load_address>0x2000df60</load_address>
         <run_address>0x2000df60</run_address>
         <size>0x46</size>
         <input_file_ref idref="fl-13"/>
      </object_component>
      <object_component id="oc-353">
         <name>.text:PowerCC32XX_initPolicy</name>
         <load_address>0x2000dfa6</load_address>
         <run_address>0x2000dfa6</run_address>
         <size>0x2</size>
         <input_file_ref idref="fl-19"/>
      </object_component>
      <object_component id="oc-4dc">
         <name>.text:ClockP_stop</name>
         <load_address>0x2000dfa8</load_address>
         <run_address>0x2000dfa8</run_address>
         <size>0x44</size>
         <input_file_ref idref="fl-17"/>
      </object_component>
      <object_component id="oc-651">
         <name>.text:PRCMLPDSRestoreInfoSet</name>
         <load_address>0x2000dfec</load_address>
         <run_address>0x2000dfec</run_address>
         <size>0x44</size>
         <input_file_ref idref="fl-20"/>
      </object_component>
      <object_component id="oc-5a6">
         <name>.text:PowerCC32XX_enterLPDS</name>
         <load_address>0x2000e030</load_address>
         <run_address>0x2000e030</run_address>
         <size>0x44</size>
         <input_file_ref idref="fl-12"/>
      </object_component>
      <object_component id="oc-29f">
         <name>.text:SemaphoreP_post</name>
         <load_address>0x2000e074</load_address>
         <run_address>0x2000e074</run_address>
         <size>0x44</size>
         <input_file_ref idref="fl-16"/>
      </object_component>
      <object_component id="oc-49d">
         <name>.text:SwiP_restore</name>
         <load_address>0x2000e0b8</load_address>
         <run_address>0x2000e0b8</run_address>
         <size>0x44</size>
         <input_file_ref idref="fl-1b"/>
      </object_component>
      <object_component id="oc-2cc">
         <name>.text:Timer_start</name>
         <load_address>0x2000e0fc</load_address>
         <run_address>0x2000e0fc</run_address>
         <size>0x44</size>
         <input_file_ref idref="fl-f"/>
      </object_component>
      <object_component id="oc-178">
         <name>.text:__TI_auto_init_nobinit_nopinit:__TI_auto_init_nobinit_nopinit</name>
         <load_address>0x2000e140</load_address>
         <run_address>0x2000e140</run_address>
         <size>0x44</size>
         <input_file_ref idref="fl-e3"/>
      </object_component>
      <object_component id="oc-267">
         <name>.text:PinModeSet</name>
         <load_address>0x2000e184</load_address>
         <run_address>0x2000e184</run_address>
         <size>0x40</size>
         <input_file_ref idref="fl-1f"/>
      </object_component>
      <object_component id="oc-40b">
         <name>.text:TimerSupport_timerEnable</name>
         <load_address>0x2000e1c4</load_address>
         <run_address>0x2000e1c4</run_address>
         <size>0x40</size>
         <input_file_ref idref="fl-13"/>
      </object_component>
      <object_component id="oc-3e5">
         <name>.text:Timer_close</name>
         <load_address>0x2000e204</load_address>
         <run_address>0x2000e204</run_address>
         <size>0x40</size>
         <input_file_ref idref="fl-13"/>
      </object_component>
      <object_component id="oc-1e4">
         <name>.text:initTimer</name>
         <load_address>0x2000e244</load_address>
         <run_address>0x2000e244</run_address>
         <size>0x40</size>
         <input_file_ref idref="fl-2"/>
      </object_component>
      <object_component id="oc-396">
         <name>.text:ClockP_destruct</name>
         <load_address>0x2000e284</load_address>
         <run_address>0x2000e284</run_address>
         <size>0x3c</size>
         <input_file_ref idref="fl-17"/>
      </object_component>
      <object_component id="oc-555">
         <name>.text:Power_setConstraint</name>
         <load_address>0x2000e2c0</load_address>
         <run_address>0x2000e2c0</run_address>
         <size>0x3c</size>
         <input_file_ref idref="fl-11"/>
      </object_component>
      <object_component id="oc-47b">
         <name>.text:getCountsRTC</name>
         <load_address>0x2000e2fc</load_address>
         <run_address>0x2000e2fc</run_address>
         <size>0x3a</size>
         <input_file_ref idref="fl-19"/>
      </object_component>
      <object_component id="oc-516">
         <name>.text:SemaphoreP_destruct</name>
         <load_address>0x2000e336</load_address>
         <run_address>0x2000e336</run_address>
         <size>0x2</size>
         <input_file_ref idref="fl-16"/>
      </object_component>
      <object_component id="oc-5c3">
         <name>.text:PRCMLPDSEnterKeepDebugIf</name>
         <load_address>0x2000e338</load_address>
         <run_address>0x2000e338</run_address>
         <size>0x38</size>
         <input_file_ref idref="fl-20"/>
      </object_component>
      <object_component id="oc-db">
         <name>.text:addToList</name>
         <load_address>0x2000e370</load_address>
         <run_address>0x2000e370</run_address>
         <size>0x38</size>
         <input_file_ref idref="fl-17"/>
      </object_component>
      <object_component id="oc-59">
         <name>.text:initVectors</name>
         <load_address>0x2000e3a8</load_address>
         <run_address>0x2000e3a8</run_address>
         <size>0x38</size>
         <input_file_ref idref="fl-1a"/>
      </object_component>
      <object_component id="oc-594">
         <name>.text:notify</name>
         <load_address>0x2000e3e0</load_address>
         <run_address>0x2000e3e0</run_address>
         <size>0x38</size>
         <input_file_ref idref="fl-11"/>
      </object_component>
      <object_component id="oc-536">
         <name>.text:TimerControlStall</name>
         <load_address>0x2000e418</load_address>
         <run_address>0x2000e418</run_address>
         <size>0x36</size>
         <input_file_ref idref="fl-21"/>
      </object_component>
      <object_component id="oc-4fe">
         <name>.text:Timer_stop</name>
         <load_address>0x2000e44e</load_address>
         <run_address>0x2000e44e</run_address>
         <size>0x36</size>
         <input_file_ref idref="fl-f"/>
      </object_component>
      <object_component id="oc-469">
         <name>.text:ClockP_getTicksUntilInterrupt</name>
         <load_address>0x2000e484</load_address>
         <run_address>0x2000e484</run_address>
         <size>0x34</size>
         <input_file_ref idref="fl-17"/>
      </object_component>
      <object_component id="oc-585">
         <name>.text:ClockP_startup</name>
         <load_address>0x2000e4b8</load_address>
         <run_address>0x2000e4b8</run_address>
         <size>0x34</size>
         <input_file_ref idref="fl-17"/>
      </object_component>
      <object_component id="oc-261">
         <name>.text:PinModeGet</name>
         <load_address>0x2000e4ec</load_address>
         <run_address>0x2000e4ec</run_address>
         <size>0x34</size>
         <input_file_ref idref="fl-1f"/>
      </object_component>
      <object_component id="oc-51c">
         <name>.text:TimerCC32XX_freeTimerResource</name>
         <load_address>0x2000e520</load_address>
         <run_address>0x2000e520</run_address>
         <size>0x34</size>
         <input_file_ref idref="fl-13"/>
      </object_component>
      <object_component id="oc-403">
         <name>.text:TimerCC32XX_hwiIntFunction</name>
         <load_address>0x2000e554</load_address>
         <run_address>0x2000e554</run_address>
         <size>0x34</size>
         <input_file_ref idref="fl-13"/>
      </object_component>
      <object_component id="oc-4f2">
         <name>.text:getPowerMgrId</name>
         <load_address>0x2000e588</load_address>
         <run_address>0x2000e588</run_address>
         <size>0x34</size>
         <input_file_ref idref="fl-13"/>
      </object_component>
      <object_component id="oc-384">
         <name>.text:ClockP_start</name>
         <load_address>0x2000e5bc</load_address>
         <run_address>0x2000e5bc</run_address>
         <size>0x30</size>
         <input_file_ref idref="fl-17"/>
      </object_component>
      <object_component id="oc-660">
         <name>.text:PowerCC32XX_restoreParkedPin</name>
         <load_address>0x2000e5ec</load_address>
         <run_address>0x2000e5ec</run_address>
         <size>0x30</size>
         <input_file_ref idref="fl-11"/>
      </object_component>
      <object_component id="oc-2eb">
         <name>.text:HwiP_create</name>
         <load_address>0x2000e61c</load_address>
         <run_address>0x2000e61c</run_address>
         <size>0x2a</size>
         <input_file_ref idref="fl-18"/>
      </object_component>
      <object_component id="oc-530">
         <name>.text:TimerLoadSet</name>
         <load_address>0x2000e646</load_address>
         <run_address>0x2000e646</run_address>
         <size>0x2a</size>
         <input_file_ref idref="fl-21"/>
      </object_component>
      <object_component id="oc-52a">
         <name>.text:TimerPrescaleSet</name>
         <load_address>0x2000e670</load_address>
         <run_address>0x2000e670</run_address>
         <size>0x2a</size>
         <input_file_ref idref="fl-21"/>
      </object_component>
      <object_component id="oc-2ba">
         <name>.text:Timer_init</name>
         <load_address>0x2000e69a</load_address>
         <run_address>0x2000e69a</run_address>
         <size>0x2</size>
         <input_file_ref idref="fl-f"/>
      </object_component>
      <object_component id="oc-25b">
         <name>.text:PRCMPeripheralClkDisable</name>
         <load_address>0x2000e69c</load_address>
         <run_address>0x2000e69c</run_address>
         <size>0x28</size>
         <input_file_ref idref="fl-20"/>
      </object_component>
      <object_component id="oc-299">
         <name>.text:Power_registerNotify</name>
         <load_address>0x2000e6c4</load_address>
         <run_address>0x2000e6c4</run_address>
         <size>0x28</size>
         <input_file_ref idref="fl-11"/>
      </object_component>
      <object_component id="oc-4d4">
         <name>.text:free_list_insert</name>
         <load_address>0x2000e6ec</load_address>
         <run_address>0x2000e6ec</run_address>
         <size>0x28</size>
         <input_file_ref idref="fl-df"/>
      </object_component>
      <object_component id="oc-3a6">
         <name>.text:List_put</name>
         <load_address>0x2000e714</load_address>
         <run_address>0x2000e714</run_address>
         <size>0x26</size>
         <input_file_ref idref="fl-14"/>
      </object_component>
      <object_component id="oc-5f6">
         <name>.text:List_remove</name>
         <load_address>0x2000e73a</load_address>
         <run_address>0x2000e73a</run_address>
         <size>0x26</size>
         <input_file_ref idref="fl-14"/>
      </object_component>
      <object_component id="oc-56c">
         <name>.text:HwiP_dispatch</name>
         <load_address>0x2000e760</load_address>
         <run_address>0x2000e760</run_address>
         <size>0x24</size>
         <input_file_ref idref="fl-18"/>
      </object_component>
      <object_component id="oc-5ef">
         <name>.text:TimerSupport_timerDisable</name>
         <load_address>0x2000e784</load_address>
         <run_address>0x2000e784</run_address>
         <size>0x24</size>
         <input_file_ref idref="fl-13"/>
      </object_component>
      <object_component id="oc-c5">
         <name>.text:_c_int00_noargs:_c_int00_noargs</name>
         <load_address>0x2000e7a8</load_address>
         <run_address>0x2000e7a8</run_address>
         <size>0x24</size>
         <input_file_ref idref="fl-e0"/>
      </object_component>
      <object_component id="oc-5fe">
         <name>.text:HwiP_destruct</name>
         <load_address>0x2000e7cc</load_address>
         <run_address>0x2000e7cc</run_address>
         <size>0x20</size>
         <input_file_ref idref="fl-18"/>
      </object_component>
      <object_component id="oc-504">
         <name>.text:Power_unregisterNotify</name>
         <load_address>0x2000e7ec</load_address>
         <run_address>0x2000e7ec</run_address>
         <size>0x20</size>
         <input_file_ref idref="fl-11"/>
      </object_component>
      <object_component id="oc-3d9">
         <name>.text:SemaphoreP_constructBinary</name>
         <load_address>0x2000e80c</load_address>
         <run_address>0x2000e80c</run_address>
         <size>0x1e</size>
         <input_file_ref idref="fl-16"/>
      </object_component>
      <object_component id="oc-524">
         <name>.text:TimerDisable</name>
         <load_address>0x2000e82a</load_address>
         <run_address>0x2000e82a</run_address>
         <size>0x1e</size>
         <input_file_ref idref="fl-21"/>
      </object_component>
      <object_component id="oc-55b">
         <name>.text:TimerEnable</name>
         <load_address>0x2000e848</load_address>
         <run_address>0x2000e848</run_address>
         <size>0x1e</size>
         <input_file_ref idref="fl-21"/>
      </object_component>
      <object_component id="oc-31b">
         <name>.text:_nop</name>
         <load_address>0x2000e866</load_address>
         <run_address>0x2000e866</run_address>
         <size>0x2</size>
         <input_file_ref idref="fl-e7"/>
      </object_component>
      <object_component id="oc-1f0">
         <name>.text:GPIO_setCallback</name>
         <load_address>0x2000e868</load_address>
         <run_address>0x2000e868</run_address>
         <size>0x1c</size>
         <input_file_ref idref="fl-e"/>
      </object_component>
      <object_component id="oc-63d">
         <name>.text:PinToPadGet</name>
         <load_address>0x2000e884</load_address>
         <run_address>0x2000e884</run_address>
         <size>0x1c</size>
         <input_file_ref idref="fl-1f"/>
      </object_component>
      <object_component id="oc-45d">
         <name>.text:SwiP_disable</name>
         <load_address>0x2000e8a0</load_address>
         <run_address>0x2000e8a0</run_address>
         <size>0x1c</size>
         <input_file_ref idref="fl-1b"/>
      </object_component>
      <object_component id="oc-47">
         <name>.text:decompress:ZI:__TI_zero_init_nomemset:__TI_zero_init_nomemset</name>
         <load_address>0x2000e8bc</load_address>
         <run_address>0x2000e8bc</run_address>
         <size>0x1c</size>
         <input_file_ref idref="fl-dc"/>
      </object_component>
      <object_component id="oc-4ce">
         <name>.text:free_list_remove</name>
         <load_address>0x2000e8d8</load_address>
         <run_address>0x2000e8d8</run_address>
         <size>0x1c</size>
         <input_file_ref idref="fl-df"/>
      </object_component>
      <object_component id="oc-30d">
         <name>.text:waitTicks</name>
         <load_address>0x2000e8f4</load_address>
         <run_address>0x2000e8f4</run_address>
         <size>0x1c</size>
         <input_file_ref idref="fl-2"/>
      </object_component>
      <object_component id="oc-27b">
         <name>.text:SemaphoreP_createBinary</name>
         <load_address>0x2000e910</load_address>
         <run_address>0x2000e910</run_address>
         <size>0x1a</size>
         <input_file_ref idref="fl-16"/>
      </object_component>
      <object_component id="oc-73">
         <name>.text:busFaultHandler</name>
         <load_address>0x2000e92a</load_address>
         <run_address>0x2000e92a</run_address>
         <size>0x2</size>
         <input_file_ref idref="fl-1a"/>
      </object_component>
      <object_component id="oc-21">
         <name>.text:resetISR</name>
         <load_address>0x2000e92c</load_address>
         <run_address>0x2000e92c</run_address>
         <size>0x1a</size>
         <input_file_ref idref="fl-1a"/>
      </object_component>
      <object_component id="oc-39c">
         <name>.text:clkFxn</name>
         <load_address>0x2000e946</load_address>
         <run_address>0x2000e946</run_address>
         <size>0x2</size>
         <input_file_ref idref="fl-16"/>
      </object_component>
      <object_component id="oc-46f">
         <name>.text:Power_getTransitionLatency</name>
         <load_address>0x2000e948</load_address>
         <run_address>0x2000e948</run_address>
         <size>0x18</size>
         <input_file_ref idref="fl-11"/>
      </object_component>
      <object_component id="oc-5d7">
         <name>.text:Power_idleFunc</name>
         <load_address>0x2000e960</load_address>
         <run_address>0x2000e960</run_address>
         <size>0x18</size>
         <input_file_ref idref="fl-11"/>
      </object_component>
      <object_component id="oc-680">
         <name>.text:TimerIntDisable</name>
         <load_address>0x2000e978</load_address>
         <run_address>0x2000e978</run_address>
         <size>0x18</size>
         <input_file_ref idref="fl-21"/>
      </object_component>
      <object_component id="oc-54f">
         <name>.text:TimerIntEnable</name>
         <load_address>0x2000e990</load_address>
         <run_address>0x2000e990</run_address>
         <size>0x18</size>
         <input_file_ref idref="fl-21"/>
      </object_component>
      <object_component id="oc-48c">
         <name>.text</name>
         <load_address>0x2000e9a8</load_address>
         <run_address>0x2000e9a8</run_address>
         <size>0x18</size>
         <input_file_ref idref="fl-d9"/>
      </object_component>
      <object_component id="oc-249">
         <name>.text:PRCMHIBRegRead</name>
         <load_address>0x2000e9c0</load_address>
         <run_address>0x2000e9c0</run_address>
         <size>0x16</size>
         <input_file_ref idref="fl-20"/>
      </object_component>
      <object_component id="oc-243">
         <name>.text:PRCMHIBRegWrite</name>
         <load_address>0x2000e9d6</load_address>
         <run_address>0x2000e9d6</run_address>
         <size>0x16</size>
         <input_file_ref idref="fl-20"/>
      </object_component>
      <object_component id="oc-36c">
         <name>.text:SemaphoreP_create</name>
         <load_address>0x2000e9ec</load_address>
         <run_address>0x2000e9ec</run_address>
         <size>0x16</size>
         <input_file_ref idref="fl-16"/>
      </object_component>
      <object_component id="oc-159">
         <name>.text:Board_init</name>
         <load_address>0x2000ea02</load_address>
         <run_address>0x2000ea02</run_address>
         <size>0x14</size>
         <input_file_ref idref="fl-3"/>
      </object_component>
      <object_component id="oc-a3">
         <name>.text:CPUcpsid</name>
         <load_address>0x2000ea16</load_address>
         <run_address>0x2000ea16</run_address>
         <size>0x14</size>
         <input_file_ref idref="fl-1d"/>
      </object_component>
      <object_component id="oc-6d">
         <name>.text:defaultHandler</name>
         <load_address>0x2000ea2a</load_address>
         <run_address>0x2000ea2a</run_address>
         <size>0x2</size>
         <input_file_ref idref="fl-1a"/>
      </object_component>
      <object_component id="oc-3ad">
         <name>.text:HwiP_inISR</name>
         <load_address>0x2000ea2c</load_address>
         <run_address>0x2000ea2c</run_address>
         <size>0x14</size>
         <input_file_ref idref="fl-18"/>
      </object_component>
      <object_component id="oc-af">
         <name>.text:IntVTableBaseSet</name>
         <load_address>0x2000ea40</load_address>
         <run_address>0x2000ea40</run_address>
         <size>0x14</size>
         <input_file_ref idref="fl-1e"/>
      </object_component>
      <object_component id="oc-3b3">
         <name>.text:Power_disablePolicy</name>
         <load_address>0x2000ea54</load_address>
         <run_address>0x2000ea54</run_address>
         <size>0x14</size>
         <input_file_ref idref="fl-11"/>
      </object_component>
      <object_component id="oc-659">
         <name>.text:Power_getDependencyCount</name>
         <load_address>0x2000ea68</load_address>
         <run_address>0x2000ea68</run_address>
         <size>0x14</size>
         <input_file_ref idref="fl-11"/>
      </object_component>
      <object_component id="oc-2e5">
         <name>.text:HwiP_Params_init</name>
         <load_address>0x2000ea7c</load_address>
         <run_address>0x2000ea7c</run_address>
         <size>0x12</size>
         <input_file_ref idref="fl-18"/>
      </object_component>
      <object_component id="oc-546">
         <name>.text:TimerIntClear</name>
         <load_address>0x2000ea8e</load_address>
         <run_address>0x2000ea8e</run_address>
         <size>0x12</size>
         <input_file_ref idref="fl-21"/>
      </object_component>
      <object_component id="oc-11f">
         <name>.text:main</name>
         <load_address>0x2000eaa0</load_address>
         <run_address>0x2000eaa0</run_address>
         <size>0x12</size>
         <input_file_ref idref="fl-4"/>
      </object_component>
      <object_component id="oc-37e">
         <name>.text:ClockP_add</name>
         <load_address>0x2000eab2</load_address>
         <run_address>0x2000eab2</run_address>
         <size>0x10</size>
         <input_file_ref idref="fl-17"/>
      </object_component>
      <object_component id="oc-67">
         <name>.text:faultISR</name>
         <load_address>0x2000eac2</load_address>
         <run_address>0x2000eac2</run_address>
         <size>0x2</size>
         <input_file_ref idref="fl-1a"/>
      </object_component>
      <object_component id="oc-3df">
         <name>.text:ClockP_getCpuFreq</name>
         <load_address>0x2000eac4</load_address>
         <run_address>0x2000eac4</run_address>
         <size>0x10</size>
         <input_file_ref idref="fl-17"/>
      </object_component>
      <object_component id="oc-475">
         <name>.text:ClockP_getSystemTicks</name>
         <load_address>0x2000ead4</load_address>
         <run_address>0x2000ead4</run_address>
         <size>0x10</size>
         <input_file_ref idref="fl-17"/>
      </object_component>
      <object_component id="oc-491">
         <name>.text:ClockP_setTicks</name>
         <load_address>0x2000eae4</load_address>
         <run_address>0x2000eae4</run_address>
         <size>0x10</size>
         <input_file_ref idref="fl-17"/>
      </object_component>
      <object_component id="oc-510">
         <name>.text:HwiP_delete</name>
         <load_address>0x2000eaf4</load_address>
         <run_address>0x2000eaf4</run_address>
         <size>0x10</size>
         <input_file_ref idref="fl-18"/>
      </object_component>
      <object_component id="oc-287">
         <name>.text:HwiP_restore</name>
         <load_address>0x2000eb04</load_address>
         <run_address>0x2000eb04</run_address>
         <size>0x10</size>
         <input_file_ref idref="fl-18"/>
      </object_component>
      <object_component id="oc-38a">
         <name>.text:Power_enablePolicy</name>
         <load_address>0x2000eb14</load_address>
         <run_address>0x2000eb14</run_address>
         <size>0x10</size>
         <input_file_ref idref="fl-11"/>
      </object_component>
      <object_component id="oc-366">
         <name>.text:SemaphoreP_Params_init</name>
         <load_address>0x2000eb24</load_address>
         <run_address>0x2000eb24</run_address>
         <size>0x10</size>
         <input_file_ref idref="fl-16"/>
      </object_component>
      <object_component id="oc-2c0">
         <name>.text:Timer_Params_init</name>
         <load_address>0x2000eb34</load_address>
         <run_address>0x2000eb34</run_address>
         <size>0x10</size>
         <input_file_ref idref="fl-f"/>
      </object_component>
      <object_component id="oc-50a">
         <name>.text:HwiP_clearInterrupt</name>
         <load_address>0x2000eb44</load_address>
         <run_address>0x2000eb44</run_address>
         <size>0xe</size>
         <input_file_ref idref="fl-18"/>
      </object_component>
      <object_component id="oc-281">
         <name>.text:HwiP_disable</name>
         <load_address>0x2000eb52</load_address>
         <run_address>0x2000eb52</run_address>
         <size>0xe</size>
         <input_file_ref idref="fl-18"/>
      </object_component>
      <object_component id="oc-15f">
         <name>.text:HwiP_enable</name>
         <load_address>0x2000eb60</load_address>
         <run_address>0x2000eb60</run_address>
         <size>0xe</size>
         <input_file_ref idref="fl-18"/>
      </object_component>
      <object_component id="oc-1a">
         <name>.text:decompress:none:__TI_decompress_none</name>
         <load_address>0x2000eb6e</load_address>
         <run_address>0x2000eb6e</run_address>
         <size>0xe</size>
         <input_file_ref idref="fl-dd"/>
      </object_component>
      <object_component id="oc-463">
         <name>.text:Power_getConstraintMask</name>
         <load_address>0x2000eb7c</load_address>
         <run_address>0x2000eb7c</run_address>
         <size>0xc</size>
         <input_file_ref idref="fl-11"/>
      </object_component>
      <object_component id="oc-202">
         <name>.text:gpioButtonFxn0</name>
         <load_address>0x2000eb88</load_address>
         <run_address>0x2000eb88</run_address>
         <size>0xc</size>
         <input_file_ref idref="fl-2"/>
      </object_component>
      <object_component id="oc-208">
         <name>.text:gpioButtonFxn1</name>
         <load_address>0x2000eb94</load_address>
         <run_address>0x2000eb94</run_address>
         <size>0xc</size>
         <input_file_ref idref="fl-2"/>
      </object_component>
      <object_component id="oc-3fd">
         <name>.text:postNotifyFxn</name>
         <load_address>0x2000eba0</load_address>
         <run_address>0x2000eba0</run_address>
         <size>0xc</size>
         <input_file_ref idref="fl-13"/>
      </object_component>
      <object_component id="oc-2d2">
         <name>.text:timerCallback</name>
         <load_address>0x2000ebac</load_address>
         <run_address>0x2000ebac</run_address>
         <size>0xc</size>
         <input_file_ref idref="fl-2"/>
      </object_component>
      <object_component id="oc-390">
         <name>.text:ClockP_isActive</name>
         <load_address>0x2000ebb8</load_address>
         <run_address>0x2000ebb8</run_address>
         <size>0xa</size>
         <input_file_ref idref="fl-17"/>
      </object_component>
      <object_component id="oc-53">
         <name>.text:IntMasterDisable</name>
         <load_address>0x2000ebc2</load_address>
         <run_address>0x2000ebc2</run_address>
         <size>0xa</size>
         <input_file_ref idref="fl-1e"/>
      </object_component>
      <object_component id="oc-416">
         <name>.text:malloc</name>
         <load_address>0x2000ebcc</load_address>
         <run_address>0x2000ebcc</run_address>
         <size>0x8</size>
         <input_file_ref idref="fl-df"/>
      </object_component>
      <object_component id="oc-242">
         <name>.text:UtilsDelay</name>
         <load_address>0x2000ebd4</load_address>
         <run_address>0x2000ebd4</run_address>
         <size>0x6</size>
         <input_file_ref idref="fl-22"/>
      </object_component>
      <object_component id="oc-497">
         <name>.text:ClockP_doTick</name>
         <load_address>0x2000ebda</load_address>
         <run_address>0x2000ebda</run_address>
         <size>0x4</size>
         <input_file_ref idref="fl-17"/>
      </object_component>
      <object_component id="oc-5cd">
         <name>.text:HwiP_post</name>
         <load_address>0x2000ebde</load_address>
         <run_address>0x2000ebde</run_address>
         <size>0x4</size>
         <input_file_ref idref="fl-18"/>
      </object_component>
      <object_component id="oc-28d">
         <name>.text:SemaphoreP_delete</name>
         <load_address>0x2000ebe2</load_address>
         <run_address>0x2000ebe2</run_address>
         <size>0x4</size>
         <input_file_ref idref="fl-16"/>
      </object_component>
      <object_component id="oc-119">
         <name>.text:_system_pre_init</name>
         <load_address>0x2000ebe6</load_address>
         <run_address>0x2000ebe6</run_address>
         <size>0x4</size>
         <input_file_ref idref="fl-e4"/>
      </object_component>
      <object_component id="oc-16c">
         <name>.text:abort:abort</name>
         <load_address>0x2000ebea</load_address>
         <run_address>0x2000ebea</run_address>
         <size>0x4</size>
         <input_file_ref idref="fl-e6"/>
      </object_component>
      <object_component id="oc-61">
         <name>.text:nmiISR</name>
         <load_address>0x2000ebee</load_address>
         <run_address>0x2000ebee</run_address>
         <size>0x2</size>
         <input_file_ref idref="fl-1a"/>
      </object_component>
      <object_component id="oc-58e">
         <name>.text</name>
         <load_address>0x2000ebf0</load_address>
         <run_address>0x2000ebf0</run_address>
         <size>0x2</size>
         <input_file_ref idref="fl-e1"/>
      </object_component>
      <object_component id="oc-344">
         <name>.const:g_ulPinToPadMap</name>
         <load_address>0x2000f510</load_address>
         <run_address>0x2000f510</run_address>
         <size>0x100</size>
         <input_file_ref idref="fl-1f"/>
      </object_component>
      <object_component id="oc-33d">
         <name>.const:PRCM_PeriphRegsList</name>
         <load_address>0x2000f610</load_address>
         <run_address>0x2000f610</run_address>
         <size>0xa8</size>
         <input_file_ref idref="fl-20"/>
      </object_component>
      <object_component id="oc-277">
         <name>.const:PowerCC32XX_config</name>
         <load_address>0x2000f6b8</load_address>
         <run_address>0x2000f6b8</run_address>
         <size>0x44</size>
         <input_file_ref idref="fl-3"/>
      </object_component>
      <object_component id="oc-300">
         <name>.const:portConfigs</name>
         <load_address>0x2000f6fc</load_address>
         <run_address>0x2000f6fc</run_address>
         <size>0x28</size>
         <input_file_ref idref="fl-10"/>
      </object_component>
      <object_component id="oc-2f7">
         <name>.const:.string:pinTable</name>
         <load_address>0x2000f724</load_address>
         <run_address>0x2000f724</run_address>
         <size>0x21</size>
         <input_file_ref idref="fl-10"/>
      </object_component>
      <object_component id="oc-113">
         <name>.const:g_pulEnRegs</name>
         <load_address>0x2000f748</load_address>
         <run_address>0x2000f748</run_address>
         <size>0x18</size>
         <input_file_ref idref="fl-1e"/>
      </object_component>
      <object_component id="oc-69b">
         <name>.const:g_pulPendRegs</name>
         <load_address>0x2000f760</load_address>
         <run_address>0x2000f760</run_address>
         <size>0x18</size>
         <input_file_ref idref="fl-1e"/>
      </object_component>
      <object_component id="oc-2ac">
         <name>.const:GPIO_config</name>
         <load_address>0x2000f778</load_address>
         <run_address>0x2000f778</run_address>
         <size>0x10</size>
         <input_file_ref idref="fl-3"/>
      </object_component>
      <object_component id="oc-540">
         <name>.const:timerCC32XXHWAttrs</name>
         <load_address>0x2000f788</load_address>
         <run_address>0x2000f788</run_address>
         <size>0x10</size>
         <input_file_ref idref="fl-3"/>
      </object_component>
      <object_component id="oc-3cf">
         <name>.const:defaultParams</name>
         <load_address>0x2000f798</load_address>
         <run_address>0x2000f798</run_address>
         <size>0xc</size>
         <input_file_ref idref="fl-f"/>
      </object_component>
      <object_component id="oc-3f7">
         <name>.const:defaultParams</name>
         <load_address>0x2000f7a4</load_address>
         <run_address>0x2000f7a4</run_address>
         <size>0xc</size>
         <input_file_ref idref="fl-13"/>
      </object_component>
      <object_component id="oc-3fa">
         <name>.const:Timer_config</name>
         <load_address>0x2000f7b0</load_address>
         <run_address>0x2000f7b0</run_address>
         <size>0x8</size>
         <input_file_ref idref="fl-3"/>
      </object_component>
      <object_component id="oc-2a9">
         <name>.const</name>
         <load_address>0x2000f7b8</load_address>
         <run_address>0x2000f7b8</run_address>
         <size>0x8</size>
         <input_file_ref idref="fl-3"/>
      </object_component>
      <object_component id="oc-6d1">
         <name>.cinit..data.load</name>
         <load_address>0x2000f7c0</load_address>
         <run_address>0x2000f7c0</run_address>
         <size>0xcf</size>
      </object_component>
      <object_component id="oc-6cf">
         <name>__TI_handler_table</name>
         <load_address>0x2000f890</load_address>
         <run_address>0x2000f890</run_address>
         <size>0xc</size>
      </object_component>
      <object_component id="oc-6d2">
         <name>.cinit..bss.load</name>
         <load_address>0x2000f8a0</load_address>
         <run_address>0x2000f8a0</run_address>
         <size>0x8</size>
      </object_component>
      <object_component id="oc-6d0">
         <name>__TI_cinit_table</name>
         <load_address>0x2000f8a8</load_address>
         <run_address>0x2000f8a8</run_address>
         <size>0x10</size>
      </object_component>
      <object_component id="oc-313">
         <name>.data</name>
         <load_address>0x2000f212</load_address>
         <run_address>0x2000f212</run_address>
         <size>0x2</size>
         <input_file_ref idref="fl-2"/>
      </object_component>
      <object_component id="oc-3be">
         <name>.data:gpioPinConfigs</name>
         <load_address>0x2000f164</load_address>
         <run_address>0x2000f164</run_address>
         <size>0x84</size>
         <input_file_ref idref="fl-3"/>
      </object_component>
      <object_component id="oc-35f">
         <name>.data:parkInfo</name>
         <load_address>0x2000f06c</load_address>
         <run_address>0x2000f06c</run_address>
         <size>0xf8</size>
         <input_file_ref idref="fl-3"/>
      </object_component>
      <object_component id="oc-2a6">
         <name>.data</name>
         <load_address>0x2000f210</load_address>
         <run_address>0x2000f210</run_address>
         <size>0x2</size>
         <input_file_ref idref="fl-10"/>
      </object_component>
      <object_component id="oc-274">
         <name>.data:PowerCC32XX_module</name>
         <load_address>0x2000ef00</load_address>
         <run_address>0x2000ef00</run_address>
         <size>0x16c</size>
         <input_file_ref idref="fl-11"/>
      </object_component>
      <object_component id="oc-3a2">
         <name>.data</name>
         <load_address>0x2000f20d</load_address>
         <run_address>0x2000f20d</run_address>
         <size>0x3</size>
         <input_file_ref idref="fl-16"/>
      </object_component>
      <object_component id="oc-4b0">
         <name>.data:SemaphoreP_defaultParams</name>
         <load_address>0x2000f1f8</load_address>
         <run_address>0x2000f1f8</run_address>
         <size>0x8</size>
         <input_file_ref idref="fl-16"/>
      </object_component>
      <object_component id="oc-4a3">
         <name>.data</name>
         <load_address>0x2000f208</load_address>
         <run_address>0x2000f208</run_address>
         <size>0x5</size>
         <input_file_ref idref="fl-17"/>
      </object_component>
      <object_component id="oc-569">
         <name>.data:HwiP_dispatchTable</name>
         <load_address>0x2000ebf4</load_address>
         <run_address>0x2000ebf4</run_address>
         <size>0x30c</size>
         <input_file_ref idref="fl-18"/>
      </object_component>
      <object_component id="oc-572">
         <name>.data</name>
         <load_address>0x2000f200</load_address>
         <run_address>0x2000f200</run_address>
         <size>0x8</size>
         <input_file_ref idref="fl-18"/>
      </object_component>
      <object_component id="oc-5e0">
         <name>.data:$O1$$</name>
         <load_address>0x2000f1f0</load_address>
         <run_address>0x2000f1f0</run_address>
         <size>0x8</size>
         <input_file_ref idref="fl-df"/>
      </object_component>
      <object_component id="oc-214">
         <name>.data:$O1$$</name>
         <load_address>0x2000f1e8</load_address>
         <run_address>0x2000f1e8</run_address>
         <size>0x8</size>
         <input_file_ref idref="fl-e7"/>
      </object_component>
      <object_component id="oc-2af">
         <name>.bss:powerNotifyObj</name>
         <uninitialized>true</uninitialized>
         <run_address>0x2000f4d0</run_address>
         <size>0x14</size>
         <input_file_ref idref="fl-10"/>
      </object_component>
      <object_component id="oc-2a5">
         <name>.bss</name>
         <uninitialized>true</uninitialized>
         <run_address>0x2000f4e4</run_address>
         <size>0x4</size>
         <input_file_ref idref="fl-10"/>
      </object_component>
      <object_component id="oc-4f8">
         <name>.bss:timerState</name>
         <uninitialized>true</uninitialized>
         <run_address>0x2000f50c</run_address>
         <size>0x4</size>
         <input_file_ref idref="fl-13"/>
      </object_component>
      <object_component id="oc-635">
         <name>.bss</name>
         <uninitialized>true</uninitialized>
         <run_address>0x2000f508</run_address>
         <size>0x4</size>
         <input_file_ref idref="fl-17"/>
      </object_component>
      <object_component id="oc-579">
         <name>.bss</name>
         <uninitialized>true</uninitialized>
         <run_address>0x2000f4f8</run_address>
         <size>0xd</size>
         <input_file_ref idref="fl-1b"/>
      </object_component>
      <object_component id="oc-20e">
         <name>.common:MorseSM_State</name>
         <uninitialized>true</uninitialized>
         <run_address>0x2000f505</run_address>
         <size>0x1</size>
      </object_component>
      <object_component id="oc-3c1">
         <name>.common:gpioCallbackFunctions</name>
         <uninitialized>true</uninitialized>
         <run_address>0x2000f344</run_address>
         <size>0x84</size>
      </object_component>
      <object_component id="oc-3c2">
         <name>.common:gpioUserArgs</name>
         <uninitialized>true</uninitialized>
         <run_address>0x2000f3c8</run_address>
         <size>0x84</size>
      </object_component>
      <object_component id="oc-53f">
         <name>.common:timerCC32XXObjects</name>
         <uninitialized>true</uninitialized>
         <run_address>0x2000f44c</run_address>
         <size>0x84</size>
      </object_component>
      <object_component id="oc-64a">
         <name>.common:PowerCC32XX_contextSave</name>
         <uninitialized>true</uninitialized>
         <run_address>0x2000f218</run_address>
         <size>0x12c</size>
      </object_component>
      <object_component id="oc-e1">
         <name>.common:ClockP_ctrl</name>
         <uninitialized>true</uninitialized>
         <run_address>0x2000f4e8</run_address>
         <size>0x10</size>
      </object_component>
      <object_component id="oc-2a">
         <name>.sysmem</name>
         <uninitialized>true</uninitialized>
         <run_address>0x20004040</run_address>
         <size>0x10</size>
         <input_file_ref idref="fl-df"/>
      </object_component>
      <object_component id="oc-6d5">
         <name>.sysmem</name>
         <uninitialized>true</uninitialized>
         <run_address>0x20004040</run_address>
         <size>0x0</size>
      </object_component>
      <object_component id="oc-2d">
         <name>.stack</name>
         <uninitialized>true</uninitialized>
         <run_address>0x20003000</run_address>
         <size>0x4</size>
         <input_file_ref idref="fl-e0"/>
      </object_component>
      <object_component id="oc-6d4">
         <name>.stack</name>
         <uninitialized>true</uninitialized>
         <run_address>0x20003000</run_address>
         <size>0x0</size>
      </object_component>
      <object_component id="oc-27">
         <name>.resetVecs:retain</name>
         <load_address>0x20004000</load_address>
         <run_address>0x20004000</run_address>
         <size>0x40</size>
         <input_file_ref idref="fl-1a"/>
      </object_component>
      <object_component id="oc-bb">
         <name>.ramVecs</name>
         <uninitialized>true</uninitialized>
         <run_address>0x20000000</run_address>
         <size>0x30c</size>
         <input_file_ref idref="fl-1a"/>
      </object_component>
      <object_component id="oc-152">
         <name>.debug_info</name>
         <load_address>0x0</load_address>
         <run_address>0x0</run_address>
         <size>0x3d0</size>
         <input_file_ref idref="fl-2"/>
      </object_component>
      <object_component id="oc-314">
         <name>.debug_info</name>
         <load_address>0x3d0</load_address>
         <run_address>0x3d0</run_address>
         <size>0x123</size>
         <input_file_ref idref="fl-2"/>
      </object_component>
      <object_component id="oc-30e">
         <name>.debug_info</name>
         <load_address>0x4f3</load_address>
         <run_address>0x4f3</run_address>
         <size>0x168</size>
         <input_file_ref idref="fl-2"/>
      </object_component>
      <object_component id="oc-2d3">
         <name>.debug_info</name>
         <load_address>0x65b</load_address>
         <run_address>0x65b</run_address>
         <size>0x16f</size>
         <input_file_ref idref="fl-2"/>
      </object_component>
      <object_component id="oc-1e5">
         <name>.debug_info</name>
         <load_address>0x7ca</load_address>
         <run_address>0x7ca</run_address>
         <size>0x1b0</size>
         <input_file_ref idref="fl-2"/>
      </object_component>
      <object_component id="oc-1fd">
         <name>.debug_info</name>
         <load_address>0x97a</load_address>
         <run_address>0x97a</run_address>
         <size>0x525</size>
         <input_file_ref idref="fl-2"/>
      </object_component>
      <object_component id="oc-166">
         <name>.debug_info</name>
         <load_address>0xe9f</load_address>
         <run_address>0xe9f</run_address>
         <size>0x22a</size>
         <input_file_ref idref="fl-2"/>
      </object_component>
      <object_component id="oc-209">
         <name>.debug_info</name>
         <load_address>0x10c9</load_address>
         <run_address>0x10c9</run_address>
         <size>0x153</size>
         <input_file_ref idref="fl-2"/>
      </object_component>
      <object_component id="oc-203">
         <name>.debug_info</name>
         <load_address>0x121c</load_address>
         <run_address>0x121c</run_address>
         <size>0x153</size>
         <input_file_ref idref="fl-2"/>
      </object_component>
      <object_component id="oc-1ad">
         <name>.debug_info</name>
         <load_address>0x136f</load_address>
         <run_address>0x136f</run_address>
         <size>0x2a7</size>
         <input_file_ref idref="fl-2"/>
      </object_component>
      <object_component id="oc-139">
         <name>.debug_info</name>
         <load_address>0x1616</load_address>
         <run_address>0x1616</run_address>
         <size>0x100</size>
         <input_file_ref idref="fl-2"/>
      </object_component>
      <object_component id="oc-237">
         <name>.debug_info</name>
         <load_address>0x1716</load_address>
         <run_address>0x1716</run_address>
         <size>0xf8</size>
         <input_file_ref idref="fl-2"/>
      </object_component>
      <object_component id="oc-e7">
         <name>.debug_info</name>
         <load_address>0x180e</load_address>
         <run_address>0x180e</run_address>
         <size>0x26b</size>
         <input_file_ref idref="fl-2"/>
      </object_component>
      <object_component id="oc-1bc">
         <name>.debug_info</name>
         <load_address>0x1a79</load_address>
         <run_address>0x1a79</run_address>
         <size>0xa8</size>
         <input_file_ref idref="fl-2"/>
      </object_component>
      <object_component id="oc-1b2">
         <name>.debug_info</name>
         <load_address>0x1b21</load_address>
         <run_address>0x1b21</run_address>
         <size>0xa1</size>
         <input_file_ref idref="fl-2"/>
      </object_component>
      <object_component id="oc-232">
         <name>.debug_info</name>
         <load_address>0x1bc2</load_address>
         <run_address>0x1bc2</run_address>
         <size>0xb6</size>
         <input_file_ref idref="fl-2"/>
      </object_component>
      <object_component id="oc-1c1">
         <name>.debug_info</name>
         <load_address>0x1c78</load_address>
         <run_address>0x1c78</run_address>
         <size>0x48</size>
         <input_file_ref idref="fl-2"/>
      </object_component>
      <object_component id="oc-10d">
         <name>.debug_info</name>
         <load_address>0x1cc0</load_address>
         <run_address>0x1cc0</run_address>
         <size>0x8b</size>
         <input_file_ref idref="fl-2"/>
      </object_component>
      <object_component id="oc-14d">
         <name>.debug_info</name>
         <load_address>0x1d4b</load_address>
         <run_address>0x1d4b</run_address>
         <size>0x2a4</size>
         <input_file_ref idref="fl-2"/>
      </object_component>
      <object_component id="oc-1b7">
         <name>.debug_info</name>
         <load_address>0x1fef</load_address>
         <run_address>0x1fef</run_address>
         <size>0xef</size>
         <input_file_ref idref="fl-2"/>
      </object_component>
      <object_component id="oc-134">
         <name>.debug_info</name>
         <load_address>0x20de</load_address>
         <run_address>0x20de</run_address>
         <size>0xbb</size>
         <input_file_ref idref="fl-2"/>
      </object_component>
      <object_component id="oc-aa">
         <name>.debug_info</name>
         <load_address>0x2199</load_address>
         <run_address>0x2199</run_address>
         <size>0x2c</size>
         <input_file_ref idref="fl-2"/>
      </object_component>
      <object_component id="oc-678">
         <name>.debug_info</name>
         <load_address>0x21c5</load_address>
         <run_address>0x21c5</run_address>
         <size>0x53</size>
         <input_file_ref idref="fl-2"/>
      </object_component>
      <object_component id="oc-364">
         <name>.debug_info</name>
         <load_address>0x2218</load_address>
         <run_address>0x2218</run_address>
         <size>0x468</size>
         <input_file_ref idref="fl-3"/>
      </object_component>
      <object_component id="oc-2aa">
         <name>.debug_info</name>
         <load_address>0x2680</load_address>
         <run_address>0x2680</run_address>
         <size>0x2b1</size>
         <input_file_ref idref="fl-3"/>
      </object_component>
      <object_component id="oc-3bf">
         <name>.debug_info</name>
         <load_address>0x2931</load_address>
         <run_address>0x2931</run_address>
         <size>0x10c</size>
         <input_file_ref idref="fl-3"/>
      </object_component>
      <object_component id="oc-2ad">
         <name>.debug_info</name>
         <load_address>0x2a3d</load_address>
         <run_address>0x2a3d</run_address>
         <size>0x106</size>
         <input_file_ref idref="fl-3"/>
      </object_component>
      <object_component id="oc-278">
         <name>.debug_info</name>
         <load_address>0x2b43</load_address>
         <run_address>0x2b43</run_address>
         <size>0x114</size>
         <input_file_ref idref="fl-3"/>
      </object_component>
      <object_component id="oc-541">
         <name>.debug_info</name>
         <load_address>0x2c57</load_address>
         <run_address>0x2c57</run_address>
         <size>0x114</size>
         <input_file_ref idref="fl-3"/>
      </object_component>
      <object_component id="oc-3fb">
         <name>.debug_info</name>
         <load_address>0x2d6b</load_address>
         <run_address>0x2d6b</run_address>
         <size>0x108</size>
         <input_file_ref idref="fl-3"/>
      </object_component>
      <object_component id="oc-360">
         <name>.debug_info</name>
         <load_address>0x2e73</load_address>
         <run_address>0x2e73</run_address>
         <size>0x100</size>
         <input_file_ref idref="fl-3"/>
      </object_component>
      <object_component id="oc-1de">
         <name>.debug_info</name>
         <load_address>0x2f73</load_address>
         <run_address>0x2f73</run_address>
         <size>0x158</size>
         <input_file_ref idref="fl-3"/>
      </object_component>
      <object_component id="oc-15a">
         <name>.debug_info</name>
         <load_address>0x30cb</load_address>
         <run_address>0x30cb</run_address>
         <size>0x19e</size>
         <input_file_ref idref="fl-3"/>
      </object_component>
      <object_component id="oc-4ab">
         <name>.debug_info</name>
         <load_address>0x3269</load_address>
         <run_address>0x3269</run_address>
         <size>0x198</size>
         <input_file_ref idref="fl-3"/>
      </object_component>
      <object_component id="oc-34e">
         <name>.debug_info</name>
         <load_address>0x3401</load_address>
         <run_address>0x3401</run_address>
         <size>0x878</size>
         <input_file_ref idref="fl-3"/>
      </object_component>
      <object_component id="oc-44d">
         <name>.debug_info</name>
         <load_address>0x3c79</load_address>
         <run_address>0x3c79</run_address>
         <size>0x62</size>
         <input_file_ref idref="fl-3"/>
      </object_component>
      <object_component id="oc-121">
         <name>.debug_info</name>
         <load_address>0x3cdb</load_address>
         <run_address>0x3cdb</run_address>
         <size>0x159</size>
         <input_file_ref idref="fl-4"/>
      </object_component>
      <object_component id="oc-36">
         <name>.debug_info</name>
         <load_address>0x3e34</load_address>
         <run_address>0x3e34</run_address>
         <size>0x84</size>
         <input_file_ref idref="fl-4"/>
      </object_component>
      <object_component id="oc-154">
         <name>.debug_info</name>
         <load_address>0x3eb8</load_address>
         <run_address>0x3eb8</run_address>
         <size>0x18a</size>
         <input_file_ref idref="fl-e"/>
      </object_component>
      <object_component id="oc-1f4">
         <name>.debug_info</name>
         <load_address>0x4042</load_address>
         <run_address>0x4042</run_address>
         <size>0x15e</size>
         <input_file_ref idref="fl-e"/>
      </object_component>
      <object_component id="oc-104">
         <name>.debug_info</name>
         <load_address>0x41a0</load_address>
         <run_address>0x41a0</run_address>
         <size>0x2c</size>
         <input_file_ref idref="fl-e"/>
      </object_component>
      <object_component id="oc-ec">
         <name>.debug_info</name>
         <load_address>0x41cc</load_address>
         <run_address>0x41cc</run_address>
         <size>0x35</size>
         <input_file_ref idref="fl-e"/>
      </object_component>
      <object_component id="oc-1aa">
         <name>.debug_info</name>
         <load_address>0x4201</load_address>
         <run_address>0x4201</run_address>
         <size>0x400</size>
         <input_file_ref idref="fl-f"/>
      </object_component>
      <object_component id="oc-3d0">
         <name>.debug_info</name>
         <load_address>0x4601</load_address>
         <run_address>0x4601</run_address>
         <size>0xdc</size>
         <input_file_ref idref="fl-f"/>
      </object_component>
      <object_component id="oc-4ff">
         <name>.debug_info</name>
         <load_address>0x46dd</load_address>
         <run_address>0x46dd</run_address>
         <size>0x1b8</size>
         <input_file_ref idref="fl-f"/>
      </object_component>
      <object_component id="oc-2ce">
         <name>.debug_info</name>
         <load_address>0x4895</load_address>
         <run_address>0x4895</run_address>
         <size>0x1c5</size>
         <input_file_ref idref="fl-f"/>
      </object_component>
      <object_component id="oc-2bc">
         <name>.debug_info</name>
         <load_address>0x4a5a</load_address>
         <run_address>0x4a5a</run_address>
         <size>0xfd</size>
         <input_file_ref idref="fl-f"/>
      </object_component>
      <object_component id="oc-2c2">
         <name>.debug_info</name>
         <load_address>0x4b57</load_address>
         <run_address>0x4b57</run_address>
         <size>0x120</size>
         <input_file_ref idref="fl-f"/>
      </object_component>
      <object_component id="oc-143">
         <name>.debug_info</name>
         <load_address>0x4c77</load_address>
         <run_address>0x4c77</run_address>
         <size>0x137</size>
         <input_file_ref idref="fl-f"/>
      </object_component>
      <object_component id="oc-13e">
         <name>.debug_info</name>
         <load_address>0x4dae</load_address>
         <run_address>0x4dae</run_address>
         <size>0x110</size>
         <input_file_ref idref="fl-f"/>
      </object_component>
      <object_component id="oc-304">
         <name>.debug_info</name>
         <load_address>0x4ebe</load_address>
         <run_address>0x4ebe</run_address>
         <size>0x5a8</size>
         <input_file_ref idref="fl-10"/>
      </object_component>
      <object_component id="oc-2f8">
         <name>.debug_info</name>
         <load_address>0x5466</load_address>
         <run_address>0x5466</run_address>
         <size>0xdc</size>
         <input_file_ref idref="fl-10"/>
      </object_component>
      <object_component id="oc-301">
         <name>.debug_info</name>
         <load_address>0x5542</load_address>
         <run_address>0x5542</run_address>
         <size>0xe2</size>
         <input_file_ref idref="fl-10"/>
      </object_component>
[...]
      </symbol>
      <symbol id="sm-3d4">
         <name>PowerCC32XX_module</name>
         <value>0x2000ef00</value>
         <object_component_ref idref="oc-274"/>
      </symbol>
      <symbol id="sm-3d5">
         <name>Power_getTransitionLatency</name>
         <value>0x2000e949</value>
         <object_component_ref idref="oc-46f"/>
      </symbol>
      <symbol id="sm-3d6">
         <name>Power_setDependency</name>
         <value>0x2000d65d</value>
         <object_component_ref idref="oc-2df"/>
      </symbol>
      <symbol id="sm-3e7">
         <name>PowerCC32XX_enterLPDS</name>
         <value>0x2000e031</value>
         <object_component_ref idref="oc-5a6"/>
      </symbol>
      <symbol id="sm-3e8">
         <name>PowerCC32XX_resumeLPDS</name>
         <value>0x2000db85</value>
         <object_component_ref idref="oc-64c"/>
      </symbol>
      <symbol id="sm-489">
         <name>Timer_open</name>
         <value>0x2000cb99</value>
         <object_component_ref idref="oc-2c6"/>
      </symbol>
      <symbol id="sm-48a">
         <name>TimerCC32XX_freeTimerResource</name>
         <value>0x2000e521</value>
         <object_component_ref idref="oc-51c"/>
      </symbol>
      <symbol id="sm-48b">
         <name>TimerSupport_timerDisable</name>
         <value>0x2000e785</value>
         <object_component_ref idref="oc-5ef"/>
      </symbol>
      <symbol id="sm-48c">
         <name>Timer_close</name>
         <value>0x2000e205</value>
         <object_component_ref idref="oc-3e5"/>
      </symbol>
      <symbol id="sm-48d">
         <name>TimerSupport_timerEnable</name>
         <value>0x2000e1c5</value>
         <object_component_ref idref="oc-40b"/>
      </symbol>
      <symbol id="sm-48e">
         <name>TimerCC32XX_allocateTimerResource</name>
         <value>0x2000dcc9</value>
         <object_component_ref idref="oc-3d3"/>
      </symbol>
      <symbol id="sm-4a6">
         <name>List_remove</name>
         <value>0x2000e73b</value>
         <object_component_ref idref="oc-5f6"/>
      </symbol>
      <symbol id="sm-4a7">
         <name>List_put</name>
         <value>0x2000e715</value>
         <object_component_ref idref="oc-3a6"/>
      </symbol>
      <symbol id="sm-532">
         <name>SemaphoreP_defaultParams</name>
         <value>0x2000f1f8</value>
         <object_component_ref idref="oc-4b0"/>
      </symbol>
      <symbol id="sm-533">
         <name>SemaphoreP_construct</name>
         <value>0x2000dc79</value>
         <object_component_ref idref="oc-4b4"/>
      </symbol>
      <symbol id="sm-534">
         <name>SemaphoreP_create</name>
         <value>0x2000e9ed</value>
         <object_component_ref idref="oc-36c"/>
      </symbol>
      <symbol id="sm-535">
         <name>SemaphoreP_destruct</name>
         <value>0x2000e337</value>
         <object_component_ref idref="oc-516"/>
      </symbol>
      <symbol id="sm-536">
         <name>SemaphoreP_post</name>
         <value>0x2000e075</value>
         <object_component_ref idref="oc-29f"/>
      </symbol>
      <symbol id="sm-537">
         <name>SemaphoreP_pend</name>
         <value>0x2000d0c5</value>
         <object_component_ref idref="oc-293"/>
      </symbol>
      <symbol id="sm-538">
         <name>SemaphoreP_delete</name>
         <value>0x2000ebe3</value>
         <object_component_ref idref="oc-28d"/>
      </symbol>
      <symbol id="sm-539">
         <name>SemaphoreP_createBinary</name>
         <value>0x2000e911</value>
         <object_component_ref idref="oc-27b"/>
      </symbol>
      <symbol id="sm-53a">
         <name>SemaphoreP_constructBinary</name>
         <value>0x2000e80d</value>
         <object_component_ref idref="oc-3d9"/>
      </symbol>
      <symbol id="sm-53b">
         <name>SemaphoreP_Params_init</name>
         <value>0x2000eb25</value>
         <object_component_ref idref="oc-366"/>
      </symbol>
      <symbol id="sm-53c">
         <name>clkFxn</name>
         <value>0x2000e947</value>
         <object_component_ref idref="oc-39c"/>
      </symbol>
      <symbol id="sm-5ff">
         <name>ClockP_ctrl</name>
         <value>0x2000f4e8</value>
      </symbol>
      <symbol id="sm-600">
         <name>ClockP_doTick</name>
         <value>0x2000ebdb</value>
         <object_component_ref idref="oc-497"/>
      </symbol>
      <symbol id="sm-601">
         <name>ClockP_startup</name>
         <value>0x2000e4b9</value>
         <object_component_ref idref="oc-585"/>
      </symbol>
      <symbol id="sm-602">
         <name>ClockP_stop</name>
         <value>0x2000dfa9</value>
         <object_component_ref idref="oc-4dc"/>
      </symbol>
      <symbol id="sm-603">
         <name>ClockP_getTicksUntilInterrupt</name>
         <value>0x2000e485</value>
         <object_component_ref idref="oc-469"/>
      </symbol>
      <symbol id="sm-604">
         <name>ClockP_setTicks</name>
         <value>0x2000eae5</value>
         <object_component_ref idref="oc-491"/>
      </symbol>
      <symbol id="sm-605">
         <name>ClockP_tickPeriod</name>
         <value>0x2000f208</value>
         <object_component_ref idref="oc-4a3"/>
      </symbol>
      <symbol id="sm-606">
         <name>ClockP_getSystemTicks</name>
         <value>0x2000ead5</value>
         <object_component_ref idref="oc-475"/>
      </symbol>
      <symbol id="sm-607">
         <name>ClockP_destruct</name>
         <value>0x2000e285</value>
         <object_component_ref idref="oc-396"/>
      </symbol>
      <symbol id="sm-608">
         <name>ClockP_start</name>
         <value>0x2000e5bd</value>
         <object_component_ref idref="oc-384"/>
      </symbol>
      <symbol id="sm-609">
         <name>ClockP_sysTickHandler</name>
         <value>0x2000dc29</value>
         <object_component_ref idref="oc-79"/>
      </symbol>
      <symbol id="sm-60a">
         <name>ClockP_isActive</name>
         <value>0x2000ebb9</value>
         <object_component_ref idref="oc-390"/>
      </symbol>
      <symbol id="sm-60b">
         <name>ClockP_getCpuFreq</name>
         <value>0x2000eac5</value>
         <object_component_ref idref="oc-3df"/>
      </symbol>
      <symbol id="sm-60c">
         <name>ClockP_add</name>
         <value>0x2000eab3</value>
         <object_component_ref idref="oc-37e"/>
      </symbol>
      <symbol id="sm-695">
         <name>HwiP_delete</name>
         <value>0x2000eaf5</value>
         <object_component_ref idref="oc-510"/>
      </symbol>
      <symbol id="sm-696">
         <name>HwiP_construct</name>
         <value>0x2000d3b9</value>
         <object_component_ref idref="oc-41c"/>
      </symbol>
      <symbol id="sm-697">
         <name>HwiP_inISR</name>
         <value>0x2000ea2d</value>
         <object_component_ref idref="oc-3ad"/>
      </symbol>
      <symbol id="sm-698">
         <name>HwiP_dispatch</name>
         <value>0x2000e761</value>
         <object_component_ref idref="oc-56c"/>
      </symbol>
      <symbol id="sm-699">
         <name>HwiP_destruct</name>
         <value>0x2000e7cd</value>
         <object_component_ref idref="oc-5fe"/>
      </symbol>
      <symbol id="sm-69a">
         <name>HwiP_clearInterrupt</name>
         <value>0x2000eb45</value>
         <object_component_ref idref="oc-50a"/>
      </symbol>
      <symbol id="sm-69b">
         <name>HwiP_swiPIntNum</name>
         <value>0x2000f204</value>
         <object_component_ref idref="oc-572"/>
      </symbol>
      <symbol id="sm-69c">
         <name>HwiP_Params_init</name>
         <value>0x2000ea7d</value>
         <object_component_ref idref="oc-2e5"/>
      </symbol>
      <symbol id="sm-69d">
         <name>HwiP_disable</name>
         <value>0x2000eb53</value>
         <object_component_ref idref="oc-281"/>
      </symbol>
      <symbol id="sm-69e">
         <name>HwiP_key</name>
         <value>0x2000f200</value>
         <object_component_ref idref="oc-572"/>
      </symbol>
      <symbol id="sm-69f">
         <name>HwiP_create</name>
         <value>0x2000e61d</value>
         <object_component_ref idref="oc-2eb"/>
      </symbol>
      <symbol id="sm-6a0">
         <name>HwiP_post</name>
         <value>0x2000ebdf</value>
         <object_component_ref idref="oc-5cd"/>
      </symbol>
      <symbol id="sm-6a1">
         <name>HwiP_enable</name>
         <value>0x2000eb61</value>
         <object_component_ref idref="oc-15f"/>
      </symbol>
      <symbol id="sm-6a2">
         <name>HwiP_restore</name>
         <value>0x2000eb05</value>
         <object_component_ref idref="oc-287"/>
      </symbol>
      <symbol id="sm-6d2">
         <name>PowerCC32XX_initPolicy</name>
         <value>0x2000dfa7</value>
         <object_component_ref idref="oc-353"/>
      </symbol>
      <symbol id="sm-6d3">
         <name>PowerCC32XX_sleepPolicy</name>
         <value>0x2000c625</value>
         <object_component_ref idref="oc-359"/>
      </symbol>
      <symbol id="sm-723">
         <name>resetISR</name>
         <value>0x2000e92d</value>
         <object_component_ref idref="oc-21"/>
      </symbol>
      <symbol id="sm-724">
         <name>resetVectorAddr</name>
         <value>0x2000e940</value>
         <object_component_ref idref="oc-21"/>
      </symbol>
      <symbol id="sm-725">
         <name>initVectors</name>
         <value>0x2000e3a9</value>
         <object_component_ref idref="oc-59"/>
      </symbol>
      <symbol id="sm-726">
         <name>resetVectors</name>
         <value>0x20004000</value>
         <object_component_ref idref="oc-27"/>
      </symbol>
      <symbol id="sm-756">
         <name>SwiP_disable</name>
         <value>0x2000e8a1</value>
         <object_component_ref idref="oc-45d"/>
      </symbol>
      <symbol id="sm-757">
         <name>SwiP_restore</name>
         <value>0x2000e0b9</value>
         <object_component_ref idref="oc-49d"/>
      </symbol>
      <symbol id="sm-762">
         <name>CPUcpsid</name>
         <value>0x2000ea17</value>
         <object_component_ref idref="oc-a3"/>
      </symbol>
      <symbol id="sm-7a7">
         <name>IntVTableBaseSet</name>
         <value>0x2000ea41</value>
         <object_component_ref idref="oc-af"/>
      </symbol>
      <symbol id="sm-7a8">
         <name>IntEnable</name>
         <value>0x2000cf75</value>
         <object_component_ref idref="oc-b5"/>
      </symbol>
      <symbol id="sm-7a9">
         <name>IntMasterDisable</name>
         <value>0x2000ebc3</value>
         <object_component_ref idref="oc-53"/>
      </symbol>
      <symbol id="sm-7aa">
         <name>IntPendSet</name>
         <value>0x2000d445</value>
         <object_component_ref idref="oc-66f"/>
      </symbol>
      <symbol id="sm-7e4">
         <name>PinModeGet</name>
         <value>0x2000e4ed</value>
         <object_component_ref idref="oc-261"/>
      </symbol>
      <symbol id="sm-7e5">
         <name>PinConfigSet</name>
         <value>0x2000d4cd</value>
         <object_component_ref idref="oc-2d9"/>
      </symbol>
      <symbol id="sm-7e6">
         <name>PinModeSet</name>
         <value>0x2000e185</value>
         <object_component_ref idref="oc-267"/>
      </symbol>
      <symbol id="sm-7e7">
         <name>PinToPadGet</name>
         <value>0x2000e885</value>
         <object_component_ref idref="oc-63d"/>
      </symbol>
      <symbol id="sm-8b0">
         <name>PRCMLPDSRestoreInfoSet</name>
         <value>0x2000dfed</value>
         <object_component_ref idref="oc-651"/>
      </symbol>
      <symbol id="sm-8b1">
         <name>PRCMPeripheralReset</name>
         <value>0x2000dad5</value>
         <object_component_ref idref="oc-255"/>
      </symbol>
      <symbol id="sm-8b2">
         <name>PRCMLPDSEnter</name>
         <value>0x2000de89</value>
         <object_component_ref idref="oc-5bd"/>
      </symbol>
      <symbol id="sm-8b3">
         <name>PRCMPeripheralClkEnable</name>
         <value>0x2000ded1</value>
         <object_component_ref idref="oc-24f"/>
      </symbol>
      <symbol id="sm-8b4">
         <name>PRCMLPDSEnterKeepDebugIf</name>
         <value>0x2000e339</value>
         <object_component_ref idref="oc-5c3"/>
      </symbol>
      <symbol id="sm-8b5">
         <name>PRCMCC3200MCUInit</name>
         <value>0x2000c041</value>
         <object_component_ref idref="oc-1ca"/>
      </symbol>
      <symbol id="sm-8b6">
         <name>PRCMHIBRegWrite</name>
         <value>0x2000e9d7</value>
         <object_component_ref idref="oc-243"/>
      </symbol>
      <symbol id="sm-8b7">
         <name>PRCMSysResetCauseGet</name>
         <value>0x2000da19</value>
         <object_component_ref idref="oc-23c"/>
      </symbol>
      <symbol id="sm-8b8">
         <name>PRCMPeripheralClkDisable</name>
         <value>0x2000e69d</value>
         <object_component_ref idref="oc-25b"/>
      </symbol>
      <symbol id="sm-8b9">
         <name>PRCMHIBRegRead</name>
         <value>0x2000e9c1</value>
         <object_component_ref idref="oc-249"/>
      </symbol>
      <symbol id="sm-901">
         <name>TimerLoadSet</name>
         <value>0x2000e647</value>
         <object_component_ref idref="oc-530"/>
      </symbol>
      <symbol id="sm-902">
         <name>TimerDisable</name>
         <value>0x2000e82b</value>
         <object_component_ref idref="oc-524"/>
      </symbol>
      <symbol id="sm-903">
         <name>TimerEnable</name>
         <value>0x2000e849</value>
         <object_component_ref idref="oc-55b"/>
      </symbol>
      <symbol id="sm-904">
         <name>TimerIntDisable</name>
         <value>0x2000e979</value>
         <object_component_ref idref="oc-680"/>
      </symbol>
      <symbol id="sm-905">
         <name>TimerPrescaleSet</name>
         <value>0x2000e671</value>
         <object_component_ref idref="oc-52a"/>
      </symbol>
      <symbol id="sm-906">
         <name>TimerControlStall</name>
         <value>0x2000e419</value>
         <object_component_ref idref="oc-536"/>
      </symbol>
      <symbol id="sm-907">
         <name>TimerIntEnable</name>
         <value>0x2000e991</value>
         <object_component_ref idref="oc-54f"/>
      </symbol>
      <symbol id="sm-908">
         <name>TimerIntClear</name>
         <value>0x2000ea8f</value>
         <object_component_ref idref="oc-546"/>
      </symbol>
      <symbol id="sm-90c">
         <name>UtilsDelay</name>
         <value>0x2000ebd5</value>
         <object_component_ref idref="oc-242"/>
      </symbol>
      <symbol id="sm-91c">
         <name>FlashDisable</name>
         <value>0x2000ddb1</value>
         <object_component_ref idref="oc-667"/>
      </symbol>
      <symbol id="sm-925">
         <name>__aeabi_lmul</name>
         <value>0x2000e9a9</value>
         <object_component_ref idref="oc-48c"/>
      </symbol>
      <symbol id="sm-940">
         <name>memcpy</name>
         <value>0x2000d165</value>
         <object_component_ref idref="oc-3b"/>
      </symbol>
      <symbol id="sm-941">
         <name>__aeabi_memcpy</name>
         <value>0x2000d165</value>
         <object_component_ref idref="oc-3b"/>
      </symbol>
      <symbol id="sm-942">
         <name>__aeabi_memcpy8</name>
         <value>0x2000d165</value>
         <object_component_ref idref="oc-3b"/>
      </symbol>
      <symbol id="sm-943">
         <name>__aeabi_memcpy4</name>
         <value>0x2000d165</value>
         <object_component_ref idref="oc-3b"/>
      </symbol>
      <symbol id="sm-950">
         <name>__aeabi_uldivmod</name>
         <value>0x2000d201</value>
         <object_component_ref idref="oc-481"/>
      </symbol>
      <symbol id="sm-964">
         <name>__TI_zero_init_nomemset</name>
         <value>0x2000e8bd</value>
         <object_component_ref idref="oc-47"/>
      </symbol>
      <symbol id="sm-97b">
         <name>__TI_decompress_none</name>
         <value>0x2000eb6f</value>
         <object_component_ref idref="oc-1a"/>
      </symbol>
      <symbol id="sm-99e">
         <name>__TI_decompress_lzss</name>
         <value>0x2000d7c1</value>
         <object_component_ref idref="oc-14"/>
      </symbol>
      <symbol id="sm-a27">
         <name>_sys_memory</name>
         <value>0x20004040</value>
         <object_component_ref idref="oc-2a"/>
      </symbol>
      <symbol id="sm-a28">
         <name>free</name>
         <value>0x2000cdd1</value>
         <object_component_ref idref="oc-377"/>
      </symbol>
      <symbol id="sm-a29">
         <name>memalign</name>
         <value>0x2000ccd1</value>
         <object_component_ref idref="oc-562"/>
      </symbol>
      <symbol id="sm-a2a">
         <name>malloc</name>
         <value>0x2000ebcd</value>
         <object_component_ref idref="oc-416"/>
      </symbol>
      <symbol id="sm-a2b">
         <name>aligned_alloc</name>
         <value>0x2000ccd1</value>
         <object_component_ref idref="oc-562"/>
      </symbol>
      <symbol id="sm-a3d">
         <name>__stack</name>
         <value>0x20003000</value>
         <object_component_ref idref="oc-2d"/>
      </symbol>
      <symbol id="sm-a3e">
         <name>_c_int00_noargs</name>
         <value>0x2000e7a9</value>
         <object_component_ref idref="oc-c5"/>
      </symbol>
      <symbol id="sm-a48">
         <name>__aeabi_idiv0</name>
         <value>0x2000ebf1</value>
         <object_component_ref idref="oc-58e"/>
      </symbol>
      <symbol id="sm-a49">
         <name>__aeabi_ldiv0</name>
         <value>0x2000ebf1</value>
         <object_component_ref idref="oc-58e"/>
      </symbol>
      <symbol id="sm-a72">
         <name>__TI_auto_init_nobinit_nopinit</name>
         <value>0x2000e141</value>
         <object_component_ref idref="oc-178"/>
      </symbol>
      <symbol id="sm-a7c">
         <name>_system_pre_init</name>
         <value>0x2000ebe7</value>
         <object_component_ref idref="oc-119"/>
      </symbol>
      <symbol id="sm-a88">
         <name>C$$EXIT</name>
         <value>0x2000ebeb</value>
         <object_component_ref idref="oc-16c"/>
      </symbol>
      <symbol id="sm-a89">
         <name>abort</name>
         <value>0x2000ebeb</value>
         <object_component_ref idref="oc-16c"/>
      </symbol>
      <symbol id="sm-a9e">
         <name>_nop</name>
         <value>0x2000e867</value>
         <object_component_ref idref="oc-31b"/>
      </symbol>
      <symbol id="sm-a9f">
         <name>_lock</name>
         <value>0x2000f1e8</value>
         <object_component_ref idref="oc-214"/>
      </symbol>
      <symbol id="sm-aa0">
         <name>_unlock</name>
         <value>0x2000f1ec</value>
         <object_component_ref idref="oc-214"/>
      </symbol>
      <symbol id="sm-aa2">
         <name>__TI_static_base__</name>
         <value>0x2000f7c0</value>
      </symbol>
      <symbol id="sm-aa5">
         <name>ITM_flush</name>
         <value>0x0</value>
      </symbol>
      <symbol id="sm-aa6">
         <name>ITM_restore</name>
         <value>0x0</value>
      </symbol>
      <symbol id="sm-aa7">
         <name>__mpu_init</name>
         <value>0x0</value>
      </symbol>
      <symbol id="sm-aa8">
         <name>_system_post_cinit</name>
         <value>0x0</value>
      </symbol>
      <symbol id="sm-aa9">
         <name>NoRTOS_start</name>
         <value>0x2000eb61</value>
      </symbol>
   </symbol_table>
   <title>Link successful</title>
</link_info>
