<?xml version="1.0" encoding="ISO-8859-1" ?>
<link_info>
   <banner>TI ARM Linker PC v20.2.7.LTS</banner>
   <copyright>Copyright (c) 1996-2018 Texas Instruments Incorporated</copyright>
   <link_time>0x64397841</link_time>
   <link_errors>0x0</link_errors>
   <output_file>gpiointerrupt_CC3220S_LAUNCHXL_nortos_ccs.out</output_file>
   <entry_point>
      <name>resetISR</name>
      <address>0x20011dd5</address>
   </entry_point>
   <input_file_list>
      <input_file id="fl-2">
         <path>.\</path>
         <kind>object</kind>
         <file>gpiointerrupt.obj</file>
         <name>gpiointerrupt.obj</name>
      </input_file>
      <input_file id="fl-3">
         <path>.\syscfg\</path>
         <kind>object</kind>
         <file>ti_drivers_config.obj</file>
         <name>ti_drivers_config.obj</name>
      </input_file>
      <input_file id="fl-4">
         <path>.\</path>
         <kind>object</kind>
         <file>main_nortos.obj</file>
         <name>main_nortos.obj</name>
      </input_file>
      <input_file id="fl-d">
         <kind>object</kind>
         <file>&lt;internal&gt;</file>
         <name>&lt;internal&gt;</name>
      </input_file>
      <input_file id="fl-e">
         <path>C:\ti\simplelink_cc32xx_sdk_6_10_00_05\source\ti\drivers\lib\ccs\m4\</path>
         <kind>archive</kind>
         <file>drivers_cc32xx.a</file>
         <name>GPIO.oem4</name>
      </input_file>
      <input_file id="fl-f">
         <path>C:\ti\simplelink_cc32xx_sdk_6_10_00_05\source\ti\drivers\lib\ccs\m4\</path>
         <kind>archive</kind>
         <file>drivers_cc32xx.a</file>
         <name>I2C.oem4</name>
      </input_file>
      <input_file id="fl-10">
         <path>C:\ti\simplelink_cc32xx_sdk_6_10_00_05\source\ti\drivers\lib\ccs\m4\</path>
         <kind>archive</kind>
         <file>drivers_cc32xx.a</file>
         <name>Timer.oem4</name>
      </input_file>
      <input_file id="fl-11">
         <path>C:\ti\simplelink_cc32xx_sdk_6_10_00_05\source\ti\drivers\lib\ccs\m4\</path>
         <kind>archive</kind>
         <file>drivers_cc32xx.a</file>
         <name>UART.oem4</name>
      </input_file>
      <input_file id="fl-12">
         <path>C:\ti\simplelink_cc32xx_sdk_6_10_00_05\source\ti\drivers\lib\ccs\m4\</path>
         <kind>archive</kind>
         <file>drivers_cc32xx.a</file>
         <name>GPIOCC32XX.oem4</name>
      </input_file>
      <input_file id="fl-13">
         <path>C:\ti\simplelink_cc32xx_sdk_6_10_00_05\source\ti\drivers\lib\ccs\m4\</path>
         <kind>archive</kind>
         <file>drivers_cc32xx.a</file>
         <name>I2CCC32XX.oem4</name>
      </input_file>
      <input_file id="fl-14">
         <path>C:\ti\simplelink_cc32xx_sdk_6_10_00_05\source\ti\drivers\lib\ccs\m4\</path>
         <kind>archive</kind>
         <file>drivers_cc32xx.a</file>
         <name>PowerCC32XX.oem4</name>
      </input_file>
      <input_file id="fl-15">
         <path>C:\ti\simplelink_cc32xx_sdk_6_10_00_05\source\ti\drivers\lib\ccs\m4\</path>
         <kind>archive</kind>
         <file>drivers_cc32xx.a</file>
         <name>PowerCC32XX_asm.oem4</name>
      </input_file>
      <input_file id="fl-16">
         <path>C:\ti\simplelink_cc32xx_sdk_6_10_00_05\source\ti\drivers\lib\ccs\m4\</path>
         <kind>archive</kind>
         <file>drivers_cc32xx.a</file>
         <name>TimerCC32XX.oem4</name>
      </input_file>
      <input_file id="fl-17">
         <path>C:\ti\simplelink_cc32xx_sdk_6_10_00_05\source\ti\drivers\lib\ccs\m4\</path>
         <kind>archive</kind>
         <file>drivers_cc32xx.a</file>
         <name>UARTCC32XX.oem4</name>
      </input_file>
      <input_file id="fl-18">
         <path>C:\ti\simplelink_cc32xx_sdk_6_10_00_05\source\ti\drivers\lib\ccs\m4\</path>
         <kind>archive</kind>
         <file>drivers_cc32xx.a</file>
         <name>List.oem4</name>
      </input_file>
      <input_file id="fl-19">
         <path>C:\ti\simplelink_cc32xx_sdk_6_10_00_05\source\ti\drivers\lib\ccs\m4\</path>
         <kind>archive</kind>
         <file>drivers_cc32xx.a</file>
         <name>RingBuf.oem4</name>
      </input_file>
      <input_file id="fl-1a">
         <path>C:\ti\simplelink_cc32xx_sdk_6_10_00_05\kernel\nortos\lib\ccs\m4\</path>
         <kind>archive</kind>
         <file>nortos_cc32xx.a</file>
         <name>NoRTOS.oem4</name>
      </input_file>
      <input_file id="fl-1b">
         <path>C:\ti\simplelink_cc32xx_sdk_6_10_00_05\kernel\nortos\lib\ccs\m4\</path>
         <kind>archive</kind>
         <file>nortos_cc32xx.a</file>
         <name>SemaphoreP_nortos.oem4</name>
      </input_file>
      <input_file id="fl-1c">
         <path>C:\ti\simplelink_cc32xx_sdk_6_10_00_05\kernel\nortos\lib\ccs\m4\</path>
         <kind>archive</kind>
         <file>nortos_cc32xx.a</file>
         <name>ClockPSysTick_nortos.oem4</name>
      </input_file>
      <input_file id="fl-1d">
         <path>C:\ti\simplelink_cc32xx_sdk_6_10_00_05\kernel\nortos\lib\ccs\m4\</path>
         <kind>archive</kind>
         <file>nortos_cc32xx.a</file>
         <name>HwiPCC32XX_nortos.oem4</name>
      </input_file>
      <input_file id="fl-1e">
         <path>C:\ti\simplelink_cc32xx_sdk_6_10_00_05\kernel\nortos\lib\ccs\m4\</path>
         <kind>archive</kind>
         <file>nortos_cc32xx.a</file>
         <name>PowerCC32XX_nortos.oem4</name>
      </input_file>
      <input_file id="fl-1f">
         <path>C:\ti\simplelink_cc32xx_sdk_6_10_00_05\kernel\nortos\lib\ccs\m4\</path>
         <kind>archive</kind>
         <file>nortos_cc32xx.a</file>
         <name>startup_cc32xx_ccs.oem4</name>
      </input_file>
      <input_file id="fl-20">
         <path>C:\ti\simplelink_cc32xx_sdk_6_10_00_05\kernel\nortos\lib\ccs\m4\</path>
         <kind>archive</kind>
         <file>nortos_cc32xx.a</file>
         <name>SwiP_nortos.oem4</name>
      </input_file>
      <input_file id="fl-21">
         <path>C:\ti\simplelink_cc32xx_sdk_6_10_00_05\kernel\nortos\lib\ccs\m4\</path>
         <kind>archive</kind>
         <file>nortos_cc32xx.a</file>
         <name>QueueP_nortos.oem4</name>
      </input_file>
      <input_file id="fl-22">
         <path>C:\ti\simplelink_cc32xx_sdk_6_10_00_05\source\ti\devices\cc32xx\driverlib\ccs\Release\</path>
         <kind>archive</kind>
         <file>driverlib.a</file>
         <name>cpu.obj</name>
      </input_file>
      <input_file id="fl-23">
         <path>C:\ti\simplelink_cc32xx_sdk_6_10_00_05\source\ti\devices\cc32xx\driverlib\ccs\Release\</path>
         <kind>archive</kind>
         <file>driverlib.a</file>
         <name>i2c.obj</name>
      </input_file>
      <input_file id="fl-24">
         <path>C:\ti\simplelink_cc32xx_sdk_6_10_00_05\source\ti\devices\cc32xx\driverlib\ccs\Release\</path>
         <kind>archive</kind>
         <file>driverlib.a</file>
         <name>interrupt.obj</name>
      </input_file>
      <input_file id="fl-25">
         <path>C:\ti\simplelink_cc32xx_sdk_6_10_00_05\source\ti\devices\cc32xx\driverlib\ccs\Release\</path>
         <kind>archive</kind>
         <file>driverlib.a</file>
         <name>pin.obj</name>
      </input_file>
      <input_file id="fl-26">
         <path>C:\ti\simplelink_cc32xx_sdk_6_10_00_05\source\ti\devices\cc32xx\driverlib\ccs\Release\</path>
         <kind>archive</kind>
         <file>driverlib.a</file>
         <name>prcm.obj</name>
      </input_file>
      <input_file id="fl-27">
         <path>C:\ti\simplelink_cc32xx_sdk_6_10_00_05\source\ti\devices\cc32xx\driverlib\ccs\Release\</path>
         <kind>archive</kind>
         <file>driverlib.a</file>
         <name>timer.obj</name>
      </input_file>
      <input_file id="fl-28">
         <path>C:\ti\simplelink_cc32xx_sdk_6_10_00_05\source\ti\devices\cc32xx\driverlib\ccs\Release\</path>
         <kind>archive</kind>
         <file>driverlib.a</file>
         <name>uart.obj</name>
      </input_file>
      <input_file id="fl-29">
         <path>C:\ti\simplelink_cc32xx_sdk_6_10_00_05\source\ti\devices\cc32xx\driverlib\ccs\Release\</path>
         <kind>archive</kind>
         <file>driverlib.a</file>
         <name>utils.obj</name>
      </input_file>
      <input_file id="fl-2a">
         <path>C:\ti\simplelink_cc32xx_sdk_6_10_00_05\source\ti\devices\cc32xx\driverlib\ccs\Release\</path>
         <kind>archive</kind>
         <file>driverlib.a</file>
         <name>flash.obj</name>
      </input_file>
      <input_file id="fl-e0">
         <path>C:\ti\ccs1220\ccs\tools\compiler\ti-cgt-arm_20.2.7.LTS\lib\</path>
         <kind>archive</kind>
         <file>rtsv7M4_T_le_eabi.lib</file>
         <name>snprintf.c.obj</name>
      </input_file>
      <input_file id="fl-e1">
         <path>C:\ti\ccs1220\ccs\tools\compiler\ti-cgt-arm_20.2.7.LTS\lib\</path>
         <kind>archive</kind>
         <file>rtsv7M4_T_le_eabi.lib</file>
         <name>fs_mul_t2.asm.obj</name>
      </input_file>
      <input_file id="fl-e2">
         <path>C:\ti\ccs1220\ccs\tools\compiler\ti-cgt-arm_20.2.7.LTS\lib\</path>
         <kind>archive</kind>
         <file>rtsv7M4_T_le_eabi.lib</file>
         <name>fs_toi_t2.asm.obj</name>
      </input_file>
      <input_file id="fl-e3">
         <path>C:\ti\ccs1220\ccs\tools\compiler\ti-cgt-arm_20.2.7.LTS\lib\</path>
         <kind>archive</kind>
         <file>rtsv7M4_T_le_eabi.lib</file>
         <name>i_tofs_t2.asm.obj</name>
      </input_file>
      <input_file id="fl-e4">
         <path>C:\ti\ccs1220\ccs\tools\compiler\ti-cgt-arm_20.2.7.LTS\lib\</path>
         <kind>archive</kind>
         <file>rtsv7M4_T_le_eabi.lib</file>
         <name>ll_mul_t2.asm.obj</name>
      </input_file>
      <input_file id="fl-e5">
         <path>C:\ti\ccs1220\ccs\tools\compiler\ti-cgt-arm_20.2.7.LTS\lib\</path>
         <kind>archive</kind>
         <file>rtsv7M4_T_le_eabi.lib</file>
         <name>memcpy_t2.asm.obj</name>
      </input_file>
      <input_file id="fl-e6">
         <path>C:\ti\ccs1220\ccs\tools\compiler\ti-cgt-arm_20.2.7.LTS\lib\</path>
         <kind>archive</kind>
         <file>rtsv7M4_T_le_eabi.lib</file>
         <name>ull_div_t2.asm.obj</name>
      </input_file>
      <input_file id="fl-e7">
         <path>C:\ti\ccs1220\ccs\tools\compiler\ti-cgt-arm_20.2.7.LTS\lib\</path>
         <kind>archive</kind>
         <file>rtsv7M4_T_le_eabi.lib</file>
         <name>copy_zero_init.c.obj</name>
      </input_file>
      <input_file id="fl-e8">
         <path>C:\ti\ccs1220\ccs\tools\compiler\ti-cgt-arm_20.2.7.LTS\lib\</path>
         <kind>archive</kind>
         <file>rtsv7M4_T_le_eabi.lib</file>
         <name>copy_decompress_none.c.obj</name>
      </input_file>
      <input_file id="fl-e9">
         <path>C:\ti\ccs1220\ccs\tools\compiler\ti-cgt-arm_20.2.7.LTS\lib\</path>
         <kind>archive</kind>
         <file>rtsv7M4_T_le_eabi.lib</file>
         <name>copy_decompress_lzss.c.obj</name>
      </input_file>
      <input_file id="fl-ea">
         <path>C:\ti\ccs1220\ccs\tools\compiler\ti-cgt-arm_20.2.7.LTS\lib\</path>
         <kind>archive</kind>
         <file>rtsv7M4_T_le_eabi.lib</file>
         <name>memory.c.obj</name>
      </input_file>
      <input_file id="fl-eb">
         <path>C:\ti\ccs1220\ccs\tools\compiler\ti-cgt-arm_20.2.7.LTS\lib\</path>
         <kind>archive</kind>
         <file>rtsv7M4_T_le_eabi.lib</file>
         <name>boot_cortex_m.c.obj</name>
      </input_file>
      <input_file id="fl-ec">
         <path>C:\ti\ccs1220\ccs\tools\compiler\ti-cgt-arm_20.2.7.LTS\lib\</path>
         <kind>archive</kind>
         <file>rtsv7M4_T_le_eabi.lib</file>
         <name>_printfi.c.obj</name>
      </input_file>
      <input_file id="fl-ed">
         <path>C:\ti\ccs1220\ccs\tools\compiler\ti-cgt-arm_20.2.7.LTS\lib\</path>
         <kind>archive</kind>
         <file>rtsv7M4_T_le_eabi.lib</file>
         <name>div0.asm.obj</name>
      </input_file>
      <input_file id="fl-ee">
         <path>C:\ti\ccs1220\ccs\tools\compiler\ti-cgt-arm_20.2.7.LTS\lib\</path>
         <kind>archive</kind>
         <file>rtsv7M4_T_le_eabi.lib</file>
         <name>fd_add_t2.asm.obj</name>
      </input_file>
      <input_file id="fl-ef">
         <path>C:\ti\ccs1220\ccs\tools\compiler\ti-cgt-arm_20.2.7.LTS\lib\</path>
         <kind>archive</kind>
         <file>rtsv7M4_T_le_eabi.lib</file>
         <name>fd_cmp_t2.asm.obj</name>
      </input_file>
      <input_file id="fl-f0">
         <path>C:\ti\ccs1220\ccs\tools\compiler\ti-cgt-arm_20.2.7.LTS\lib\</path>
         <kind>archive</kind>
         <file>rtsv7M4_T_le_eabi.lib</file>
         <name>fd_div_t2.asm.obj</name>
      </input_file>
      <input_file id="fl-f1">
         <path>C:\ti\ccs1220\ccs\tools\compiler\ti-cgt-arm_20.2.7.LTS\lib\</path>
         <kind>archive</kind>
         <file>rtsv7M4_T_le_eabi.lib</file>
         <name>fd_mul_t2.asm.obj</name>
      </input_file>
      <input_file id="fl-f2">
         <path>C:\ti\ccs1220\ccs\tools\compiler\ti-cgt-arm_20.2.7.LTS\lib\</path>
         <kind>archive</kind>
         <file>rtsv7M4_T_le_eabi.lib</file>
         <name>fd_toi_t2.asm.obj</name>
      </input_file>
      <input_file id="fl-f3">
         <path>C:\ti\ccs1220\ccs\tools\compiler\ti-cgt-arm_20.2.7.LTS\lib\</path>
         <kind>archive</kind>
         <file>rtsv7M4_T_le_eabi.lib</file>
         <name>i_tofd_t2.asm.obj</name>
      </input_file>
      <input_file id="fl-f4">
         <path>C:\ti\ccs1220\ccs\tools\compiler\ti-cgt-arm_20.2.7.LTS\lib\</path>
         <kind>archive</kind>
         <file>rtsv7M4_T_le_eabi.lib</file>
         <name>memset_t2.asm.obj</name>
      </input_file>
      <input_file id="fl-f5">
         <path>C:\ti\ccs1220\ccs\tools\compiler\ti-cgt-arm_20.2.7.LTS\lib\</path>
         <kind>archive</kind>
         <file>rtsv7M4_T_le_eabi.lib</file>
         <name>autoinit.c.obj</name>
      </input_file>
      <input_file id="fl-f6">
         <path>C:\ti\ccs1220\ccs\tools\compiler\ti-cgt-arm_20.2.7.LTS\lib\</path>
         <kind>archive</kind>
         <file>rtsv7M4_T_le_eabi.lib</file>
         <name>pre_init.c.obj</name>
      </input_file>
      <input_file id="fl-f7">
         <path>C:\ti\ccs1220\ccs\tools\compiler\ti-cgt-arm_20.2.7.LTS\lib\</path>
         <kind>archive</kind>
         <file>rtsv7M4_T_le_eabi.lib</file>
         <name>cpy_tbl.c.obj</name>
      </input_file>
      <input_file id="fl-f8">
         <path>C:\ti\ccs1220\ccs\tools\compiler\ti-cgt-arm_20.2.7.LTS\lib\</path>
         <kind>archive</kind>
         <file>rtsv7M4_T_le_eabi.lib</file>
         <name>exit.c.obj</name>
      </input_file>
      <input_file id="fl-f9">
         <path>C:\ti\ccs1220\ccs\tools\compiler\ti-cgt-arm_20.2.7.LTS\lib\</path>
         <kind>archive</kind>
         <file>rtsv7M4_T_le_eabi.lib</file>
         <name>_lock.c.obj</name>
      </input_file>
      <input_file id="fl-fa">
         <path>C:\ti\ccs1220\ccs\tools\compiler\ti-cgt-arm_20.2.7.LTS\lib\</path>
         <kind>archive</kind>
         <file>rtsv7M4_T_le_eabi.lib</file>
         <name>_ltoa.c.obj</name>
      </input_file>
      <input_file id="fl-fb">
         <path>C:\ti\ccs1220\ccs\tools\compiler\ti-cgt-arm_20.2.7.LTS\lib\</path>
         <kind>archive</kind>
         <file>rtsv7M4_T_le_eabi.lib</file>
         <name>args_main.c.obj</name>
      </input_file>
      <input_file id="fl-fc">
         <path>C:\ti\ccs1220\ccs\tools\compiler\ti-cgt-arm_20.2.7.LTS\lib\</path>
         <kind>archive</kind>
         <file>rtsv7M4_T_le_eabi.lib</file>
         <name>atoi.c.obj</name>
      </input_file>
      <input_file id="fl-fd">
         <path>C:\ti\ccs1220\ccs\tools\compiler\ti-cgt-arm_20.2.7.LTS\lib\</path>
         <kind>archive</kind>
         <file>rtsv7M4_T_le_eabi.lib</file>
         <name>ctype.c.obj</name>
      </input_file>
      <input_file id="fl-fe">
         <path>C:\ti\ccs1220\ccs\tools\compiler\ti-cgt-arm_20.2.7.LTS\lib\</path>
         <kind>archive</kind>
         <file>rtsv7M4_T_le_eabi.lib</file>
         <name>memccpy.c.obj</name>
      </input_file>
      <input_file id="fl-ff">
         <path>C:\ti\ccs1220\ccs\tools\compiler\ti-cgt-arm_20.2.7.LTS\lib\</path>
         <kind>archive</kind>
         <file>rtsv7M4_T_le_eabi.lib</file>
         <name>strchr.c.obj</name>
      </input_file>
      <input_file id="fl-100">
         <path>C:\ti\ccs1220\ccs\tools\compiler\ti-cgt-arm_20.2.7.LTS\lib\</path>
         <kind>archive</kind>
         <file>rtsv7M4_T_le_eabi.lib</file>
         <name>strlen.c.obj</name>
      </input_file>
      <input_file id="fl-101">
         <path>C:\ti\ccs1220\ccs\tools\compiler\ti-cgt-arm_20.2.7.LTS\lib\</path>
         <kind>archive</kind>
         <file>rtsv7M4_T_le_eabi.lib</file>
         <name>errno.c.obj</name>
      </input_file>
      <input_file id="fl-102">
         <path>C:\ti\ccs1220\ccs\tools\compiler\ti-cgt-arm_20.2.7.LTS\lib\</path>
         <kind>archive</kind>
         <file>rtsv7M4_T_le_eabi.lib</file>
         <name>wcslen.c.obj</name>
      </input_file>
      <input_file id="fl-103">
         <path>C:\ti\ccs1220\ccs\tools\compiler\ti-cgt-arm_20.2.7.LTS\lib\</path>
         <kind>archive</kind>
         <file>rtsv7M4_T_le_eabi.lib</file>
         <name>s_frexp.c.obj</name>
      </input_file>
      <input_file id="fl-104">
         <path>C:\ti\ccs1220\ccs\tools\compiler\ti-cgt-arm_20.2.7.LTS\lib\</path>
         <kind>archive</kind>
         <file>rtsv7M4_T_le_eabi.lib</file>
         <name>s_scalbn.c.obj</name>
      </input_file>
      <input_file id="fl-105">
         <path>C:\ti\ccs1220\ccs\tools\compiler\ti-cgt-arm_20.2.7.LTS\lib\</path>
         <kind>archive</kind>
         <file>rtsv7M4_T_le_eabi.lib</file>
         <name>s_copysign.c.obj</name>
      </input_file>
   </input_file_list>
   <object_component_list>
      <object_component id="oc-39b">
         <name>.text:__TI_printfi</name>
         <load_address>0x2000c040</load_address>
         <run_address>0x2000c040</run_address>
         <size>0xa4e</size>
         <input_file_ref idref="fl-ec"/>
      </object_component>
      <object_component id="oc-1ed">
         <name>.text:Board_initHook</name>
         <load_address>0x2000ca8e</load_address>
         <run_address>0x2000ca8e</run_address>
         <size>0x2</size>
         <input_file_ref idref="fl-3"/>
      </object_component>
      <object_component id="oc-1db">
         <name>.text:PRCMCC3200MCUInit</name>
         <load_address>0x2000ca90</load_address>
         <run_address>0x2000ca90</run_address>
         <size>0x42c</size>
         <input_file_ref idref="fl-26"/>
      </object_component>
      <object_component id="oc-828">
         <name>.text:UARTCC32XX_open</name>
         <load_address>0x2000cebc</load_address>
         <run_address>0x2000cebc</run_address>
         <size>0x288</size>
         <input_file_ref idref="fl-17"/>
      </object_component>
      <object_component id="oc-54a">
         <name>.text:_pconv_a</name>
         <load_address>0x2000d144</load_address>
         <run_address>0x2000d144</run_address>
         <size>0x268</size>
         <input_file_ref idref="fl-ec"/>
      </object_component>
      <object_component id="oc-538">
         <name>.text:_pconv_g</name>
         <load_address>0x2000d3ac</load_address>
         <run_address>0x2000d3ac</run_address>
         <size>0x1cc</size>
         <input_file_ref idref="fl-ec"/>
      </object_component>
      <object_component id="oc-213">
         <name>.text:initI2C</name>
         <load_address>0x2000d578</load_address>
         <run_address>0x2000d578</run_address>
         <size>0x1cc</size>
         <input_file_ref idref="fl-2"/>
      </object_component>
      <object_component id="oc-74c">
         <name>.text</name>
         <load_address>0x2000d744</load_address>
         <run_address>0x2000d744</run_address>
         <size>0x1b6</size>
         <input_file_ref idref="fl-ee"/>
      </object_component>
      <object_component id="oc-350">
         <name>.text:I2C_init</name>
         <load_address>0x2000d8fa</load_address>
         <run_address>0x2000d8fa</run_address>
         <size>0x2</size>
         <input_file_ref idref="fl-f"/>
      </object_component>
      <object_component id="oc-401">
         <name>.text:PowerCC32XX_sleepPolicy</name>
         <load_address>0x2000d8fc</load_address>
         <run_address>0x2000d8fc</run_address>
         <size>0x1a0</size>
         <input_file_ref idref="fl-1e"/>
      </object_component>
      <object_component id="oc-1f5">
         <name>.text:GPIO_setConfig</name>
         <load_address>0x2000da9c</load_address>
         <run_address>0x2000da9c</run_address>
         <size>0x154</size>
         <input_file_ref idref="fl-12"/>
      </object_component>
      <object_component id="oc-4c6">
         <name>.text:I2CCC32XX_hwiFxn</name>
         <load_address>0x2000dbf0</load_address>
         <run_address>0x2000dbf0</run_address>
         <size>0x148</size>
         <input_file_ref idref="fl-13"/>
      </object_component>
      <object_component id="oc-7bc">
         <name>.text:parkPins</name>
         <load_address>0x2000dd38</load_address>
         <run_address>0x2000dd38</run_address>
         <size>0x148</size>
         <input_file_ref idref="fl-14"/>
      </object_component>
      <object_component id="oc-544">
         <name>.text:_pconv_e</name>
         <load_address>0x2000de80</load_address>
         <run_address>0x2000de80</run_address>
         <size>0x13c</size>
         <input_file_ref idref="fl-ec"/>
      </object_component>
      <object_component id="oc-5c0">
         <name>.text:Power_sleep</name>
         <load_address>0x2000dfbc</load_address>
         <run_address>0x2000dfbc</run_address>
         <size>0x138</size>
         <input_file_ref idref="fl-14"/>
      </object_component>
      <object_component id="oc-378">
         <name>.text:Timer_open</name>
         <load_address>0x2000e0f4</load_address>
         <run_address>0x2000e0f4</run_address>
         <size>0x138</size>
         <input_file_ref idref="fl-16"/>
      </object_component>
      <object_component id="oc-732">
         <name>.text</name>
         <load_address>0x2000e22c</load_address>
         <run_address>0x2000e22c</run_address>
         <size>0x136</size>
         <input_file_ref idref="fl-f0"/>
      </object_component>
      <object_component id="oc-3fb">
         <name>.text:PowerCC32XX_initPolicy</name>
         <load_address>0x2000e362</load_address>
         <run_address>0x2000e362</run_address>
         <size>0x2</size>
         <input_file_ref idref="fl-1e"/>
      </object_component>
      <object_component id="oc-166">
         <name>.text:mainThread</name>
         <load_address>0x2000e364</load_address>
         <run_address>0x2000e364</run_address>
         <size>0x128</size>
         <input_file_ref idref="fl-2"/>
      </object_component>
      <object_component id="oc-4d4">
         <name>.text:I2C_transferTimeout</name>
         <load_address>0x2000e48c</load_address>
         <run_address>0x2000e48c</run_address>
         <size>0x122</size>
         <input_file_ref idref="fl-f"/>
      </object_component>
      <object_component id="oc-6d8">
         <name>.text:SemaphoreP_destruct</name>
         <load_address>0x2000e5ae</load_address>
         <run_address>0x2000e5ae</run_address>
         <size>0x2</size>
         <input_file_ref idref="fl-1b"/>
      </object_component>
      <object_component id="oc-816">
         <name>.text:UARTCC32XX_close</name>
         <load_address>0x2000e5b0</load_address>
         <run_address>0x2000e5b0</run_address>
         <size>0x120</size>
         <input_file_ref idref="fl-17"/>
      </object_component>
      <object_component id="oc-75e">
         <name>.text:fcvt</name>
         <load_address>0x2000e6d0</load_address>
         <run_address>0x2000e6d0</run_address>
         <size>0x120</size>
         <input_file_ref idref="fl-ec"/>
      </object_component>
      <object_component id="oc-623">
         <name>.text:aligned_alloc</name>
         <load_address>0x2000e7f0</load_address>
         <run_address>0x2000e7f0</run_address>
         <size>0x100</size>
         <input_file_ref idref="fl-ea"/>
      </object_component>
      <object_component id="oc-35c">
         <name>.text:I2C_open</name>
         <load_address>0x2000e8f0</load_address>
         <run_address>0x2000e8f0</run_address>
         <size>0xfc</size>
         <input_file_ref idref="fl-13"/>
      </object_component>
      <object_component id="oc-72d">
         <name>.text</name>
         <load_address>0x2000e9ec</load_address>
         <run_address>0x2000e9ec</run_address>
         <size>0xfc</size>
         <input_file_ref idref="fl-f1"/>
      </object_component>
      <object_component id="oc-81c">
         <name>.text:UARTCC32XX_control</name>
         <load_address>0x2000eae8</load_address>
         <run_address>0x2000eae8</run_address>
         <size>0xf2</size>
         <input_file_ref idref="fl-17"/>
      </object_component>
      <object_component id="oc-36c">
         <name>.text:Timer_init</name>
         <load_address>0x2000ebda</load_address>
         <run_address>0x2000ebda</run_address>
         <size>0x2</size>
         <input_file_ref idref="fl-10"/>
      </object_component>
      <object_component id="oc-21f">
         <name>.text:readTemp</name>
         <load_address>0x2000ebdc</load_address>
         <run_address>0x2000ebdc</run_address>
         <size>0xec</size>
         <input_file_ref idref="fl-2"/>
      </object_component>
      <object_component id="oc-41d">
         <name>.text:free</name>
         <load_address>0x2000ecc8</load_address>
         <run_address>0x2000ecc8</run_address>
         <size>0xe4</size>
         <input_file_ref idref="fl-ea"/>
      </object_component>
      <object_component id="oc-772">
         <name>.text:scalbn</name>
         <load_address>0x2000edac</load_address>
         <run_address>0x2000edac</run_address>
         <size>0xd0</size>
         <input_file_ref idref="fl-104"/>
      </object_component>
      <object_component id="oc-840">
         <name>.text:UARTCC32XX_write</name>
         <load_address>0x2000ee7c</load_address>
         <run_address>0x2000ee7c</run_address>
         <size>0xca</size>
         <input_file_ref idref="fl-17"/>
      </object_component>
      <object_component id="oc-822">
         <name>.text:UARTCC32XX_init</name>
         <load_address>0x2000ef46</load_address>
         <run_address>0x2000ef46</run_address>
         <size>0x2</size>
         <input_file_ref idref="fl-17"/>
      </object_component>
      <object_component id="oc-7d9">
         <name>.text:restoreParkedPins</name>
         <load_address>0x2000ef48</load_address>
         <run_address>0x2000ef48</run_address>
         <size>0xc0</size>
         <input_file_ref idref="fl-14"/>
      </object_component>
      <object_component id="oc-834">
         <name>.text:UARTCC32XX_readPolling</name>
         <load_address>0x2000f008</load_address>
         <run_address>0x2000f008</run_address>
         <size>0xba</size>
         <input_file_ref idref="fl-17"/>
      </object_component>
      <object_component id="oc-3c8">
         <name>.text:_nop</name>
         <load_address>0x2000f0c2</load_address>
         <run_address>0x2000f0c2</run_address>
         <size>0x2</size>
         <input_file_ref idref="fl-f9"/>
      </object_component>
      <object_component id="oc-99d">
         <name>.text:initHw</name>
         <load_address>0x2000f0c4</load_address>
         <run_address>0x2000f0c4</run_address>
         <size>0xb8</size>
         <input_file_ref idref="fl-17"/>
      </object_component>
      <object_component id="oc-a46">
         <name>.text:readTaskCallback</name>
         <load_address>0x2000f17c</load_address>
         <run_address>0x2000f17c</run_address>
         <size>0xb6</size>
         <input_file_ref idref="fl-17"/>
      </object_component>
      <object_component id="oc-683">
         <name>.text:I2CCC32XX_completeTransfer</name>
         <load_address>0x2000f232</load_address>
         <run_address>0x2000f232</run_address>
         <size>0xb2</size>
         <input_file_ref idref="fl-13"/>
      </object_component>
      <object_component id="oc-52d">
         <name>.text:_ltostr</name>
         <load_address>0x2000f2e4</load_address>
         <run_address>0x2000f2e4</run_address>
         <size>0xb1</size>
         <input_file_ref idref="fl-ec"/>
      </object_component>
      <object_component id="oc-a34">
         <name>.text:readTaskBlocking</name>
         <load_address>0x2000f396</load_address>
         <run_address>0x2000f396</run_address>
         <size>0xb0</size>
         <input_file_ref idref="fl-17"/>
      </object_component>
      <object_component id="oc-a3a">
         <name>.text:readIsrTextBlocking</name>
         <load_address>0x2000f446</load_address>
         <run_address>0x2000f446</run_address>
         <size>0xae</size>
         <input_file_ref idref="fl-17"/>
      </object_component>
      <object_component id="oc-671">
         <name>.text:I2CCC32XX_primeWriteBurst</name>
         <load_address>0x2000f4f4</load_address>
         <run_address>0x2000f4f4</run_address>
         <size>0xa8</size>
         <input_file_ref idref="fl-13"/>
      </object_component>
      <object_component id="oc-b5">
         <name>.text:IntEnable</name>
         <load_address>0x2000f59c</load_address>
         <run_address>0x2000f59c</run_address>
         <size>0xa8</size>
         <input_file_ref idref="fl-24"/>
      </object_component>
      <object_component id="oc-2c2">
         <name>.text:PowerCC32XX_configureWakeup</name>
         <load_address>0x2000f644</load_address>
         <run_address>0x2000f644</run_address>
         <size>0xa8</size>
         <input_file_ref idref="fl-14"/>
      </object_component>
      <object_component id="oc-a4c">
         <name>.text:readIsrTextCallback</name>
         <load_address>0x2000f6ec</load_address>
         <run_address>0x2000f6ec</run_address>
         <size>0xa2</size>
         <input_file_ref idref="fl-17"/>
      </object_component>
      <object_component id="oc-9d4">
         <name>.text:writeData</name>
         <load_address>0x2000f78e</load_address>
         <run_address>0x2000f78e</run_address>
         <size>0xa2</size>
         <input_file_ref idref="fl-17"/>
      </object_component>
      <object_component id="oc-2e7">
         <name>.text:SemaphoreP_pend</name>
         <load_address>0x2000f830</load_address>
         <run_address>0x2000f830</run_address>
         <size>0xa0</size>
         <input_file_ref idref="fl-1b"/>
      </object_component>
      <object_component id="oc-4b4">
         <name>.text:I2CCC32XX_initHw</name>
         <load_address>0x2000f8d0</load_address>
         <run_address>0x2000f8d0</run_address>
         <size>0x9c</size>
         <input_file_ref idref="fl-13"/>
      </object_component>
      <object_component id="oc-3b">
         <name>.text</name>
         <load_address>0x2000f96c</load_address>
         <run_address>0x2000f96c</run_address>
         <size>0x9c</size>
         <input_file_ref idref="fl-e5"/>
      </object_component>
      <object_component id="oc-5bb">
         <name>.text</name>
         <load_address>0x2000fa08</load_address>
         <run_address>0x2000fa08</run_address>
         <size>0x96</size>
         <input_file_ref idref="fl-e6"/>
      </object_component>
      <object_component id="oc-73">
         <name>.text:busFaultHandler</name>
         <load_address>0x2000fa9e</load_address>
         <run_address>0x2000fa9e</run_address>
         <size>0x2</size>
         <input_file_ref idref="fl-1f"/>
      </object_component>
      <object_component id="oc-1e7">
         <name>.text:GPIO_init</name>
         <load_address>0x2000faa0</load_address>
         <run_address>0x2000faa0</run_address>
         <size>0x90</size>
         <input_file_ref idref="fl-12"/>
      </object_component>
      <object_component id="oc-7cd">
         <name>.text:restoreNVICRegs</name>
         <load_address>0x2000fb30</load_address>
         <run_address>0x2000fb30</run_address>
         <size>0x90</size>
         <input_file_ref idref="fl-14"/>
      </object_component>
      <object_component id="oc-47d">
         <name>.text:HwiP_construct</name>
         <load_address>0x2000fbc0</load_address>
         <run_address>0x2000fbc0</run_address>
         <size>0x8c</size>
         <input_file_ref idref="fl-1d"/>
      </object_component>
      <object_component id="oc-957">
         <name>.text:IntPendSet</name>
         <load_address>0x2000fc4c</load_address>
         <run_address>0x2000fc4c</run_address>
         <size>0x88</size>
         <input_file_ref idref="fl-24"/>
      </object_component>
      <object_component id="oc-30e">
         <name>.text:PinConfigSet</name>
         <load_address>0x2000fcd4</load_address>
         <run_address>0x2000fcd4</run_address>
         <size>0x88</size>
         <input_file_ref idref="fl-25"/>
      </object_component>
      <object_component id="oc-533">
         <name>.text:__aeabi_cdcmple</name>
         <load_address>0x2000fd5c</load_address>
         <run_address>0x2000fd5c</run_address>
         <size>0x86</size>
         <input_file_ref idref="fl-ef"/>
      </object_component>
      <object_component id="oc-737">
         <name>.text:__aeabi_cdrcmple</name>
         <load_address>0x2000fde2</load_address>
         <run_address>0x2000fde2</run_address>
         <size>0x86</size>
         <input_file_ref idref="fl-ef"/>
      </object_component>
      <object_component id="oc-1e1">
         <name>.text:Power_init</name>
         <load_address>0x2000fe68</load_address>
         <run_address>0x2000fe68</run_address>
         <size>0x84</size>
         <input_file_ref idref="fl-14"/>
      </object_component>
      <object_component id="oc-7c2">
         <name>.text:saveNVICRegs</name>
         <load_address>0x2000feec</load_address>
         <run_address>0x2000feec</run_address>
         <size>0x84</size>
         <input_file_ref idref="fl-14"/>
      </object_component>
      <object_component id="oc-1fb">
         <name>.text:GPIO_write</name>
         <load_address>0x2000ff70</load_address>
         <run_address>0x2000ff70</run_address>
         <size>0x80</size>
         <input_file_ref idref="fl-12"/>
      </object_component>
      <object_component id="oc-314">
         <name>.text:Power_setDependency</name>
         <load_address>0x2000fff0</load_address>
         <run_address>0x2000fff0</run_address>
         <size>0x80</size>
         <input_file_ref idref="fl-14"/>
      </object_component>
      <object_component id="oc-a2e">
         <name>.text:readIsrBinaryBlocking</name>
         <load_address>0x20010070</load_address>
         <run_address>0x20010070</run_address>
         <size>0x7c</size>
         <input_file_ref idref="fl-17"/>
      </object_component>
      <object_component id="oc-66b">
         <name>.text:I2CCC32XX_primeReadBurst</name>
         <load_address>0x200100ec</load_address>
         <run_address>0x200100ec</run_address>
         <size>0x7a</size>
         <input_file_ref idref="fl-13"/>
      </object_component>
      <object_component id="oc-390">
         <name>.text</name>
         <load_address>0x20010166</load_address>
         <run_address>0x20010166</run_address>
         <size>0x7a</size>
         <input_file_ref idref="fl-e1"/>
      </object_component>
      <object_component id="oc-9d">
         <name>.text</name>
         <load_address>0x200101e0</load_address>
         <run_address>0x200101e0</run_address>
         <size>0x7a</size>
         <input_file_ref idref="fl-f4"/>
      </object_component>
      <object_component id="oc-a40">
         <name>.text:readIsrBinaryCallback</name>
         <load_address>0x2001025a</load_address>
         <run_address>0x2001025a</run_address>
         <size>0x78</size>
         <input_file_ref idref="fl-17"/>
      </object_component>
      <object_component id="oc-9ac">
         <name>.text:UARTCC32XX_hwiIntFxn</name>
         <load_address>0x200102d2</load_address>
         <run_address>0x200102d2</run_address>
         <size>0x74</size>
         <input_file_ref idref="fl-17"/>
      </object_component>
      <object_component id="oc-442">
         <name>.text:clkFxn</name>
         <load_address>0x20010346</load_address>
         <run_address>0x20010346</run_address>
         <size>0x2</size>
         <input_file_ref idref="fl-1b"/>
      </object_component>
      <object_component id="oc-306">
         <name>.text:powerNotifyFxn</name>
         <load_address>0x20010348</load_address>
         <run_address>0x20010348</run_address>
         <size>0x74</size>
         <input_file_ref idref="fl-12"/>
      </object_component>
      <object_component id="oc-80a">
         <name>.text:split</name>
         <load_address>0x200103bc</load_address>
         <run_address>0x200103bc</run_address>
         <size>0x70</size>
         <input_file_ref idref="fl-ea"/>
      </object_component>
      <object_component id="oc-757">
         <name>.text:_mcpy</name>
         <load_address>0x2001042c</load_address>
         <run_address>0x2001042c</run_address>
         <size>0x6e</size>
         <input_file_ref idref="fl-ec"/>
      </object_component>
      <object_component id="oc-69e">
         <name>.text:I2CSupport_primeTransfer</name>
         <load_address>0x2001049a</load_address>
         <run_address>0x2001049a</run_address>
         <size>0x6a</size>
         <input_file_ref idref="fl-13"/>
      </object_component>
      <object_component id="oc-14">
         <name>.text:decompress:lzss:__TI_decompress_lzss</name>
         <load_address>0x20010504</load_address>
         <run_address>0x20010504</run_address>
         <size>0x68</size>
         <input_file_ref idref="fl-e9"/>
      </object_component>
      <object_component id="oc-84c">
         <name>.text:UARTCC32XX_writeCancel</name>
         <load_address>0x2001056c</load_address>
         <run_address>0x2001056c</run_address>
         <size>0x66</size>
         <input_file_ref idref="fl-17"/>
      </object_component>
      <object_component id="oc-6d">
         <name>.text:defaultHandler</name>
         <load_address>0x200105d2</load_address>
         <run_address>0x200105d2</run_address>
         <size>0x2</size>
         <input_file_ref idref="fl-1f"/>
      </object_component>
      <object_component id="oc-326">
         <name>.text:GPIO_setInterruptConfig</name>
         <load_address>0x200105d4</load_address>
         <run_address>0x200105d4</run_address>
         <size>0x64</size>
         <input_file_ref idref="fl-12"/>
      </object_component>
      <object_component id="oc-46d">
         <name>.text:PowerCC32XX_setParkState</name>
         <load_address>0x20010638</load_address>
         <run_address>0x20010638</run_address>
         <size>0x64</size>
         <input_file_ref idref="fl-14"/>
      </object_component>
      <object_component id="oc-846">
         <name>.text:UARTCC32XX_writePolling</name>
         <load_address>0x2001069c</load_address>
         <run_address>0x2001069c</run_address>
         <size>0x62</size>
         <input_file_ref idref="fl-17"/>
      </object_component>
      <object_component id="oc-67">
         <name>.text:faultISR</name>
         <load_address>0x200106fe</load_address>
         <run_address>0x200106fe</run_address>
         <size>0x2</size>
         <input_file_ref idref="fl-1f"/>
      </object_component>
      <object_component id="oc-32f">
         <name>.text:GPIO_hwiIntFxn</name>
         <load_address>0x20010700</load_address>
         <run_address>0x20010700</run_address>
         <size>0x60</size>
         <input_file_ref idref="fl-12"/>
      </object_component>
      <object_component id="oc-290">
         <name>.text:PRCMSysResetCauseGet</name>
         <load_address>0x20010760</load_address>
         <run_address>0x20010760</run_address>
         <size>0x60</size>
         <input_file_ref idref="fl-26"/>
      </object_component>
      <object_component id="oc-76c">
         <name>.text:frexp</name>
         <load_address>0x200107c0</load_address>
         <run_address>0x200107c0</run_address>
         <size>0x5c</size>
         <input_file_ref idref="fl-103"/>
      </object_component>
      <object_component id="oc-917">
         <name>.text:sysTickInit</name>
         <load_address>0x2001081c</load_address>
         <run_address>0x2001081c</run_address>
         <size>0x5c</size>
         <input_file_ref idref="fl-1c"/>
      </object_component>
      <object_component id="oc-2a9">
         <name>.text:PRCMPeripheralReset</name>
         <load_address>0x20010878</load_address>
         <run_address>0x20010878</run_address>
         <size>0x58</size>
         <input_file_ref idref="fl-26"/>
      </object_component>
      <object_component id="oc-8c4">
         <name>.text:Power_releaseDependency</name>
         <load_address>0x200108d0</load_address>
         <run_address>0x200108d0</run_address>
         <size>0x58</size>
         <input_file_ref idref="fl-14"/>
      </object_component>
      <object_component id="oc-53e">
         <name>.text:_pconv_f</name>
         <load_address>0x20010928</load_address>
         <run_address>0x20010928</run_address>
         <size>0x56</size>
         <input_file_ref idref="fl-ec"/>
      </object_component>
      <object_component id="oc-741">
         <name>.text:__TI_ltoa</name>
         <load_address>0x2001097e</load_address>
         <run_address>0x2001097e</run_address>
         <size>0x54</size>
         <input_file_ref idref="fl-fa"/>
      </object_component>
      <object_component id="oc-a89">
         <name>.text:ringBufGet</name>
         <load_address>0x200109d2</load_address>
         <run_address>0x200109d2</run_address>
         <size>0x54</size>
         <input_file_ref idref="fl-17"/>
      </object_component>
      <object_component id="oc-934">
         <name>.text:PowerCC32XX_resumeLPDS</name>
         <load_address>0x20010a26</load_address>
         <run_address>0x20010a26</run_address>
         <size>0x52</size>
         <input_file_ref idref="fl-15"/>
      </object_component>
      <object_component id="oc-751">
         <name>.text:_ecpy</name>
         <load_address>0x20010a78</load_address>
         <run_address>0x20010a78</run_address>
         <size>0x52</size>
         <input_file_ref idref="fl-ec"/>
      </object_component>
      <object_component id="oc-4fc">
         <name>.text:initHw</name>
         <load_address>0x20010aca</load_address>
         <run_address>0x20010aca</run_address>
         <size>0x52</size>
         <input_file_ref idref="fl-16"/>
      </object_component>
      <object_component id="oc-79">
         <name>.text:ClockP_sysTickHandler</name>
         <load_address>0x20010b1c</load_address>
         <run_address>0x20010b1c</run_address>
         <size>0x50</size>
         <input_file_ref idref="fl-1c"/>
      </object_component>
      <object_component id="oc-5e7">
         <name>.text:SemaphoreP_construct</name>
         <load_address>0x20010b6c</load_address>
         <run_address>0x20010b6c</run_address>
         <size>0x50</size>
         <input_file_ref idref="fl-1b"/>
      </object_component>
      <object_component id="oc-4e4">
         <name>.text:TimerCC32XX_allocateTimerResource</name>
         <load_address>0x20010bbc</load_address>
         <run_address>0x20010bbc</run_address>
         <size>0x50</size>
         <input_file_ref idref="fl-16"/>
      </object_component>
      <object_component id="oc-65f">
         <name>.text:I2CCC32XX_readRecieveFifo</name>
         <load_address>0x20010c0c</load_address>
         <run_address>0x20010c0c</run_address>
         <size>0x4c</size>
         <input_file_ref idref="fl-13"/>
      </object_component>
      <object_component id="oc-92b">
         <name>.text:PowerCC32XX_parkPin</name>
         <load_address>0x20010c58</load_address>
         <run_address>0x20010c58</run_address>
         <size>0x4c</size>
         <input_file_ref idref="fl-14"/>
      </object_component>
      <object_component id="oc-527">
         <name>.text:atoi</name>
         <load_address>0x20010ca4</load_address>
         <run_address>0x20010ca4</run_address>
         <size>0x4c</size>
         <input_file_ref idref="fl-fc"/>
      </object_component>
      <object_component id="oc-7d3">
         <name>.text:restorePeriphClocks</name>
         <load_address>0x20010cf0</load_address>
         <run_address>0x20010cf0</run_address>
         <size>0x4c</size>
         <input_file_ref idref="fl-14"/>
      </object_component>
      <object_component id="oc-225">
         <name>.text:snprintf</name>
         <load_address>0x20010d3c</load_address>
         <run_address>0x20010d3c</run_address>
         <size>0x4c</size>
         <input_file_ref idref="fl-e0"/>
      </object_component>
      <object_component id="oc-94f">
         <name>.text:FlashDisable</name>
         <load_address>0x20010d88</load_address>
         <run_address>0x20010d88</run_address>
         <size>0x48</size>
         <input_file_ref idref="fl-2a"/>
      </object_component>
      <object_component id="oc-484">
         <name>.text:GPIO_disableInt</name>
         <load_address>0x20010dd0</load_address>
         <run_address>0x20010dd0</run_address>
         <size>0x48</size>
         <input_file_ref idref="fl-12"/>
      </object_component>
      <object_component id="oc-207">
         <name>.text:GPIO_enableInt</name>
         <load_address>0x20010e18</load_address>
         <run_address>0x20010e18</run_address>
         <size>0x48</size>
         <input_file_ref idref="fl-12"/>
      </object_component>
      <object_component id="oc-7df">
         <name>.text:PRCMLPDSEnter</name>
         <load_address>0x20010e60</load_address>
         <run_address>0x20010e60</run_address>
         <size>0x48</size>
         <input_file_ref idref="fl-26"/>
      </object_component>
      <object_component id="oc-2a3">
         <name>.text:PRCMPeripheralClkEnable</name>
         <load_address>0x20010ea8</load_address>
         <run_address>0x20010ea8</run_address>
         <size>0x48</size>
         <input_file_ref idref="fl-26"/>
      </object_component>
      <object_component id="oc-882">
         <name>.text:Power_releaseConstraint</name>
         <load_address>0x20010ef0</load_address>
         <run_address>0x20010ef0</run_address>
         <size>0x48</size>
         <input_file_ref idref="fl-14"/>
      </object_component>
      <object_component id="oc-219">
         <name>.text:initTimer</name>
         <load_address>0x20010f38</load_address>
         <run_address>0x20010f38</run_address>
         <size>0x48</size>
         <input_file_ref idref="fl-2"/>
      </object_component>
      <object_component id="oc-73c">
         <name>.text</name>
         <load_address>0x20010f80</load_address>
         <run_address>0x20010f80</run_address>
         <size>0x48</size>
         <input_file_ref idref="fl-f2"/>
      </object_component>
      <object_component id="oc-a76">
         <name>.text:RingBuf_put</name>
         <load_address>0x20010fc8</load_address>
         <run_address>0x20010fc8</run_address>
         <size>0x46</size>
         <input_file_ref idref="fl-19"/>
      </object_component>
      <object_component id="oc-4f6">
         <name>.text:getPrescaler</name>
         <load_address>0x2001100e</load_address>
         <run_address>0x2001100e</run_address>
         <size>0x46</size>
         <input_file_ref idref="fl-16"/>
      </object_component>
      <object_component id="oc-60f">
         <name>.text:ClockP_stop</name>
         <load_address>0x20011054</load_address>
         <run_address>0x20011054</run_address>
         <size>0x44</size>
         <input_file_ref idref="fl-1c"/>
      </object_component>
      <object_component id="oc-939">
         <name>.text:PRCMLPDSRestoreInfoSet</name>
         <load_address>0x20011098</load_address>
         <run_address>0x20011098</run_address>
         <size>0x44</size>
         <input_file_ref idref="fl-26"/>
      </object_component>
      <object_component id="oc-7c8">
         <name>.text:PowerCC32XX_enterLPDS</name>
         <load_address>0x200110dc</load_address>
         <run_address>0x200110dc</run_address>
         <size>0x44</size>
         <input_file_ref idref="fl-15"/>
      </object_component>
      <object_component id="oc-2f3">
         <name>.text:SemaphoreP_post</name>
         <load_address>0x20011120</load_address>
         <run_address>0x20011120</run_address>
         <size>0x44</size>
         <input_file_ref idref="fl-1b"/>
      </object_component>
      <object_component id="oc-5d7">
         <name>.text:SwiP_restore</name>
         <load_address>0x20011164</load_address>
         <run_address>0x20011164</run_address>
         <size>0x44</size>
         <input_file_ref idref="fl-20"/>
      </object_component>
      <object_component id="oc-37e">
         <name>.text:Timer_start</name>
         <load_address>0x200111a8</load_address>
         <run_address>0x200111a8</run_address>
         <size>0x44</size>
         <input_file_ref idref="fl-10"/>
      </object_component>
      <object_component id="oc-33d">
         <name>.text:UART_init</name>
         <load_address>0x200111ec</load_address>
         <run_address>0x200111ec</run_address>
         <size>0x44</size>
         <input_file_ref idref="fl-11"/>
      </object_component>
      <object_component id="oc-179">
         <name>.text:__TI_auto_init_nobinit_nopinit:__TI_auto_init_nobinit_nopinit</name>
         <load_address>0x20011230</load_address>
         <run_address>0x20011230</run_address>
         <size>0x44</size>
         <input_file_ref idref="fl-f5"/>
      </object_component>
      <object_component id="oc-a1d">
         <name>.text:ClockP_construct</name>
         <load_address>0x20011274</load_address>
         <run_address>0x20011274</run_address>
         <size>0x40</size>
         <input_file_ref idref="fl-1c"/>
      </object_component>
      <object_component id="oc-2bb">
         <name>.text:PinModeSet</name>
         <load_address>0x200112b4</load_address>
         <run_address>0x200112b4</run_address>
         <size>0x40</size>
         <input_file_ref idref="fl-25"/>
      </object_component>
      <object_component id="oc-9c6">
         <name>.text:RingBuf_get</name>
         <load_address>0x200112f4</load_address>
         <run_address>0x200112f4</run_address>
         <size>0x40</size>
         <input_file_ref idref="fl-19"/>
      </object_component>
      <object_component id="oc-516">
         <name>.text:TimerSupport_timerEnable</name>
         <load_address>0x20011334</load_address>
         <run_address>0x20011334</run_address>
         <size>0x40</size>
         <input_file_ref idref="fl-16"/>
      </object_component>
      <object_component id="oc-4f0">
         <name>.text:Timer_close</name>
         <load_address>0x20011374</load_address>
         <run_address>0x20011374</run_address>
         <size>0x40</size>
         <input_file_ref idref="fl-16"/>
      </object_component>
      <object_component id="oc-82e">
         <name>.text:UARTCC32XX_read</name>
         <load_address>0x200113b4</load_address>
         <run_address>0x200113b4</run_address>
         <size>0x40</size>
         <input_file_ref idref="fl-17"/>
      </object_component>
      <object_component id="oc-349">
         <name>.text:UART_open</name>
         <load_address>0x200113f4</load_address>
         <run_address>0x200113f4</run_address>
         <size>0x40</size>
         <input_file_ref idref="fl-11"/>
      </object_component>
      <object_component id="oc-764">
         <name>.text:_fcpy</name>
         <load_address>0x20011434</load_address>
         <run_address>0x20011434</run_address>
         <size>0x3e</size>
         <input_file_ref idref="fl-ec"/>
      </object_component>
      <object_component id="oc-61">
         <name>.text:nmiISR</name>
         <load_address>0x20011472</load_address>
         <run_address>0x20011472</run_address>
         <size>0x2</size>
         <input_file_ref idref="fl-1f"/>
      </object_component>
      <object_component id="oc-43c">
         <name>.text:ClockP_destruct</name>
         <load_address>0x20011474</load_address>
         <run_address>0x20011474</run_address>
         <size>0x3c</size>
         <input_file_ref idref="fl-1c"/>
      </object_component>
      <object_component id="oc-717">
         <name>.text:Power_setConstraint</name>
         <load_address>0x200114b0</load_address>
         <run_address>0x200114b0</run_address>
         <size>0x3c</size>
         <input_file_ref idref="fl-14"/>
      </object_component>
      <object_component id="oc-20d">
         <name>.text:initUART</name>
         <load_address>0x200114ec</load_address>
         <run_address>0x200114ec</run_address>
         <size>0x3c</size>
         <input_file_ref idref="fl-2"/>
      </object_component>
      <object_component id="oc-5b5">
         <name>.text:getCountsRTC</name>
         <load_address>0x20011528</load_address>
         <run_address>0x20011528</run_address>
         <size>0x3a</size>
         <input_file_ref idref="fl-1e"/>
      </object_component>
      <object_component id="oc-7b0">
         <name>.text</name>
         <load_address>0x20011562</load_address>
         <run_address>0x20011562</run_address>
         <size>0x2</size>
         <input_file_ref idref="fl-ed"/>
      </object_component>
      <object_component id="oc-7e5">
         <name>.text:PRCMLPDSEnterKeepDebugIf</name>
         <load_address>0x20011564</load_address>
         <run_address>0x20011564</run_address>
         <size>0x38</size>
         <input_file_ref idref="fl-26"/>
      </object_component>
      <object_component id="oc-db">
         <name>.text:addToList</name>
         <load_address>0x2001159c</load_address>
         <run_address>0x2001159c</run_address>
         <size>0x38</size>
         <input_file_ref idref="fl-1c"/>
      </object_component>
      <object_component id="oc-59">
         <name>.text:initVectors</name>
         <load_address>0x200115d4</load_address>
         <run_address>0x200115d4</run_address>
         <size>0x38</size>
         <input_file_ref idref="fl-1f"/>
      </object_component>
      <object_component id="oc-7b6">
         <name>.text:notify</name>
         <load_address>0x2001160c</load_address>
         <run_address>0x2001160c</run_address>
         <size>0x38</size>
         <input_file_ref idref="fl-14"/>
      </object_component>
      <object_component id="oc-395">
         <name>.text</name>
         <load_address>0x20011644</load_address>
         <run_address>0x20011644</run_address>
         <size>0x38</size>
         <input_file_ref idref="fl-e2"/>
      </object_component>
      <object_component id="oc-38b">
         <name>.text</name>
         <load_address>0x2001167c</load_address>
         <run_address>0x2001167c</run_address>
         <size>0x38</size>
         <input_file_ref idref="fl-e3"/>
      </object_component>
      <object_component id="oc-6f8">
         <name>.text:TimerControlStall</name>
         <load_address>0x200116b4</load_address>
         <run_address>0x200116b4</run_address>
         <size>0x36</size>
         <input_file_ref idref="fl-27"/>
      </object_component>
      <object_component id="oc-6c6">
         <name>.text:Timer_stop</name>
         <load_address>0x200116ea</load_address>
         <run_address>0x200116ea</run_address>
         <size>0x36</size>
         <input_file_ref idref="fl-10"/>
      </object_component>
      <object_component id="oc-83a">
         <name>.text:UARTCC32XX_readCancel</name>
         <load_address>0x20011720</load_address>
         <run_address>0x20011720</run_address>
         <size>0x36</size>
         <input_file_ref idref="fl-17"/>
      </object_component>
      <object_component id="oc-5a3">
         <name>.text:ClockP_getTicksUntilInterrupt</name>
         <load_address>0x20011758</load_address>
         <run_address>0x20011758</run_address>
         <size>0x34</size>
         <input_file_ref idref="fl-1c"/>
      </object_component>
      <object_component id="oc-7a7">
         <name>.text:ClockP_startup</name>
         <load_address>0x2001178c</load_address>
         <run_address>0x2001178c</run_address>
         <size>0x34</size>
         <input_file_ref idref="fl-1c"/>
      </object_component>
      <object_component id="oc-2b5">
         <name>.text:PinModeGet</name>
         <load_address>0x200117c0</load_address>
         <run_address>0x200117c0</run_address>
         <size>0x34</size>
         <input_file_ref idref="fl-25"/>
      </object_component>
      <object_component id="oc-96a">
         <name>.text:PowerCC32XX_restoreParkState</name>
         <load_address>0x200117f4</load_address>
         <run_address>0x200117f4</run_address>
         <size>0x34</size>
         <input_file_ref idref="fl-14"/>
      </object_component>
      <object_component id="oc-6de">
         <name>.text:TimerCC32XX_freeTimerResource</name>
         <load_address>0x20011828</load_address>
         <run_address>0x20011828</run_address>
         <size>0x34</size>
         <input_file_ref idref="fl-16"/>
      </object_component>
      <object_component id="oc-50e">
         <name>.text:TimerCC32XX_hwiIntFunction</name>
         <load_address>0x2001185c</load_address>
         <run_address>0x2001185c</run_address>
         <size>0x34</size>
         <input_file_ref idref="fl-16"/>
      </object_component>
      <object_component id="oc-6bb">
         <name>.text:getPowerMgrId</name>
         <load_address>0x20011890</load_address>
         <run_address>0x20011890</run_address>
         <size>0x34</size>
         <input_file_ref idref="fl-16"/>
      </object_component>
      <object_component id="oc-42a">
         <name>.text:ClockP_start</name>
         <load_address>0x200118c4</load_address>
         <run_address>0x200118c4</run_address>
         <size>0x30</size>
         <input_file_ref idref="fl-1c"/>
      </object_component>
      <object_component id="oc-948">
         <name>.text:PowerCC32XX_restoreParkedPin</name>
         <load_address>0x200118f4</load_address>
         <run_address>0x200118f4</run_address>
         <size>0x30</size>
         <input_file_ref idref="fl-14"/>
      </object_component>
      <object_component id="oc-3a1">
         <name>.text:_outs</name>
         <load_address>0x20011924</load_address>
         <run_address>0x20011924</run_address>
         <size>0x30</size>
         <input_file_ref idref="fl-e0"/>
      </object_component>
      <object_component id="oc-747">
         <name>.text</name>
         <load_address>0x20011954</load_address>
         <run_address>0x20011954</run_address>
         <size>0x2e</size>
         <input_file_ref idref="fl-f3"/>
      </object_component>
      <object_component id="oc-98b">
         <name>.text:PowerCC32XX_getParkState</name>
         <load_address>0x20011984</load_address>
         <run_address>0x20011984</run_address>
         <size>0x2c</size>
         <input_file_ref idref="fl-14"/>
      </object_component>
      <object_component id="oc-320">
         <name>.text:HwiP_create</name>
         <load_address>0x200119b0</load_address>
         <run_address>0x200119b0</run_address>
         <size>0x2a</size>
         <input_file_ref idref="fl-1d"/>
      </object_component>
      <object_component id="oc-6f2">
         <name>.text:TimerLoadSet</name>
         <load_address>0x200119da</load_address>
         <run_address>0x200119da</run_address>
         <size>0x2a</size>
         <input_file_ref idref="fl-27"/>
      </object_component>
      <object_component id="oc-6ec">
         <name>.text:TimerPrescaleSet</name>
         <load_address>0x20011a04</load_address>
         <run_address>0x20011a04</run_address>
         <size>0x2a</size>
         <input_file_ref idref="fl-27"/>
      </object_component>
      <object_component id="oc-677">
         <name>.text:I2CFIFODataPutNonBlocking</name>
         <load_address>0x20011a2e</load_address>
         <run_address>0x20011a2e</run_address>
         <size>0x28</size>
         <input_file_ref idref="fl-23"/>
      </object_component>
      <object_component id="oc-2af">
         <name>.text:PRCMPeripheralClkDisable</name>
         <load_address>0x20011a58</load_address>
         <run_address>0x20011a58</run_address>
         <size>0x28</size>
         <input_file_ref idref="fl-26"/>
      </object_component>
      <object_component id="oc-2ed">
         <name>.text:Power_registerNotify</name>
         <load_address>0x20011a80</load_address>
         <run_address>0x20011a80</run_address>
         <size>0x28</size>
         <input_file_ref idref="fl-14"/>
      </object_component>
      <object_component id="oc-607">
         <name>.text:free_list_insert</name>
         <load_address>0x20011aa8</load_address>
         <run_address>0x20011aa8</run_address>
         <size>0x28</size>
         <input_file_ref idref="fl-ea"/>
      </object_component>
      <object_component id="oc-85e">
         <name>.text:I2CFIFODataGetNonBlocking</name>
         <load_address>0x20011ad0</load_address>
         <run_address>0x20011ad0</run_address>
         <size>0x26</size>
         <input_file_ref idref="fl-23"/>
      </object_component>
      <object_component id="oc-6aa">
         <name>.text:I2C_cancel</name>
         <load_address>0x20011af6</load_address>
         <run_address>0x20011af6</run_address>
         <size>0x26</size>
         <input_file_ref idref="fl-f"/>
      </object_component>
      <object_component id="oc-44c">
         <name>.text:List_put</name>
         <load_address>0x20011b1c</load_address>
         <run_address>0x20011b1c</run_address>
         <size>0x26</size>
         <input_file_ref idref="fl-18"/>
      </object_component>
      <object_component id="oc-8b5">
         <name>.text:List_remove</name>
         <load_address>0x20011b42</load_address>
         <run_address>0x20011b42</run_address>
         <size>0x26</size>
         <input_file_ref idref="fl-18"/>
      </object_component>
      <object_component id="oc-62d">
         <name>.text:HwiP_dispatch</name>
         <load_address>0x20011b68</load_address>
         <run_address>0x20011b68</run_address>
         <size>0x24</size>
         <input_file_ref idref="fl-1d"/>
      </object_component>
      <object_component id="oc-985">
         <name>.text:PowerCC32XX_reset</name>
         <load_address>0x20011b8c</load_address>
         <run_address>0x20011b8c</run_address>
         <size>0x24</size>
         <input_file_ref idref="fl-14"/>
      </object_component>
      <object_component id="oc-8ae">
         <name>.text:TimerSupport_timerDisable</name>
         <load_address>0x20011bb0</load_address>
         <run_address>0x20011bb0</run_address>
         <size>0x24</size>
         <input_file_ref idref="fl-16"/>
      </object_component>
      <object_component id="oc-c5">
         <name>.text:_c_int00_noargs:_c_int00_noargs</name>
         <load_address>0x20011bd4</load_address>
         <run_address>0x20011bd4</run_address>
         <size>0x24</size>
         <input_file_ref idref="fl-eb"/>
      </object_component>
      <object_component id="oc-866">
         <name>.text:I2CMasterSlaveAddrSet</name>
         <load_address>0x20011bf8</load_address>
         <run_address>0x20011bf8</run_address>
         <size>0x22</size>
         <input_file_ref idref="fl-23"/>
      </object_component>
      <object_component id="oc-8bc">
         <name>.text:HwiP_destruct</name>
         <load_address>0x20011c1a</load_address>
         <run_address>0x20011c1a</run_address>
         <size>0x20</size>
         <input_file_ref idref="fl-1d"/>
      </object_component>
      <object_component id="oc-6cc">
         <name>.text:Power_unregisterNotify</name>
         <load_address>0x20011c3c</load_address>
         <run_address>0x20011c3c</run_address>
         <size>0x20</size>
         <input_file_ref idref="fl-14"/>
      </object_component>
      <object_component id="oc-971">
         <name>.text:RingBuf_peek</name>
         <load_address>0x20011c5c</load_address>
         <run_address>0x20011c5c</run_address>
         <size>0x20</size>
         <input_file_ref idref="fl-19"/>
      </object_component>
      <object_component id="oc-97f">
         <name>.text:getPowerMgrId</name>
         <load_address>0x20011c7c</load_address>
         <run_address>0x20011c7c</run_address>
         <size>0x20</size>
         <input_file_ref idref="fl-17"/>
      </object_component>
      <object_component id="oc-653">
         <name>.text:I2CMasterIntStatusEx</name>
         <load_address>0x20011c9c</load_address>
         <run_address>0x20011c9c</run_address>
         <size>0x1e</size>
         <input_file_ref idref="fl-23"/>
      </object_component>
      <object_component id="oc-4ae">
         <name>.text:SemaphoreP_constructBinary</name>
         <load_address>0x20011cba</load_address>
         <run_address>0x20011cba</run_address>
         <size>0x1e</size>
         <input_file_ref idref="fl-1b"/>
      </object_component>
      <object_component id="oc-6e6">
         <name>.text:TimerDisable</name>
         <load_address>0x20011cd8</load_address>
         <run_address>0x20011cd8</run_address>
         <size>0x1e</size>
         <input_file_ref idref="fl-27"/>
      </object_component>
      <object_component id="oc-71d">
         <name>.text:TimerEnable</name>
         <load_address>0x20011cf6</load_address>
         <run_address>0x20011cf6</run_address>
         <size>0x1e</size>
         <input_file_ref idref="fl-27"/>
      </object_component>
      <object_component id="oc-201">
         <name>.text:GPIO_setCallback</name>
         <load_address>0x20011d14</load_address>
         <run_address>0x20011d14</run_address>
         <size>0x1c</size>
         <input_file_ref idref="fl-e"/>
      </object_component>
      <object_component id="oc-925">
         <name>.text:PinToPadGet</name>
         <load_address>0x20011d30</load_address>
         <run_address>0x20011d30</run_address>
         <size>0x1c</size>
         <input_file_ref idref="fl-25"/>
      </object_component>
      <object_component id="oc-597">
         <name>.text:SwiP_disable</name>
         <load_address>0x20011d4c</load_address>
         <run_address>0x20011d4c</run_address>
         <size>0x1c</size>
         <input_file_ref idref="fl-20"/>
      </object_component>
      <object_component id="oc-601">
         <name>.text:free_list_remove</name>
         <load_address>0x20011d68</load_address>
         <run_address>0x20011d68</run_address>
         <size>0x1c</size>
         <input_file_ref idref="fl-ea"/>
      </object_component>
      <object_component id="oc-550">
         <name>.text:memccpy</name>
         <load_address>0x20011d84</load_address>
         <run_address>0x20011d84</run_address>
         <size>0x1c</size>
         <input_file_ref idref="fl-fe"/>
      </object_component>
      <object_component id="oc-997">
         <name>.text:ClockP_create</name>
         <load_address>0x20011da0</load_address>
         <run_address>0x20011da0</run_address>
         <size>0x1a</size>
         <input_file_ref idref="fl-1c"/>
      </object_component>
      <object_component id="oc-2cf">
         <name>.text:SemaphoreP_createBinary</name>
         <load_address>0x20011dba</load_address>
         <run_address>0x20011dba</run_address>
         <size>0x1a</size>
         <input_file_ref idref="fl-1b"/>
      </object_component>
      <object_component id="oc-21">
         <name>.text:resetISR</name>
         <load_address>0x20011dd4</load_address>
         <run_address>0x20011dd4</run_address>
         <size>0x1a</size>
         <input_file_ref idref="fl-1f"/>
      </object_component>
      <object_component id="oc-897">
         <name>.text:I2CMasterBusBusy</name>
         <load_address>0x20011dee</load_address>
         <run_address>0x20011dee</run_address>
         <size>0x18</size>
         <input_file_ref idref="fl-23"/>
      </object_component>
      <object_component id="oc-665">
         <name>.text:I2CMasterIntDisableEx</name>
         <load_address>0x20011e06</load_address>
         <run_address>0x20011e06</run_address>
         <size>0x18</size>
         <input_file_ref idref="fl-23"/>
      </object_component>
      <object_component id="oc-878">
         <name>.text:I2CMasterIntEnableEx</name>
         <load_address>0x20011e1e</load_address>
         <run_address>0x20011e1e</run_address>
         <size>0x18</size>
         <input_file_ref idref="fl-23"/>
      </object_component>
      <object_component id="oc-891">
         <name>.text:I2CRxFIFOFlush</name>
         <load_address>0x20011e36</load_address>
         <run_address>0x20011e36</run_address>
         <size>0x18</size>
         <input_file_ref idref="fl-23"/>
      </object_component>
      <object_component id="oc-88b">
         <name>.text:I2CTxFIFOFlush</name>
         <load_address>0x20011e4e</load_address>
         <run_address>0x20011e4e</run_address>
         <size>0x18</size>
         <input_file_ref idref="fl-23"/>
      </object_component>
      <object_component id="oc-5a9">
         <name>.text:Power_getTransitionLatency</name>
         <load_address>0x20011e68</load_address>
         <run_address>0x20011e68</run_address>
         <size>0x18</size>
         <input_file_ref idref="fl-14"/>
      </object_component>
      <object_component id="oc-7f9">
         <name>.text:Power_idleFunc</name>
         <load_address>0x20011e80</load_address>
         <run_address>0x20011e80</run_address>
         <size>0x18</size>
         <input_file_ref idref="fl-14"/>
      </object_component>
      <object_component id="oc-9ec">
         <name>.text:TimerIntDisable</name>
         <load_address>0x20011e98</load_address>
         <run_address>0x20011e98</run_address>
         <size>0x18</size>
         <input_file_ref idref="fl-27"/>
      </object_component>
      <object_component id="oc-711">
         <name>.text:TimerIntEnable</name>
         <load_address>0x20011eb0</load_address>
         <run_address>0x20011eb0</run_address>
         <size>0x18</size>
         <input_file_ref idref="fl-27"/>
      </object_component>
      <object_component id="oc-9ce">
         <name>.text:UARTBusy</name>
         <load_address>0x20011ec8</load_address>
         <run_address>0x20011ec8</run_address>
         <size>0x18</size>
         <input_file_ref idref="fl-28"/>
      </object_component>
      <object_component id="oc-a61">
         <name>.text:UARTIntEnable</name>
         <load_address>0x20011ee0</load_address>
         <run_address>0x20011ee0</run_address>
         <size>0x18</size>
         <input_file_ref idref="fl-28"/>
      </object_component>
      <object_component id="oc-343">
         <name>.text:UART_Params_init</name>
         <load_address>0x20011ef8</load_address>
         <run_address>0x20011ef8</run_address>
         <size>0x18</size>
         <input_file_ref idref="fl-11"/>
      </object_component>
      <object_component id="oc-3a7">
         <name>.text:_outc</name>
         <load_address>0x20011f10</load_address>
         <run_address>0x20011f10</run_address>
         <size>0x18</size>
         <input_file_ref idref="fl-e0"/>
      </object_component>
      <object_component id="oc-5c6">
         <name>.text</name>
         <load_address>0x20011f28</load_address>
         <run_address>0x20011f28</run_address>
         <size>0x18</size>
         <input_file_ref idref="fl-e4"/>
      </object_component>
      <object_component id="oc-872">
         <name>.text:I2CMasterBurstLengthSet</name>
         <load_address>0x20011f40</load_address>
         <run_address>0x20011f40</run_address>
         <size>0x16</size>
         <input_file_ref idref="fl-23"/>
      </object_component>
      <object_component id="oc-29d">
         <name>.text:PRCMHIBRegRead</name>
         <load_address>0x20011f56</load_address>
         <run_address>0x20011f56</run_address>
         <size>0x16</size>
         <input_file_ref idref="fl-26"/>
      </object_component>
      <object_component id="oc-297">
         <name>.text:PRCMHIBRegWrite</name>
         <load_address>0x20011f6c</load_address>
         <run_address>0x20011f6c</run_address>
         <size>0x16</size>
         <input_file_ref idref="fl-26"/>
      </object_component>
      <object_component id="oc-412">
         <name>.text:SemaphoreP_create</name>
         <load_address>0x20011f82</load_address>
         <run_address>0x20011f82</run_address>
         <size>0x16</size>
         <input_file_ref idref="fl-1b"/>
      </object_component>
      <object_component id="oc-778">
         <name>.text:strchr</name>
         <load_address>0x20011f98</load_address>
         <run_address>0x20011f98</run_address>
         <size>0x16</size>
         <input_file_ref idref="fl-ff"/>
      </object_component>
      <object_component id="oc-15a">
         <name>.text:Board_init</name>
         <load_address>0x20011fae</load_address>
         <run_address>0x20011fae</run_address>
         <size>0x14</size>
         <input_file_ref idref="fl-3"/>
      </object_component>
      <object_component id="oc-a3">
         <name>.text:CPUcpsid</name>
         <load_address>0x20011fc2</load_address>
         <run_address>0x20011fc2</run_address>
         <size>0x14</size>
         <input_file_ref idref="fl-22"/>
      </object_component>
      <object_component id="oc-453">
         <name>.text:HwiP_inISR</name>
         <load_address>0x20011fd8</load_address>
         <run_address>0x20011fd8</run_address>
         <size>0x14</size>
         <input_file_ref idref="fl-1d"/>
      </object_component>
      <object_component id="oc-89f">
         <name>.text:I2CSupport_masterFinish</name>
         <load_address>0x20011fec</load_address>
         <run_address>0x20011fec</run_address>
         <size>0x14</size>
         <input_file_ref idref="fl-13"/>
      </object_component>
      <object_component id="oc-362">
         <name>.text:I2C_transfer</name>
         <load_address>0x20012000</load_address>
         <run_address>0x20012000</run_address>
         <size>0x14</size>
         <input_file_ref idref="fl-f"/>
      </object_component>
      <object_component id="oc-af">
         <name>.text:IntVTableBaseSet</name>
         <load_address>0x20012014</load_address>
         <run_address>0x20012014</run_address>
         <size>0x14</size>
         <input_file_ref idref="fl-24"/>
      </object_component>
      <object_component id="oc-459">
         <name>.text:Power_disablePolicy</name>
         <load_address>0x20012028</load_address>
         <run_address>0x20012028</run_address>
         <size>0x14</size>
         <input_file_ref idref="fl-14"/>
      </object_component>
      <object_component id="oc-941">
         <name>.text:Power_getDependencyCount</name>
         <load_address>0x2001203c</load_address>
         <run_address>0x2001203c</run_address>
         <size>0x14</size>
         <input_file_ref idref="fl-14"/>
      </object_component>
      <object_component id="oc-a5b">
         <name>.text:releasePowerConstraint</name>
         <load_address>0x20012050</load_address>
         <run_address>0x20012050</run_address>
         <size>0x14</size>
         <input_file_ref idref="fl-17"/>
      </object_component>
      <object_component id="oc-521">
         <name>.text:strlen</name>
         <load_address>0x20012064</load_address>
         <run_address>0x20012064</run_address>
         <size>0x14</size>
         <input_file_ref idref="fl-100"/>
      </object_component>
      <object_component id="oc-31a">
         <name>.text:HwiP_Params_init</name>
         <load_address>0x20012078</load_address>
         <run_address>0x20012078</run_address>
         <size>0x12</size>
         <input_file_ref idref="fl-1d"/>
      </object_component>
      <object_component id="oc-659">
         <name>.text:I2CMasterIntClearEx</name>
         <load_address>0x2001208a</load_address>
         <run_address>0x2001208a</run_address>
         <size>0x12</size>
         <input_file_ref idref="fl-23"/>
      </object_component>
      <object_component id="oc-979">
         <name>.text:RingBuf_construct</name>
         <load_address>0x2001209c</load_address>
         <run_address>0x2001209c</run_address>
         <size>0x12</size>
         <input_file_ref idref="fl-19"/>
      </object_component>
      <object_component id="oc-708">
         <name>.text:TimerIntClear</name>
         <load_address>0x200120ae</load_address>
         <run_address>0x200120ae</run_address>
         <size>0x12</size>
         <input_file_ref idref="fl-27"/>
      </object_component>
      <object_component id="oc-11f">
         <name>.text:main</name>
         <load_address>0x200120c0</load_address>
         <run_address>0x200120c0</run_address>
         <size>0x12</size>
         <input_file_ref idref="fl-4"/>
      </object_component>
      <object_component id="oc-556">
         <name>.text:wcslen</name>
         <load_address>0x200120d2</load_address>
         <run_address>0x200120d2</run_address>
         <size>0x12</size>
         <input_file_ref idref="fl-102"/>
      </object_component>
      <object_component id="oc-424">
         <name>.text:ClockP_add</name>
         <load_address>0x200120e4</load_address>
         <run_address>0x200120e4</run_address>
         <size>0x10</size>
         <input_file_ref idref="fl-1c"/>
      </object_component>
      <object_component id="oc-964">
         <name>.text:ClockP_delete</name>
         <load_address>0x200120f4</load_address>
         <run_address>0x200120f4</run_address>
         <size>0x10</size>
         <input_file_ref idref="fl-1c"/>
      </object_component>
      <object_component id="oc-4ea">
[...]
      </symbol>
      <symbol id="sm-aad">
         <name>HwiP_disableInterrupt</name>
         <value>0x200121e1</value>
         <object_component_ref idref="oc-698"/>
      </symbol>
      <symbol id="sm-add">
         <name>PowerCC32XX_initPolicy</name>
         <value>0x2000e363</value>
         <object_component_ref idref="oc-3fb"/>
      </symbol>
      <symbol id="sm-ade">
         <name>PowerCC32XX_sleepPolicy</name>
         <value>0x2000d8fd</value>
         <object_component_ref idref="oc-401"/>
      </symbol>
      <symbol id="sm-b2e">
         <name>resetISR</name>
         <value>0x20011dd5</value>
         <object_component_ref idref="oc-21"/>
      </symbol>
      <symbol id="sm-b2f">
         <name>resetVectorAddr</name>
         <value>0x20011de8</value>
         <object_component_ref idref="oc-21"/>
      </symbol>
      <symbol id="sm-b30">
         <name>initVectors</name>
         <value>0x200115d5</value>
         <object_component_ref idref="oc-59"/>
      </symbol>
      <symbol id="sm-b31">
         <name>resetVectors</name>
         <value>0x20004000</value>
         <object_component_ref idref="oc-27"/>
      </symbol>
      <symbol id="sm-b61">
         <name>SwiP_disable</name>
         <value>0x20011d4d</value>
         <object_component_ref idref="oc-597"/>
      </symbol>
      <symbol id="sm-b62">
         <name>SwiP_restore</name>
         <value>0x20011165</value>
         <object_component_ref idref="oc-5d7"/>
      </symbol>
      <symbol id="sm-b6d">
         <name>CPUcpsid</name>
         <value>0x20011fc3</value>
         <object_component_ref idref="oc-a3"/>
      </symbol>
      <symbol id="sm-bda">
         <name>I2CRxFIFOFlush</name>
         <value>0x20011e37</value>
         <object_component_ref idref="oc-891"/>
      </symbol>
      <symbol id="sm-bdb">
         <name>I2CTxFIFOFlush</name>
         <value>0x20011e4f</value>
         <object_component_ref idref="oc-88b"/>
      </symbol>
      <symbol id="sm-bdc">
         <name>I2CFIFODataPutNonBlocking</name>
         <value>0x20011a2f</value>
         <object_component_ref idref="oc-677"/>
      </symbol>
      <symbol id="sm-bdd">
         <name>I2CMasterBusBusy</name>
         <value>0x20011def</value>
         <object_component_ref idref="oc-897"/>
      </symbol>
      <symbol id="sm-bde">
         <name>I2CMasterIntDisableEx</name>
         <value>0x20011e07</value>
         <object_component_ref idref="oc-665"/>
      </symbol>
      <symbol id="sm-bdf">
         <name>I2CMasterBurstLengthSet</name>
         <value>0x20011f41</value>
         <object_component_ref idref="oc-872"/>
      </symbol>
      <symbol id="sm-be0">
         <name>I2CMasterIntClearEx</name>
         <value>0x2001208b</value>
         <object_component_ref idref="oc-659"/>
      </symbol>
      <symbol id="sm-be1">
         <name>I2CMasterSlaveAddrSet</name>
         <value>0x20011bf9</value>
         <object_component_ref idref="oc-866"/>
      </symbol>
      <symbol id="sm-be2">
         <name>I2CMasterIntEnableEx</name>
         <value>0x20011e1f</value>
         <object_component_ref idref="oc-878"/>
      </symbol>
      <symbol id="sm-be3">
         <name>I2CFIFOStatus</name>
         <value>0x20012155</value>
         <object_component_ref idref="oc-67d"/>
      </symbol>
      <symbol id="sm-be4">
         <name>I2CMasterIntStatusEx</name>
         <value>0x20011c9d</value>
         <object_component_ref idref="oc-653"/>
      </symbol>
      <symbol id="sm-be5">
         <name>I2CFIFODataGetNonBlocking</name>
         <value>0x20011ad1</value>
         <object_component_ref idref="oc-85e"/>
      </symbol>
      <symbol id="sm-c2a">
         <name>IntVTableBaseSet</name>
         <value>0x20012015</value>
         <object_component_ref idref="oc-af"/>
      </symbol>
      <symbol id="sm-c2b">
         <name>IntEnable</name>
         <value>0x2000f59d</value>
         <object_component_ref idref="oc-b5"/>
      </symbol>
      <symbol id="sm-c2c">
         <name>IntMasterDisable</name>
         <value>0x200122a9</value>
         <object_component_ref idref="oc-53"/>
      </symbol>
      <symbol id="sm-c2d">
         <name>IntPendSet</name>
         <value>0x2000fc4d</value>
         <object_component_ref idref="oc-957"/>
      </symbol>
      <symbol id="sm-c67">
         <name>PinModeGet</name>
         <value>0x200117c1</value>
         <object_component_ref idref="oc-2b5"/>
      </symbol>
      <symbol id="sm-c68">
         <name>PinConfigSet</name>
         <value>0x2000fcd5</value>
         <object_component_ref idref="oc-30e"/>
      </symbol>
      <symbol id="sm-c69">
         <name>PinModeSet</name>
         <value>0x200112b5</value>
         <object_component_ref idref="oc-2bb"/>
      </symbol>
      <symbol id="sm-c6a">
         <name>PinToPadGet</name>
         <value>0x20011d31</value>
         <object_component_ref idref="oc-925"/>
      </symbol>
      <symbol id="sm-d33">
         <name>PRCMLPDSRestoreInfoSet</name>
         <value>0x20011099</value>
         <object_component_ref idref="oc-939"/>
      </symbol>
      <symbol id="sm-d34">
         <name>PRCMPeripheralReset</name>
         <value>0x20010879</value>
         <object_component_ref idref="oc-2a9"/>
      </symbol>
      <symbol id="sm-d35">
         <name>PRCMLPDSEnter</name>
         <value>0x20010e61</value>
         <object_component_ref idref="oc-7df"/>
      </symbol>
      <symbol id="sm-d36">
         <name>PRCMPeripheralClkEnable</name>
         <value>0x20010ea9</value>
         <object_component_ref idref="oc-2a3"/>
      </symbol>
      <symbol id="sm-d37">
         <name>PRCMLPDSEnterKeepDebugIf</name>
         <value>0x20011565</value>
         <object_component_ref idref="oc-7e5"/>
      </symbol>
      <symbol id="sm-d38">
         <name>PRCMCC3200MCUInit</name>
         <value>0x2000ca91</value>
         <object_component_ref idref="oc-1db"/>
      </symbol>
      <symbol id="sm-d39">
         <name>PRCMHIBRegWrite</name>
         <value>0x20011f6d</value>
         <object_component_ref idref="oc-297"/>
      </symbol>
      <symbol id="sm-d3a">
         <name>PRCMSysResetCauseGet</name>
         <value>0x20010761</value>
         <object_component_ref idref="oc-290"/>
      </symbol>
      <symbol id="sm-d3b">
         <name>PRCMPeripheralClkDisable</name>
         <value>0x20011a59</value>
         <object_component_ref idref="oc-2af"/>
      </symbol>
      <symbol id="sm-d3c">
         <name>PRCMHIBRegRead</name>
         <value>0x20011f57</value>
         <object_component_ref idref="oc-29d"/>
      </symbol>
      <symbol id="sm-d84">
         <name>TimerLoadSet</name>
         <value>0x200119db</value>
         <object_component_ref idref="oc-6f2"/>
      </symbol>
      <symbol id="sm-d85">
         <name>TimerDisable</name>
         <value>0x20011cd9</value>
         <object_component_ref idref="oc-6e6"/>
      </symbol>
      <symbol id="sm-d86">
         <name>TimerEnable</name>
         <value>0x20011cf7</value>
         <object_component_ref idref="oc-71d"/>
      </symbol>
      <symbol id="sm-d87">
         <name>TimerIntDisable</name>
         <value>0x20011e99</value>
         <object_component_ref idref="oc-9ec"/>
      </symbol>
      <symbol id="sm-d88">
         <name>TimerPrescaleSet</name>
         <value>0x20011a05</value>
         <object_component_ref idref="oc-6ec"/>
      </symbol>
      <symbol id="sm-d89">
         <name>TimerControlStall</name>
         <value>0x200116b5</value>
         <object_component_ref idref="oc-6f8"/>
      </symbol>
      <symbol id="sm-d8a">
         <name>TimerIntEnable</name>
         <value>0x20011eb1</value>
         <object_component_ref idref="oc-711"/>
      </symbol>
      <symbol id="sm-d8b">
         <name>TimerIntClear</name>
         <value>0x200120af</value>
         <object_component_ref idref="oc-708"/>
      </symbol>
      <symbol id="sm-d9f">
         <name>UARTBusy</name>
         <value>0x20011ec9</value>
         <object_component_ref idref="oc-9ce"/>
      </symbol>
      <symbol id="sm-da0">
         <name>UARTIntEnable</name>
         <value>0x20011ee1</value>
         <object_component_ref idref="oc-a61"/>
      </symbol>
      <symbol id="sm-da4">
         <name>UtilsDelay</name>
         <value>0x200122f1</value>
         <object_component_ref idref="oc-296"/>
      </symbol>
      <symbol id="sm-db4">
         <name>FlashDisable</name>
         <value>0x20010d89</value>
         <object_component_ref idref="oc-94f"/>
      </symbol>
      <symbol id="sm-de3">
         <name>snprintf</name>
         <value>0x20010d3d</value>
         <object_component_ref idref="oc-225"/>
      </symbol>
      <symbol id="sm-ded">
         <name>__aeabi_fmul</name>
         <value>0x20010167</value>
         <object_component_ref idref="oc-390"/>
      </symbol>
      <symbol id="sm-df7">
         <name>__aeabi_f2iz</name>
         <value>0x20011645</value>
         <object_component_ref idref="oc-395"/>
      </symbol>
      <symbol id="sm-e02">
         <name>__aeabi_i2f</name>
         <value>0x2001167d</value>
         <object_component_ref idref="oc-38b"/>
      </symbol>
      <symbol id="sm-e0b">
         <name>__aeabi_lmul</name>
         <value>0x20011f29</value>
         <object_component_ref idref="oc-5c6"/>
      </symbol>
      <symbol id="sm-e26">
         <name>memcpy</name>
         <value>0x2000f96d</value>
         <object_component_ref idref="oc-3b"/>
      </symbol>
      <symbol id="sm-e27">
         <name>__aeabi_memcpy</name>
         <value>0x2000f96d</value>
         <object_component_ref idref="oc-3b"/>
      </symbol>
      <symbol id="sm-e28">
         <name>__aeabi_memcpy8</name>
         <value>0x2000f96d</value>
         <object_component_ref idref="oc-3b"/>
      </symbol>
      <symbol id="sm-e29">
         <name>__aeabi_memcpy4</name>
         <value>0x2000f96d</value>
         <object_component_ref idref="oc-3b"/>
      </symbol>
      <symbol id="sm-e36">
         <name>__aeabi_uldivmod</name>
         <value>0x2000fa09</value>
         <object_component_ref idref="oc-5bb"/>
      </symbol>
      <symbol id="sm-e48">
         <name>__TI_zero_init</name>
         <value>0x20012259</value>
         <object_component_ref idref="oc-4d"/>
      </symbol>
      <symbol id="sm-e5f">
         <name>__TI_decompress_none</name>
         <value>0x20012227</value>
         <object_component_ref idref="oc-1a"/>
      </symbol>
      <symbol id="sm-e82">
         <name>__TI_decompress_lzss</name>
         <value>0x20010505</value>
         <object_component_ref idref="oc-14"/>
      </symbol>
      <symbol id="sm-f0b">
         <name>_sys_memory</name>
         <value>0x20004040</value>
         <object_component_ref idref="oc-2a"/>
      </symbol>
      <symbol id="sm-f0c">
         <name>free</name>
         <value>0x2000ecc9</value>
         <object_component_ref idref="oc-41d"/>
      </symbol>
      <symbol id="sm-f0d">
         <name>memalign</name>
         <value>0x2000e7f1</value>
         <object_component_ref idref="oc-623"/>
      </symbol>
      <symbol id="sm-f0e">
         <name>malloc</name>
         <value>0x200122cd</value>
         <object_component_ref idref="oc-477"/>
      </symbol>
      <symbol id="sm-f0f">
         <name>aligned_alloc</name>
         <value>0x2000e7f1</value>
         <object_component_ref idref="oc-623"/>
      </symbol>
      <symbol id="sm-f21">
         <name>__stack</name>
         <value>0x20003000</value>
         <object_component_ref idref="oc-2d"/>
      </symbol>
      <symbol id="sm-f22">
         <name>_c_int00_noargs</name>
         <value>0x20011bd5</value>
         <object_component_ref idref="oc-c5"/>
      </symbol>
      <symbol id="sm-1087">
         <name>__TI_printfi</name>
         <value>0x2000c041</value>
         <object_component_ref idref="oc-39b"/>
      </symbol>
      <symbol id="sm-1091">
         <name>__aeabi_idiv0</name>
         <value>0x20011563</value>
         <object_component_ref idref="oc-7b0"/>
      </symbol>
      <symbol id="sm-1092">
         <name>__aeabi_ldiv0</name>
         <value>0x20011563</value>
         <object_component_ref idref="oc-7b0"/>
      </symbol>
      <symbol id="sm-10a9">
         <name>__aeabi_dsub</name>
         <value>0x2000d745</value>
         <object_component_ref idref="oc-74c"/>
      </symbol>
      <symbol id="sm-10aa">
         <name>__aeabi_dadd</name>
         <value>0x2000d74f</value>
         <object_component_ref idref="oc-74c"/>
      </symbol>
      <symbol id="sm-10cc">
         <name>__aeabi_cdcmpeq</name>
         <value>0x2000fd5d</value>
         <object_component_ref idref="oc-533"/>
      </symbol>
      <symbol id="sm-10cd">
         <name>__aeabi_cdcmple</name>
         <value>0x2000fd5d</value>
         <object_component_ref idref="oc-533"/>
      </symbol>
      <symbol id="sm-10ce">
         <name>__aeabi_cdrcmple</name>
         <value>0x2000fde3</value>
         <object_component_ref idref="oc-737"/>
      </symbol>
      <symbol id="sm-10e2">
         <name>__aeabi_ddiv</name>
         <value>0x2000e22d</value>
         <object_component_ref idref="oc-732"/>
      </symbol>
      <symbol id="sm-10ed">
         <name>__aeabi_dmul</name>
         <value>0x2000e9ed</value>
         <object_component_ref idref="oc-72d"/>
      </symbol>
      <symbol id="sm-10f7">
         <name>__aeabi_d2iz</name>
         <value>0x20010f81</value>
         <object_component_ref idref="oc-73c"/>
      </symbol>
      <symbol id="sm-1101">
         <name>__aeabi_i2d</name>
         <value>0x20011955</value>
         <object_component_ref idref="oc-747"/>
      </symbol>
      <symbol id="sm-1110">
         <name>__aeabi_memset</name>
         <value>0x200101e3</value>
         <object_component_ref idref="oc-9d"/>
      </symbol>
      <symbol id="sm-1111">
         <name>memset</name>
         <value>0x200101e9</value>
         <object_component_ref idref="oc-9d"/>
      </symbol>
      <symbol id="sm-1112">
         <name>__aeabi_memset8</name>
         <value>0x200101e3</value>
         <object_component_ref idref="oc-9d"/>
      </symbol>
      <symbol id="sm-1113">
         <name>__aeabi_memset4</name>
         <value>0x200101e3</value>
         <object_component_ref idref="oc-9d"/>
      </symbol>
      <symbol id="sm-1114">
         <name>__aeabi_memclr8</name>
         <value>0x200101e1</value>
         <object_component_ref idref="oc-9d"/>
      </symbol>
      <symbol id="sm-1115">
         <name>__aeabi_memclr4</name>
         <value>0x200101e1</value>
         <object_component_ref idref="oc-9d"/>
      </symbol>
      <symbol id="sm-1116">
         <name>__aeabi_memclr</name>
         <value>0x200101e1</value>
         <object_component_ref idref="oc-9d"/>
      </symbol>
      <symbol id="sm-113e">
         <name>__TI_auto_init_nobinit_nopinit</name>
         <value>0x20011231</value>
         <object_component_ref idref="oc-179"/>
      </symbol>
      <symbol id="sm-1148">
         <name>_system_pre_init</name>
         <value>0x20012307</value>
         <object_component_ref idref="oc-119"/>
      </symbol>
      <symbol id="sm-1154">
         <name>C$$EXIT</name>
         <value>0x2001230b</value>
         <object_component_ref idref="oc-16d"/>
      </symbol>
      <symbol id="sm-1155">
         <name>abort</name>
         <value>0x2001230b</value>
         <object_component_ref idref="oc-16d"/>
      </symbol>
      <symbol id="sm-116a">
         <name>_nop</name>
         <value>0x2000f0c3</value>
         <object_component_ref idref="oc-3c8"/>
      </symbol>
      <symbol id="sm-116b">
         <name>_lock</name>
         <value>0x20012978</value>
         <object_component_ref idref="oc-248"/>
      </symbol>
      <symbol id="sm-116c">
         <name>_unlock</name>
         <value>0x2001297c</value>
         <object_component_ref idref="oc-248"/>
      </symbol>
      <symbol id="sm-117b">
         <name>__TI_ltoa</name>
         <value>0x2001097f</value>
         <object_component_ref idref="oc-741"/>
      </symbol>
      <symbol id="sm-1192">
         <name>atoi</name>
         <value>0x20010ca5</value>
         <object_component_ref idref="oc-527"/>
      </symbol>
      <symbol id="sm-119d">
         <name>_ctypes_</name>
         <value>0x200129a8</value>
         <object_component_ref idref="oc-726"/>
      </symbol>
      <symbol id="sm-11ad">
         <name>memccpy</name>
         <value>0x20011d85</value>
         <object_component_ref idref="oc-550"/>
      </symbol>
      <symbol id="sm-11bd">
         <name>strchr</name>
         <value>0x20011f99</value>
         <object_component_ref idref="oc-778"/>
      </symbol>
      <symbol id="sm-11cb">
         <name>strlen</name>
         <value>0x20012065</value>
         <object_component_ref idref="oc-521"/>
      </symbol>
      <symbol id="sm-11e1">
         <name>__aeabi_errno_addr</name>
         <value>0x200122c5</value>
         <object_component_ref idref="oc-55c"/>
      </symbol>
      <symbol id="sm-11e2">
         <name>errno</name>
         <value>0x200129a0</value>
         <object_component_ref idref="oc-788"/>
      </symbol>
      <symbol id="sm-11fb">
         <name>wcslen</name>
         <value>0x200120d3</value>
         <object_component_ref idref="oc-556"/>
      </symbol>
      <symbol id="sm-121b">
         <name>frexpl</name>
         <value>0x200107c1</value>
         <object_component_ref idref="oc-76c"/>
      </symbol>
      <symbol id="sm-121c">
         <name>frexp</name>
         <value>0x200107c1</value>
         <object_component_ref idref="oc-76c"/>
      </symbol>
      <symbol id="sm-123a">
         <name>scalbn</name>
         <value>0x2000edad</value>
         <object_component_ref idref="oc-772"/>
      </symbol>
      <symbol id="sm-123b">
         <name>scalbnl</name>
         <value>0x2000edad</value>
         <object_component_ref idref="oc-772"/>
      </symbol>
      <symbol id="sm-123c">
         <name>ldexpl</name>
         <value>0x2000edad</value>
         <object_component_ref idref="oc-772"/>
      </symbol>
      <symbol id="sm-123d">
         <name>ldexp</name>
         <value>0x2000edad</value>
         <object_component_ref idref="oc-772"/>
      </symbol>
      <symbol id="sm-1247">
         <name>copysign</name>
         <value>0x2001224d</value>
         <object_component_ref idref="oc-8ef"/>
      </symbol>
      <symbol id="sm-1248">
         <name>copysignl</name>
         <value>0x2001224d</value>
         <object_component_ref idref="oc-8ef"/>
      </symbol>
      <symbol id="sm-1249">
         <name>__TI_static_base__</name>
         <value>0x20013320</value>
      </symbol>
      <symbol id="sm-124c">
         <name>ITM_flush</name>
         <value>0x0</value>
      </symbol>
      <symbol id="sm-124d">
         <name>ITM_restore</name>
         <value>0x0</value>
      </symbol>
      <symbol id="sm-124e">
         <name>__mpu_init</name>
         <value>0x0</value>
      </symbol>
      <symbol id="sm-124f">
         <name>_system_post_cinit</name>
         <value>0x0</value>
      </symbol>
      <symbol id="sm-1250">
         <name>NoRTOS_start</name>
         <value>0x200121ef</value>
      </symbol>
   </symbol_table>
   <title>Link successful</title>
</link_info>
